<?xml version="1.0"?>
<link_info>
   <banner>TMS320C6x Linker PC v7.4.23</banner>
   <copyright>Copyright (c) 1996-2017 Texas Instruments Incorporated</copyright>
   <link_time>0x5e382879</link_time>
   <output_file>ProjectFiles.out</output_file>
   <entry_point>
      <name>_c_int00</name>
      <address>0x95a0</address>
   </entry_point>
   <input_file_list>
      <input_file id="fl-2">
         <path>.\</path>
         <kind>object</kind>
         <file>dsp_bios_cfg.obj</file>
         <name>dsp_bios_cfg.obj</name>
      </input_file>
      <input_file id="fl-3">
         <path>.\</path>
         <kind>object</kind>
         <file>dsp_bios_cfg_c.obj</file>
         <name>dsp_bios_cfg_c.obj</name>
      </input_file>
      <input_file id="fl-4">
         <path>.\</path>
         <kind>object</kind>
         <file>intio.obj</file>
         <name>intio.obj</name>
      </input_file>
      <input_file id="fl-12">
         <path>C:\ti\bios_5_42_02_10\packages\ti\bios\lib\</path>
         <kind>archive</kind>
         <file>biosC6000.a67</file>
         <name>clk_htime.o67</name>
      </input_file>
      <input_file id="fl-13">
         <path>C:\ti\bios_5_42_02_10\packages\ti\bios\lib\</path>
         <kind>archive</kind>
         <file>bios.a67</file>
         <name>biosdata.o67</name>
      </input_file>
      <input_file id="fl-14">
         <path>C:\ti\bios_5_42_02_10\packages\ti\bios\lib\</path>
         <kind>archive</kind>
         <file>bios.a67</file>
         <name>hwi_disp_asm.o67</name>
      </input_file>
      <input_file id="fl-15">
         <path>C:\ti\bios_5_42_02_10\packages\ti\bios\lib\</path>
         <kind>archive</kind>
         <file>bios.a67</file>
         <name>idl_stub.o67</name>
      </input_file>
      <input_file id="fl-16">
         <path>C:\ti\bios_5_42_02_10\packages\ti\bios\lib\</path>
         <kind>archive</kind>
         <file>lnkrtdx.a67</file>
         <name>rtdx.o67</name>
      </input_file>
      <input_file id="fl-17">
         <path>C:\ti\bios_5_42_02_10\packages\ti\bios\lib\</path>
         <kind>archive</kind>
         <file>bios.a67</file>
         <name>swi.o67</name>
      </input_file>
      <input_file id="fl-18">
         <path>C:\ti\bios_5_42_02_10\packages\ti\bios\lib\</path>
         <kind>archive</kind>
         <file>bios.a67</file>
         <name>fxn_c.o67</name>
      </input_file>
      <input_file id="fl-19">
         <path>C:\ti\bios_5_42_02_10\packages\ti\bios\lib\</path>
         <kind>archive</kind>
         <file>bios.a67</file>
         <name>gbl_cslpllinit62.o67</name>
      </input_file>
      <input_file id="fl-1a">
         <path>C:\ti\bios_5_42_02_10\packages\ti\bios\lib\</path>
         <kind>archive</kind>
         <file>bios.a67</file>
         <name>knl_tick.o67</name>
      </input_file>
      <input_file id="fl-1b">
         <path>C:\ti\bios_5_42_02_10\packages\ti\bios\lib\</path>
         <kind>archive</kind>
         <file>bios.a67</file>
         <name>utl_doab.o67</name>
      </input_file>
      <input_file id="fl-1c">
         <path>C:\ti\bios_5_42_02_10\packages\ti\bios\lib\</path>
         <kind>archive</kind>
         <file>bios.a67</file>
         <name>utl_doer.o67</name>
      </input_file>
      <input_file id="fl-1d">
         <path>C:\ti\bios_5_42_02_10\packages\ti\bios\lib\</path>
         <kind>archive</kind>
         <file>bios.a67</file>
         <name>utl_putc.o67</name>
      </input_file>
      <input_file id="fl-1e">
         <path>C:\ti\bios_5_42_02_10\packages\ti\bios\lib\</path>
         <kind>archive</kind>
         <file>bios.a67</file>
         <name>utl_halt.o67</name>
      </input_file>
      <input_file id="fl-1f">
         <path>C:\ti\bios_5_42_02_10\packages\ti\bios\lib\</path>
         <kind>archive</kind>
         <file>biosC6000.a67</file>
         <name>clk.o67</name>
      </input_file>
      <input_file id="fl-20">
         <path>C:\ti\bios_5_42_02_10\packages\ti\bios\lib\</path>
         <kind>archive</kind>
         <file>bios.a67</file>
         <name>fxn.o67</name>
      </input_file>
      <input_file id="fl-21">
         <path>C:\ti\bios_5_42_02_10\packages\ti\bios\lib\</path>
         <kind>archive</kind>
         <file>bios.a67</file>
         <name>boot.o67</name>
      </input_file>
      <input_file id="fl-22">
         <path>C:\ti\bios_5_42_02_10\packages\ti\bios\lib\</path>
         <kind>archive</kind>
         <file>bios.a67</file>
         <name>trc.o67</name>
      </input_file>
      <input_file id="fl-23">
         <path>C:\ti\bios_5_42_02_10\packages\ti\bios\lib\</path>
         <kind>archive</kind>
         <file>bios.a67</file>
         <name>hwi.o67</name>
      </input_file>
      <input_file id="fl-24">
         <path>C:\ti\bios_5_42_02_10\packages\ti\bios\lib\</path>
         <kind>archive</kind>
         <file>bios.a67</file>
         <name>idl_busy.o67</name>
      </input_file>
      <input_file id="fl-25">
         <path>C:\ti\bios_5_42_02_10\packages\ti\bios\lib\</path>
         <kind>archive</kind>
         <file>biosC6000.a67</file>
         <name>idl_cal.o67</name>
      </input_file>
      <input_file id="fl-26">
         <path>C:\ti\bios_5_42_02_10\packages\ti\bios\lib\</path>
         <kind>archive</kind>
         <file>bios.a67</file>
         <name>idl.o67</name>
      </input_file>
      <input_file id="fl-27">
         <path>C:\ti\bios_5_42_02_10\packages\ti\bios\lib\</path>
         <kind>archive</kind>
         <file>bios.a67</file>
         <name>knl_swit.o67</name>
      </input_file>
      <input_file id="fl-28">
         <path>C:\ti\bios_5_42_02_10\packages\ti\bios\lib\</path>
         <kind>archive</kind>
         <file>bios.a67</file>
         <name>log.o67</name>
      </input_file>
      <input_file id="fl-29">
         <path>C:\ti\bios_5_42_02_10\packages\ti\bios\lib\</path>
         <kind>archive</kind>
         <file>bios.a67</file>
         <name>pip.o67</name>
      </input_file>
      <input_file id="fl-2a">
         <path>C:\ti\bios_5_42_02_10\packages\ti\bios\lib\</path>
         <kind>archive</kind>
         <file>bios.a67</file>
         <name>prd.o67</name>
      </input_file>
      <input_file id="fl-2b">
         <path>C:\ti\bios_5_42_02_10\packages\ti\bios\lib\</path>
         <kind>archive</kind>
         <file>bios.a67</file>
         <name>rta.o67</name>
      </input_file>
      <input_file id="fl-2c">
         <path>C:\ti\bios_5_42_02_10\packages\ti\bios\lib\</path>
         <kind>archive</kind>
         <file>bios.a67</file>
         <name>rta_andn.o67</name>
      </input_file>
      <input_file id="fl-2d">
         <path>C:\ti\bios_5_42_02_10\packages\ti\bios\lib\</path>
         <kind>archive</kind>
         <file>bios.a67</file>
         <name>sts.o67</name>
      </input_file>
      <input_file id="fl-2e">
         <path>C:\ti\bios_5_42_02_10\packages\ti\bios\lib\</path>
         <kind>archive</kind>
         <file>bios.a67</file>
         <name>clk_data.o67</name>
      </input_file>
      <input_file id="fl-2f">
         <path>C:\ti\bios_5_42_02_10\packages\ti\bios\lib\</path>
         <kind>archive</kind>
         <file>bios.a67</file>
         <name>clk_data2.o67</name>
      </input_file>
      <input_file id="fl-30">
         <path>C:\ti\bios_5_42_02_10\packages\ti\bios\lib\</path>
         <kind>archive</kind>
         <file>biosC6000.a67</file>
         <name>clk_meas.o67</name>
      </input_file>
      <input_file id="fl-31">
         <path>C:\ti\bios_5_42_02_10\packages\ti\bios\lib\</path>
         <kind>archive</kind>
         <file>biosC6000.a67</file>
         <name>clk_start.o67</name>
      </input_file>
      <input_file id="fl-32">
         <path>C:\ti\bios_5_42_02_10\packages\ti\bios\lib\</path>
         <kind>archive</kind>
         <file>biosC6000.a67</file>
         <name>clk_stop.o67</name>
      </input_file>
      <input_file id="fl-33">
         <path>C:\ti\ccsv8\C6000\dsk6713\lib\</path>
         <kind>archive</kind>
         <file>dsk6713bslccsv4.lib</file>
         <name>dsk6713_aic23_opencodec.obj</name>
      </input_file>
      <input_file id="fl-34">
         <path>C:\ti\ccsv8\C6000\dsk6713\lib\</path>
         <kind>archive</kind>
         <file>dsk6713bslccsv4.lib</file>
         <name>dsk6713_aic23_registers.obj</name>
      </input_file>
      <input_file id="fl-35">
         <path>C:\ti\ccsv8\C6000\dsk6713\lib\</path>
         <kind>archive</kind>
         <file>dsk6713bslccsv4.lib</file>
         <name>dsk6713.obj</name>
      </input_file>
      <input_file id="fl-36">
         <path>C:\ti\bios_5_42_02_10\packages\ti\bios\lib\</path>
         <kind>archive</kind>
         <file>bios.a67</file>
         <name>gbl_cslcacheinit.o67</name>
      </input_file>
      <input_file id="fl-37">
         <path>C:\ti\bios_5_42_02_10\packages\ti\bios\lib\</path>
         <kind>archive</kind>
         <file>bios.a67</file>
         <name>gbl_vers.o67</name>
      </input_file>
      <input_file id="fl-38">
         <path>C:\ti\bios_5_42_02_10\packages\ti\bios\lib\</path>
         <kind>archive</kind>
         <file>bios.a67</file>
         <name>hwi_c.o67</name>
      </input_file>
      <input_file id="fl-39">
         <path>C:\ti\ccsv8\C6000\csl\lib\</path>
         <kind>archive</kind>
         <file>csl6713.lib</file>
         <name>csl_irq.obj</name>
      </input_file>
      <input_file id="fl-3a">
         <path>C:\ti\bios_5_42_02_10\packages\ti\bios\lib\</path>
         <kind>archive</kind>
         <file>bios.a67</file>
         <name>knl.o67</name>
      </input_file>
      <input_file id="fl-3b">
         <path>C:\ti\bios_5_42_02_10\packages\ti\bios\lib\</path>
         <kind>archive</kind>
         <file>bios.a67</file>
         <name>knl_exit.o67</name>
      </input_file>
      <input_file id="fl-3c">
         <path>C:\ti\bios_5_42_02_10\packages\ti\bios\lib\</path>
         <kind>archive</kind>
         <file>bios.a67</file>
         <name>knl_chec.o67</name>
      </input_file>
      <input_file id="fl-3d">
         <path>C:\ti\bios_5_42_02_10\packages\ti\bios\lib\</path>
         <kind>archive</kind>
         <file>bios.a67</file>
         <name>knl_post.o67</name>
      </input_file>
      <input_file id="fl-3e">
         <path>C:\ti\bios_5_42_02_10\packages\ti\bios\lib\</path>
         <kind>archive</kind>
         <file>bios.a67</file>
         <name>knl_ipos.o67</name>
      </input_file>
      <input_file id="fl-3f">
         <path>C:\ti\bios_5_42_02_10\packages\ti\bios\lib\</path>
         <kind>archive</kind>
         <file>bios.a67</file>
         <name>knl_run.o67</name>
      </input_file>
      <input_file id="fl-40">
         <path>C:\ti\ccsv8\C6000\csl\lib\</path>
         <kind>archive</kind>
         <file>csl6713.lib</file>
         <name>csl_mcbsp.obj</name>
      </input_file>
      <input_file id="fl-41">
         <path>C:\ti\bios_5_42_02_10\packages\ti\bios\lib\</path>
         <kind>archive</kind>
         <file>bios.a67</file>
         <name>obj_init.o67</name>
      </input_file>
      <input_file id="fl-42">
         <path>C:\ti\bios_5_42_02_10\packages\ti\rtdx\lib\c6000\</path>
         <kind>archive</kind>
         <file>rtdx.lib</file>
         <name>buffer2.o62</name>
      </input_file>
      <input_file id="fl-43">
         <path>C:\ti\bios_5_42_02_10\packages\ti\rtdx\lib\c6000\</path>
         <kind>archive</kind>
         <file>rtdx.lib</file>
         <name>buffer1.o62</name>
      </input_file>
      <input_file id="fl-44">
         <path>C:\ti\bios_5_42_02_10\packages\ti\rtdx\lib\c6000\</path>
         <kind>archive</kind>
         <file>rtdx.lib</file>
         <name>intr_tgt.o62</name>
      </input_file>
      <input_file id="fl-45">
         <path>C:\ti\bios_5_42_02_10\packages\ti\rtdx\lib\c6000\</path>
         <kind>archive</kind>
         <file>rtdx.lib</file>
         <name>rtdx_mon.o62</name>
      </input_file>
      <input_file id="fl-46">
         <path>C:\ti\bios_5_42_02_10\packages\ti\bios\lib\</path>
         <kind>archive</kind>
         <file>bios.a67</file>
         <name>sts_set.o67</name>
      </input_file>
      <input_file id="fl-47">
         <path>C:\ti\bios_5_42_02_10\packages\ti\bios\lib\</path>
         <kind>archive</kind>
         <file>bios.a67</file>
         <name>tsk.o67</name>
      </input_file>
      <input_file id="fl-48">
         <path>C:\ti\bios_5_42_02_10\packages\ti\bios\lib\</path>
         <kind>archive</kind>
         <file>bios.a67</file>
         <name>tsk_exit.o67</name>
      </input_file>
      <input_file id="fl-49">
         <path>C:\ti\bios_5_42_02_10\packages\ti\bios\lib\</path>
         <kind>archive</kind>
         <file>bios.a67</file>
         <name>sys_exit.o67</name>
      </input_file>
      <input_file id="fl-4a">
         <path>C:\ti\bios_5_42_02_10\packages\ti\bios\lib\</path>
         <kind>archive</kind>
         <file>bios.a67</file>
         <name>sys.o67</name>
      </input_file>
      <input_file id="fl-4b">
         <path>C:\ti\bios_5_42_02_10\packages\ti\bios\lib\</path>
         <kind>archive</kind>
         <file>bios.a67</file>
         <name>tsk_init.o67</name>
      </input_file>
      <input_file id="fl-4c">
         <path>C:\ti\bios_5_42_02_10\packages\ti\bios\lib\</path>
         <kind>archive</kind>
         <file>bios.a67</file>
         <name>tsk_setu.o67</name>
      </input_file>
      <input_file id="fl-4d">
         <path>C:\ti\bios_5_42_02_10\packages\ti\bios\lib\</path>
         <kind>archive</kind>
         <file>bios.a67</file>
         <name>tsk_stup.o67</name>
      </input_file>
      <input_file id="fl-4e">
         <path>C:\ti\bios_5_42_02_10\packages\ti\bios\lib\</path>
         <kind>archive</kind>
         <file>bios.a67</file>
         <name>lck.o67</name>
      </input_file>
      <input_file id="fl-4f">
         <path>C:\ti\bios_5_42_02_10\packages\ti\bios\lib\</path>
         <kind>archive</kind>
         <file>bios.a67</file>
         <name>sem_pend_counting.o67</name>
      </input_file>
      <input_file id="fl-50">
         <path>C:\ti\bios_5_42_02_10\packages\ti\bios\lib\</path>
         <kind>archive</kind>
         <file>bios.a67</file>
         <name>sem_pend.o67</name>
      </input_file>
      <input_file id="fl-51">
         <path>C:\ti\bios_5_42_02_10\packages\ti\bios\lib\</path>
         <kind>archive</kind>
         <file>bios.a67</file>
         <name>sem_post_asm.o67</name>
      </input_file>
      <input_file id="fl-52">
         <path>C:\ti\bios_5_42_02_10\packages\ti\bios\lib\</path>
         <kind>archive</kind>
         <file>bios.a67</file>
         <name>sem_post.o67</name>
      </input_file>
      <input_file id="fl-53">
         <path>C:\ti\bios_5_42_02_10\packages\ti\bios\lib\</path>
         <kind>archive</kind>
         <file>bios.a67</file>
         <name>sys_abor.o67</name>
      </input_file>
      <input_file id="fl-54">
         <path>C:\ti\bios_5_42_02_10\packages\ti\bios\lib\</path>
         <kind>archive</kind>
         <file>bios.a67</file>
         <name>gbl_setL2CacheMode.o67</name>
      </input_file>
      <input_file id="fl-55">
         <path>C:\ti\bios_5_42_02_10\packages\ti\bios\lib\</path>
         <kind>archive</kind>
         <file>bios.a67</file>
         <name>sem_dopo.o67</name>
      </input_file>
      <input_file id="fl-56">
         <path>C:\ti\bios_5_42_02_10\packages\ti\bios\lib\</path>
         <kind>archive</kind>
         <file>bios.a67</file>
         <name>autoinit.o67</name>
      </input_file>
      <input_file id="fl-57">
         <path>C:\ti\ccsv8\tools\compiler\c6000_7.4.23\lib\</path>
         <kind>archive</kind>
         <file>rts6700.lib</file>
         <name>round.obj</name>
      </input_file>
      <input_file id="fl-58">
         <path>C:\ti\ccsv8\tools\compiler\c6000_7.4.23\lib\</path>
         <kind>archive</kind>
         <file>rts6700.lib</file>
         <name>_lock.obj</name>
      </input_file>
      <input_file id="fl-59">
         <path>C:\ti\ccsv8\tools\compiler\c6000_7.4.23\lib\</path>
         <kind>archive</kind>
         <file>rts6700.lib</file>
         <name>strasg.obj</name>
      </input_file>
      <input_file id="fl-5a">
         <path>C:\ti\ccsv8\tools\compiler\c6000_7.4.23\lib\</path>
         <kind>archive</kind>
         <file>rts6700.lib</file>
         <name>atexit.obj</name>
      </input_file>
      <input_file id="fl-5b">
         <path>C:\ti\ccsv8\tools\compiler\c6000_7.4.23\lib\</path>
         <kind>archive</kind>
         <file>rts6700.lib</file>
         <name>sinit.obj</name>
      </input_file>
      <input_file id="fl-5c">
         <path>C:\ti\ccsv8\tools\compiler\c6000_7.4.23\lib\</path>
         <kind>archive</kind>
         <file>rts6700.lib</file>
         <name>exit.obj</name>
      </input_file>
      <input_file id="fl-5d">
         <path>C:\ti\ccsv8\tools\compiler\c6000_7.4.23\lib\</path>
         <kind>archive</kind>
         <file>rts6700.lib</file>
         <name>memcpy62.obj</name>
      </input_file>
      <input_file id="fl-5e">
         <path>C:\ti\ccsv8\tools\compiler\c6000_7.4.23\lib\</path>
         <kind>archive</kind>
         <file>rts6700.lib</file>
         <name>modf.obj</name>
      </input_file>
      <input_file id="fl-5f">
         <path>C:\ti\ccsv8\C6000\dsk6713\lib\</path>
         <kind>archive</kind>
         <file>dsk6713bslccsv4.lib</file>
         <name>helper_functions_ISR.obj</name>
      </input_file>
      <input_file id="fl-60">
         <path>C:\ti\ccsv8\tools\compiler\c6000_7.4.23\lib\</path>
         <kind>archive</kind>
         <file>rts6700.lib</file>
         <name>sin.obj</name>
      </input_file>
      <input_file id="fl-61">
         <path>C:\ti\ccsv8\tools\compiler\c6000_7.4.23\lib\</path>
         <kind>archive</kind>
         <file>rts6700.lib</file>
         <name>trunc.obj</name>
      </input_file>
   </input_file_list>
   <object_component_list>
      <object_component id="oc-5d">
         <name>.vers</name>
         <load_address>0x0</load_address>
         <run_address>0x0</run_address>
         <size>0x40</size>
         <input_file_ref idref="fl-2"/>
      </object_component>
      <object_component id="oc-4d">
         <name>.clk</name>
         <uninitialized>true</uninitialized>
         <run_address>0xa4f8</run_address>
         <size>0x8</size>
         <input_file_ref idref="fl-2"/>
      </object_component>
      <object_component id="oc-7">
         <name>HWI_A_VECS</name>
         <load_address>0x0</load_address>
         <run_address>0x0</run_address>
         <size>0x0</size>
      </object_component>
      <object_component id="oc-52">
         <name>.hwi_vec</name>
         <load_address>0x0</load_address>
         <run_address>0x0</run_address>
         <size>0x200</size>
         <input_file_ref idref="fl-2"/>
      </object_component>
      <object_component id="oc-53">
         <name>.swi</name>
         <uninitialized>true</uninitialized>
         <run_address>0xa930</run_address>
         <size>0x2c</size>
         <input_file_ref idref="fl-2"/>
      </object_component>
      <object_component id="oc-56">
         <name>.tsk</name>
         <uninitialized>true</uninitialized>
         <run_address>0xa440</run_address>
         <size>0x60</size>
         <input_file_ref idref="fl-2"/>
      </object_component>
      <object_component id="oc-59">
         <name>.idl</name>
         <uninitialized>true</uninitialized>
         <run_address>0xa994</run_address>
         <size>0x10</size>
         <input_file_ref idref="fl-2"/>
      </object_component>
      <object_component id="oc-58">
         <name>.idlcal</name>
         <uninitialized>true</uninitialized>
         <run_address>0xa9a4</run_address>
         <size>0x10</size>
         <input_file_ref idref="fl-2"/>
      </object_component>
      <object_component id="oc-48">
         <name>.bss</name>
         <uninitialized>true</uninitialized>
         <run_address>0xa1c8</run_address>
         <size>0x18</size>
         <input_file_ref idref="fl-2"/>
      </object_component>
      <object_component id="oc-63">
         <name>.bss</name>
         <uninitialized>true</uninitialized>
         <run_address>0xa238</run_address>
         <size>0x4</size>
         <input_file_ref idref="fl-4"/>
      </object_component>
      <object_component id="oc-6d">
         <name>.bss</name>
         <uninitialized>true</uninitialized>
         <run_address>0xa000</run_address>
         <size>0xcc</size>
         <input_file_ref idref="fl-13"/>
      </object_component>
      <object_component id="oc-6f">
         <name>.bss</name>
         <uninitialized>true</uninitialized>
         <run_address>0x9f00</run_address>
         <size>0x100</size>
         <input_file_ref idref="fl-14"/>
      </object_component>
      <object_component id="oc-76">
         <name>.bss</name>
         <uninitialized>true</uninitialized>
         <run_address>0xa1e0</run_address>
         <size>0x18</size>
         <input_file_ref idref="fl-16"/>
      </object_component>
      <object_component id="oc-7c">
         <name>.bss</name>
         <uninitialized>true</uninitialized>
         <run_address>0xa0cc</run_address>
         <size>0x9c</size>
         <input_file_ref idref="fl-17"/>
      </object_component>
      <object_component id="oc-aa">
         <name>.bss</name>
         <uninitialized>true</uninitialized>
         <run_address>0xa1b0</run_address>
         <size>0x18</size>
         <input_file_ref idref="fl-23"/>
      </object_component>
      <object_component id="oc-ac">
         <name>.bss</name>
         <uninitialized>true</uninitialized>
         <run_address>0xa234</run_address>
         <size>0x4</size>
         <input_file_ref idref="fl-24"/>
      </object_component>
      <object_component id="oc-d8">
         <name>.bss</name>
         <uninitialized>true</uninitialized>
         <run_address>0xa214</run_address>
         <size>0x8</size>
         <input_file_ref idref="fl-2e"/>
      </object_component>
      <object_component id="oc-db">
         <name>.bss</name>
         <uninitialized>true</uninitialized>
         <run_address>0xa22c</run_address>
         <size>0x4</size>
         <input_file_ref idref="fl-2f"/>
      </object_component>
      <object_component id="oc-ea">
         <name>.bss</name>
         <uninitialized>true</uninitialized>
         <run_address>0xa224</run_address>
         <size>0x8</size>
         <input_file_ref idref="fl-33"/>
      </object_component>
      <object_component id="oc-f6">
         <name>.bss</name>
         <uninitialized>true</uninitialized>
         <run_address>0xa23c</run_address>
         <size>0x2</size>
         <input_file_ref idref="fl-35"/>
      </object_component>
      <object_component id="oc-10e">
         <name>.bss</name>
         <uninitialized>true</uninitialized>
         <run_address>0xa168</run_address>
         <size>0x48</size>
         <input_file_ref idref="fl-3a"/>
      </object_component>
      <object_component id="oc-135">
         <name>.bss</name>
         <uninitialized>true</uninitialized>
         <run_address>0xa1f8</run_address>
         <size>0x10</size>
         <input_file_ref idref="fl-43"/>
      </object_component>
      <object_component id="oc-149">
         <name>.bss</name>
         <uninitialized>true</uninitialized>
         <run_address>0xa208</run_address>
         <size>0xc</size>
         <input_file_ref idref="fl-47"/>
      </object_component>
      <object_component id="oc-157">
         <name>.bss</name>
         <uninitialized>true</uninitialized>
         <run_address>0xa21c</run_address>
         <size>0x8</size>
         <input_file_ref idref="fl-4a"/>
      </object_component>
      <object_component id="oc-184">
         <name>.bss</name>
         <uninitialized>true</uninitialized>
         <run_address>0xa230</run_address>
         <size>0x4</size>
         <input_file_ref idref="fl-54"/>
      </object_component>
      <object_component id="oc-66">
         <name>.far</name>
         <uninitialized>true</uninitialized>
         <run_address>0x8320</run_address>
         <size>0x628</size>
         <input_file_ref idref="fl-4"/>
      </object_component>
      <object_component id="oc-89">
         <name>.far</name>
         <uninitialized>true</uninitialized>
         <run_address>0x8e60</run_address>
         <size>0x10</size>
         <input_file_ref idref="fl-1a"/>
      </object_component>
      <object_component id="oc-96">
         <name>.far</name>
         <uninitialized>true</uninitialized>
         <run_address>0x8e70</run_address>
         <size>0xc</size>
         <input_file_ref idref="fl-1d"/>
      </object_component>
      <object_component id="oc-f2">
         <name>.far</name>
         <uninitialized>true</uninitialized>
         <run_address>0x8e18</run_address>
         <size>0x28</size>
         <input_file_ref idref="fl-34"/>
      </object_component>
      <object_component id="oc-10a">
         <name>.far</name>
         <uninitialized>true</uninitialized>
         <run_address>0x8ad0</run_address>
         <size>0xf4</size>
         <input_file_ref idref="fl-39"/>
      </object_component>
      <object_component id="oc-111">
         <name>.far</name>
         <uninitialized>true</uninitialized>
         <run_address>0x8bc4</run_address>
         <size>0xd8</size>
         <input_file_ref idref="fl-3a"/>
      </object_component>
      <object_component id="oc-128">
         <name>.far</name>
         <uninitialized>true</uninitialized>
         <run_address>0x8de0</run_address>
         <size>0x38</size>
         <input_file_ref idref="fl-40"/>
      </object_component>
      <object_component id="oc-12e">
         <name>.far</name>
         <uninitialized>true</uninitialized>
         <run_address>0x8cf8</run_address>
         <size>0x54</size>
         <input_file_ref idref="fl-41"/>
      </object_component>
      <object_component id="oc-14c">
         <name>.far</name>
         <uninitialized>true</uninitialized>
         <run_address>0x8c9c</run_address>
         <size>0x5c</size>
         <input_file_ref idref="fl-47"/>
      </object_component>
      <object_component id="oc-15a">
         <name>.far</name>
         <uninitialized>true</uninitialized>
         <run_address>0x8e40</run_address>
         <size>0x20</size>
         <input_file_ref idref="fl-4a"/>
      </object_component>
      <object_component id="oc-167">
         <name>.far</name>
         <uninitialized>true</uninitialized>
         <run_address>0x8d4c</run_address>
         <size>0x50</size>
         <input_file_ref idref="fl-4d"/>
      </object_component>
      <object_component id="oc-197">
         <name>.far</name>
         <uninitialized>true</uninitialized>
         <run_address>0x8e88</run_address>
         <size>0x8</size>
         <input_file_ref idref="fl-58"/>
      </object_component>
      <object_component id="oc-19f">
         <name>.far</name>
         <uninitialized>true</uninitialized>
         <run_address>0x8948</run_address>
         <size>0x188</size>
         <input_file_ref idref="fl-5a"/>
      </object_component>
      <object_component id="oc-1a4">
         <name>.far</name>
         <uninitialized>true</uninitialized>
         <run_address>0x8d9c</run_address>
         <size>0x4</size>
         <input_file_ref idref="fl-5b"/>
      </object_component>
      <object_component id="oc-1a9">
         <name>.far</name>
         <uninitialized>true</uninitialized>
         <run_address>0x8e7c</run_address>
         <size>0xc</size>
         <input_file_ref idref="fl-5c"/>
      </object_component>
      <object_component id="oc-1b8">
         <name>.far</name>
         <uninitialized>true</uninitialized>
         <run_address>0x8da0</run_address>
         <size>0x40</size>
         <input_file_ref idref="fl-60"/>
      </object_component>
      <object_component id="oc-78">
         <name>.bios</name>
         <load_address>0x200</load_address>
         <run_address>0x200</run_address>
         <size>0x600</size>
         <input_file_ref idref="fl-16"/>
      </object_component>
      <object_component id="oc-187">
         <name>.bios</name>
         <load_address>0x800</load_address>
         <run_address>0x800</run_address>
         <size>0x5e0</size>
         <input_file_ref idref="fl-54"/>
      </object_component>
      <object_component id="oc-40">
         <name>.bios</name>
         <load_address>0xde0</load_address>
         <run_address>0xde0</run_address>
         <size>0x540</size>
         <input_file_ref idref="fl-17"/>
      </object_component>
      <object_component id="oc-41">
         <name>.bios</name>
         <load_address>0x1320</load_address>
         <run_address>0x1320</run_address>
         <size>0x460</size>
         <input_file_ref idref="fl-14"/>
      </object_component>
      <object_component id="oc-c7">
         <name>.bios</name>
         <load_address>0x1780</load_address>
         <run_address>0x1780</run_address>
         <size>0x3a0</size>
         <input_file_ref idref="fl-2a"/>
      </object_component>
      <object_component id="oc-124">
         <name>.bios</name>
         <load_address>0x1b20</load_address>
         <run_address>0x1b20</run_address>
         <size>0x2c0</size>
         <input_file_ref idref="fl-3f"/>
      </object_component>
      <object_component id="oc-cc">
         <name>.bios</name>
         <load_address>0x1de0</load_address>
         <run_address>0x1de0</run_address>
         <size>0x2c0</size>
         <input_file_ref idref="fl-2b"/>
      </object_component>
      <object_component id="oc-175">
         <name>.bios</name>
         <load_address>0x20a0</load_address>
         <run_address>0x20a0</run_address>
         <size>0x2c0</size>
         <input_file_ref idref="fl-50"/>
      </object_component>
      <object_component id="oc-44">
         <name>.bios</name>
         <load_address>0x2360</load_address>
         <run_address>0x2360</run_address>
         <size>0x260</size>
         <input_file_ref idref="fl-1a"/>
      </object_component>
      <object_component id="oc-c3">
         <name>.bios</name>
         <load_address>0x25c0</load_address>
         <run_address>0x25c0</run_address>
         <size>0x240</size>
         <input_file_ref idref="fl-29"/>
      </object_component>
      <object_component id="oc-18b">
         <name>.bios</name>
         <load_address>0x2800</load_address>
         <run_address>0x2800</run_address>
         <size>0x220</size>
         <input_file_ref idref="fl-55"/>
      </object_component>
      <object_component id="oc-161">
         <name>.bios</name>
         <load_address>0x2a20</load_address>
         <run_address>0x2a20</run_address>
         <size>0x200</size>
         <input_file_ref idref="fl-4c"/>
      </object_component>
      <object_component id="oc-bb">
         <name>.bios</name>
         <load_address>0x2c20</load_address>
         <run_address>0x2c20</run_address>
         <size>0x1c0</size>
         <input_file_ref idref="fl-27"/>
      </object_component>
      <object_component id="oc-9c">
         <name>.bios</name>
         <load_address>0x2de0</load_address>
         <run_address>0x2de0</run_address>
         <size>0x1c0</size>
         <input_file_ref idref="fl-1f"/>
      </object_component>
      <object_component id="oc-150">
         <name>.bios</name>
         <load_address>0x2fa0</load_address>
         <run_address>0x2fa0</run_address>
         <size>0x1a0</size>
         <input_file_ref idref="fl-48"/>
      </object_component>
      <object_component id="oc-18f">
         <name>.bios</name>
         <load_address>0x3140</load_address>
         <run_address>0x3140</run_address>
         <size>0x180</size>
         <input_file_ref idref="fl-56"/>
      </object_component>
      <object_component id="oc-168">
         <name>.bios</name>
         <load_address>0x32c0</load_address>
         <run_address>0x32c0</run_address>
         <size>0x180</size>
         <input_file_ref idref="fl-4d"/>
      </object_component>
      <object_component id="oc-117">
         <name>.bios</name>
         <load_address>0x3440</load_address>
         <run_address>0x3440</run_address>
         <size>0x140</size>
         <input_file_ref idref="fl-3c"/>
      </object_component>
      <object_component id="oc-fd">
         <name>.bios</name>
         <load_address>0x3580</load_address>
         <run_address>0x3580</run_address>
         <size>0xe0</size>
         <input_file_ref idref="fl-36"/>
      </object_component>
      <object_component id="oc-114">
         <name>.bios</name>
         <load_address>0x3660</load_address>
         <run_address>0x3660</run_address>
         <size>0xe0</size>
         <input_file_ref idref="fl-3b"/>
      </object_component>
      <object_component id="oc-17d">
         <name>.bios</name>
         <load_address>0x3740</load_address>
         <run_address>0x3740</run_address>
         <size>0xe0</size>
         <input_file_ref idref="fl-52"/>
      </object_component>
      <object_component id="oc-178">
         <name>.bios</name>
         <load_address>0x3820</load_address>
         <run_address>0x3820</run_address>
         <size>0xe0</size>
         <input_file_ref idref="fl-51"/>
      </object_component>
      <object_component id="oc-de">
         <name>.bios</name>
         <load_address>0x3900</load_address>
         <run_address>0x3900</run_address>
         <size>0xe0</size>
         <input_file_ref idref="fl-30"/>
      </object_component>
      <object_component id="oc-120">
         <name>.bios</name>
         <load_address>0x39e0</load_address>
         <run_address>0x39e0</run_address>
         <size>0xc0</size>
         <input_file_ref idref="fl-3e"/>
      </object_component>
      <object_component id="oc-11c">
         <name>.bios</name>
         <load_address>0x3aa0</load_address>
         <run_address>0x3aa0</run_address>
         <size>0xc0</size>
         <input_file_ref idref="fl-3d"/>
      </object_component>
      <object_component id="oc-16d">
         <name>.bios</name>
         <load_address>0x3b60</load_address>
         <run_address>0x3b60</run_address>
         <size>0xc0</size>
         <input_file_ref idref="fl-4e"/>
      </object_component>
      <object_component id="oc-154">
         <name>.bios</name>
         <load_address>0x3c20</load_address>
         <run_address>0x3c20</run_address>
         <size>0xc0</size>
         <input_file_ref idref="fl-49"/>
      </object_component>
      <object_component id="oc-42">
         <name>.bios</name>
         <load_address>0x3ce0</load_address>
         <run_address>0x3ce0</run_address>
         <size>0xc0</size>
         <input_file_ref idref="fl-12"/>
      </object_component>
      <object_component id="oc-a0">
         <name>.bios</name>
         <load_address>0x3da0</load_address>
         <run_address>0x3da0</run_address>
         <size>0x80</size>
         <input_file_ref idref="fl-20"/>
      </object_component>
      <object_component id="oc-ae">
         <name>.bios</name>
         <load_address>0x3e20</load_address>
         <run_address>0x3e20</run_address>
         <size>0x80</size>
         <input_file_ref idref="fl-24"/>
      </object_component>
      <object_component id="oc-bf">
         <name>.bios</name>
         <load_address>0x3ea0</load_address>
         <run_address>0x3ea0</run_address>
         <size>0x80</size>
         <input_file_ref idref="fl-28"/>
      </object_component>
      <object_component id="oc-d4">
         <name>.bios</name>
         <load_address>0x3f20</load_address>
         <run_address>0x3f20</run_address>
         <size>0x80</size>
         <input_file_ref idref="fl-2d"/>
      </object_component>
      <object_component id="oc-b2">
         <name>.bios</name>
         <load_address>0x3fa0</load_address>
         <run_address>0x3fa0</run_address>
         <size>0x80</size>
         <input_file_ref idref="fl-25"/>
      </object_component>
      <object_component id="oc-104">
         <name>.bios</name>
         <load_address>0x4020</load_address>
         <run_address>0x4020</run_address>
         <size>0x60</size>
         <input_file_ref idref="fl-38"/>
      </object_component>
      <object_component id="oc-170">
         <name>.bios</name>
         <load_address>0x4080</load_address>
         <run_address>0x4080</run_address>
         <size>0x60</size>
         <input_file_ref idref="fl-4f"/>
      </object_component>
      <object_component id="oc-181">
         <name>.bios</name>
         <load_address>0x40e0</load_address>
         <run_address>0x40e0</run_address>
         <size>0x60</size>
         <input_file_ref idref="fl-53"/>
      </object_component>
      <object_component id="oc-43">
         <name>.bios</name>
         <load_address>0x4140</load_address>
         <run_address>0x4140</run_address>
         <size>0x60</size>
         <input_file_ref idref="fl-1d"/>
      </object_component>
      <object_component id="oc-e2">
         <name>.bios</name>
         <load_address>0x41a0</load_address>
         <run_address>0x41a0</run_address>
         <size>0x60</size>
         <input_file_ref idref="fl-31"/>
      </object_component>
      <object_component id="oc-3d">
         <name>.bios</name>
         <load_address>0x4200</load_address>
         <run_address>0x4200</run_address>
         <size>0x40</size>
         <input_file_ref idref="fl-15"/>
      </object_component>
      <object_component id="oc-d0">
         <name>.bios</name>
         <load_address>0x4240</load_address>
         <run_address>0x4240</run_address>
         <size>0x40</size>
         <input_file_ref idref="fl-2c"/>
      </object_component>
      <object_component id="oc-3c">
         <name>.bios</name>
         <load_address>0x4280</load_address>
         <run_address>0x4280</run_address>
         <size>0x40</size>
         <input_file_ref idref="fl-1b"/>
      </object_component>
      <object_component id="oc-e6">
         <name>.bios</name>
         <load_address>0x42c0</load_address>
         <run_address>0x42c0</run_address>
         <size>0x40</size>
         <input_file_ref idref="fl-32"/>
      </object_component>
      <object_component id="oc-47">
         <name>.bios</name>
         <load_address>0x4300</load_address>
         <run_address>0x4300</run_address>
         <size>0x20</size>
         <input_file_ref idref="fl-18"/>
      </object_component>
      <object_component id="oc-100">
         <name>.bios</name>
         <load_address>0x4320</load_address>
         <run_address>0x4320</run_address>
         <size>0x20</size>
         <input_file_ref idref="fl-37"/>
      </object_component>
      <object_component id="oc-b6">
         <name>.bios</name>
         <load_address>0x4340</load_address>
         <run_address>0x4340</run_address>
         <size>0x20</size>
         <input_file_ref idref="fl-26"/>
      </object_component>
      <object_component id="oc-145">
         <name>.bios</name>
         <load_address>0x4360</load_address>
         <run_address>0x4360</run_address>
         <size>0x20</size>
         <input_file_ref idref="fl-46"/>
      </object_component>
      <object_component id="oc-46">
         <name>.bios</name>
         <load_address>0x4380</load_address>
         <run_address>0x4380</run_address>
         <size>0x20</size>
         <input_file_ref idref="fl-1c"/>
      </object_component>
      <object_component id="oc-45">
         <name>.bios</name>
         <load_address>0x43a0</load_address>
         <run_address>0x43a0</run_address>
         <size>0x20</size>
         <input_file_ref idref="fl-1e"/>
      </object_component>
      <object_component id="oc-139">
         <name>.pinit</name>
         <load_address>0xa9c4</load_address>
         <run_address>0xa9c4</run_address>
         <size>0x4</size>
         <input_file_ref idref="fl-43"/>
      </object_component>
      <object_component id="oc-142">
         <name>.pinit</name>
         <load_address>0xa9c8</load_address>
         <run_address>0xa9c8</run_address>
         <size>0x4</size>
         <input_file_ref idref="fl-45"/>
      </object_component>
      <object_component id="oc-4c">
         <name>.sys</name>
         <uninitialized>true</uninitialized>
         <run_address>0xa9b4</run_address>
         <size>0x10</size>
         <input_file_ref idref="fl-2"/>
      </object_component>
      <object_component id="oc-1c8">
         <name>.text</name>
         <load_address>0x43c0</load_address>
         <run_address>0x43c0</run_address>
         <size>0x480</size>
         <input_file_ref idref="fl-35"/>
      </object_component>
      <object_component id="oc-1be">
         <name>.text</name>
         <load_address>0x4840</load_address>
         <run_address>0x4840</run_address>
         <size>0x300</size>
         <input_file_ref idref="fl-4"/>
      </object_component>
      <object_component id="oc-1d0">
         <name>.text:_sin</name>
         <load_address>0x4b40</load_address>
         <run_address>0x4b40</run_address>
         <size>0x2e0</size>
         <input_file_ref idref="fl-60"/>
      </object_component>
      <object_component id="oc-1c9">
         <name>.text</name>
         <load_address>0x4e20</load_address>
         <run_address>0x4e20</run_address>
         <size>0x2e0</size>
         <input_file_ref idref="fl-33"/>
      </object_component>
      <object_component id="oc-1c6">
         <name>.text:_memcpy</name>
         <load_address>0x5100</load_address>
         <run_address>0x5100</run_address>
         <size>0x240</size>
         <input_file_ref idref="fl-5d"/>
      </object_component>
      <object_component id="oc-1cc">
         <name>.text:_IRQ_map</name>
         <load_address>0x5340</load_address>
         <run_address>0x5340</run_address>
         <size>0x1c0</size>
         <input_file_ref idref="fl-39"/>
      </object_component>
      <object_component id="oc-1e4">
         <name>.text:_MCBSP_reset</name>
         <load_address>0x5500</load_address>
         <run_address>0x5500</run_address>
         <size>0x1a0</size>
         <input_file_ref idref="fl-40"/>
      </object_component>
      <object_component id="oc-3e">
         <name>.text</name>
         <load_address>0x56a0</load_address>
         <run_address>0x56a0</run_address>
         <size>0x180</size>
         <input_file_ref idref="fl-19"/>
      </object_component>
      <object_component id="oc-1db">
         <name>.text</name>
         <load_address>0x5820</load_address>
         <run_address>0x5820</run_address>
         <size>0x180</size>
         <input_file_ref idref="fl-34"/>
      </object_component>
      <object_component id="oc-1e5">
         <name>.text:_call_dtors</name>
         <load_address>0x59a0</load_address>
         <run_address>0x59a0</run_address>
         <size>0x160</size>
         <input_file_ref idref="fl-5b"/>
      </object_component>
      <object_component id="oc-1d8">
         <name>.text:__strasgi</name>
         <load_address>0x5b00</load_address>
         <run_address>0x5b00</run_address>
         <size>0x140</size>
         <input_file_ref idref="fl-59"/>
      </object_component>
      <object_component id="oc-1d9">
         <name>.text:_MCBSP_open</name>
         <load_address>0x5c40</load_address>
         <run_address>0x5c40</run_address>
         <size>0x100</size>
         <input_file_ref idref="fl-40"/>
      </object_component>
      <object_component id="oc-1da">
         <name>.text:_MCBSP_start</name>
         <load_address>0x5d40</load_address>
         <run_address>0x5d40</run_address>
         <size>0x100</size>
         <input_file_ref idref="fl-40"/>
      </object_component>
      <object_component id="oc-1d1">
         <name>.text:__nround</name>
         <load_address>0x5e40</load_address>
         <run_address>0x5e40</run_address>
         <size>0xe0</size>
         <input_file_ref idref="fl-57"/>
      </object_component>
      <object_component id="oc-1d6">
         <name>.text:_atexit</name>
         <load_address>0x5f20</load_address>
         <run_address>0x5f20</run_address>
         <size>0xe0</size>
         <input_file_ref idref="fl-5a"/>
      </object_component>
      <object_component id="oc-1de">
         <name>.text:_modf</name>
         <load_address>0x6000</load_address>
         <run_address>0x6000</run_address>
         <size>0xe0</size>
         <input_file_ref idref="fl-5e"/>
      </object_component>
      <object_component id="oc-1cf">
         <name>.text</name>
         <load_address>0x60e0</load_address>
         <run_address>0x60e0</run_address>
         <size>0xe0</size>
         <input_file_ref idref="fl-5f"/>
      </object_component>
      <object_component id="oc-164">
         <name>.text</name>
         <load_address>0x61c0</load_address>
         <run_address>0x61c0</run_address>
         <size>0xc0</size>
         <input_file_ref idref="fl-4d"/>
      </object_component>
      <object_component id="oc-1dc">
         <name>.text:_setMux</name>
         <load_address>0x6280</load_address>
         <run_address>0x6280</run_address>
         <size>0xa0</size>
         <input_file_ref idref="fl-39"/>
      </object_component>
      <object_component id="oc-1cd">
         <name>.text:_IRQ_enable</name>
         <load_address>0x6320</load_address>
         <run_address>0x6320</run_address>
         <size>0x40</size>
         <input_file_ref idref="fl-39"/>
      </object_component>
      <object_component id="oc-1e3">
         <name>.text:___add_dtor</name>
         <load_address>0x6360</load_address>
         <run_address>0x6360</run_address>
         <size>0x40</size>
         <input_file_ref idref="fl-5b"/>
      </object_component>
      <object_component id="oc-1dd">
         <name>.text:__trunc</name>
         <load_address>0x63a0</load_address>
         <run_address>0x63a0</run_address>
         <size>0x40</size>
         <input_file_ref idref="fl-61"/>
      </object_component>
      <object_component id="oc-1ca">
         <name>.text:_IRQ_globalDisable</name>
         <load_address>0x63e0</load_address>
         <run_address>0x63e0</run_address>
         <size>0x20</size>
         <input_file_ref idref="fl-39"/>
      </object_component>
      <object_component id="oc-1ce">
         <name>.text:_IRQ_globalEnable</name>
         <load_address>0x6400</load_address>
         <run_address>0x6400</run_address>
         <size>0x20</size>
         <input_file_ref idref="fl-39"/>
      </object_component>
      <object_component id="oc-1cb">
         <name>.text:_IRQ_nmiEnable</name>
         <load_address>0x6420</load_address>
         <run_address>0x6420</run_address>
         <size>0x20</size>
         <input_file_ref idref="fl-39"/>
      </object_component>
      <object_component id="oc-1c7">
         <name>.text:__nop</name>
         <load_address>0x6440</load_address>
         <run_address>0x6440</run_address>
         <size>0x20</size>
         <input_file_ref idref="fl-58"/>
      </object_component>
      <object_component id="oc-1c4">
         <name>.text:__register_lock</name>
         <load_address>0x6460</load_address>
         <run_address>0x6460</run_address>
         <size>0x20</size>
         <input_file_ref idref="fl-58"/>
      </object_component>
      <object_component id="oc-1c5">
         <name>.text:__register_unlock</name>
         <load_address>0x6480</load_address>
         <run_address>0x6480</run_address>
         <size>0x20</size>
         <input_file_ref idref="fl-58"/>
      </object_component>
      <object_component id="oc-108">
         <name>.text</name>
         <load_address>0x64a0</load_address>
         <run_address>0x64a0</run_address>
         <size>0x20</size>
         <input_file_ref idref="fl-39"/>
      </object_component>
      <object_component id="oc-4a">
         <name>.cinit</name>
         <load_address>0x64c0</load_address>
         <run_address>0x64c0</run_address>
         <size>0x564</size>
         <input_file_ref idref="fl-2"/>
      </object_component>
      <object_component id="oc-6e">
         <name>.cinit</name>
         <load_address>0x6a28</load_address>
         <run_address>0x6a28</run_address>
         <size>0x26c</size>
         <input_file_ref idref="fl-13"/>
      </object_component>
      <object_component id="oc-110">
         <name>.cinit</name>
         <load_address>0x6c98</load_address>
         <run_address>0x6c98</run_address>
         <size>0x1a4</size>
         <input_file_ref idref="fl-3a"/>
      </object_component>
      <object_component id="oc-109">
         <name>.cinit</name>
         <load_address>0x6e40</load_address>
         <run_address>0x6e40</run_address>
         <size>0x12c</size>
         <input_file_ref idref="fl-39"/>
      </object_component>
      <object_component id="oc-7d">
         <name>.cinit</name>
         <load_address>0x6f70</load_address>
         <run_address>0x6f70</run_address>
         <size>0xb0</size>
         <input_file_ref idref="fl-17"/>
      </object_component>
      <object_component id="oc-14b">
         <name>.cinit</name>
         <load_address>0x7020</load_address>
         <run_address>0x7020</run_address>
         <size>0x80</size>
         <input_file_ref idref="fl-47"/>
      </object_component>
      <object_component id="oc-166">
         <name>.cinit</name>
         <load_address>0x70a0</load_address>
         <run_address>0x70a0</run_address>
         <size>0x60</size>
         <input_file_ref idref="fl-4d"/>
      </object_component>
      <object_component id="oc-77">
         <name>.cinit</name>
         <load_address>0x7100</load_address>
         <run_address>0x7100</run_address>
         <size>0x5c</size>
         <input_file_ref idref="fl-16"/>
      </object_component>
      <object_component id="oc-127">
         <name>.cinit</name>
         <load_address>0x7160</load_address>
         <run_address>0x7160</run_address>
         <size>0x54</size>
         <input_file_ref idref="fl-40"/>
      </object_component>
      <object_component id="oc-cb">
         <name>.cinit</name>
         <load_address>0x71b8</load_address>
         <run_address>0x71b8</run_address>
         <size>0x4c</size>
         <input_file_ref idref="fl-2b"/>
      </object_component>
      <object_component id="oc-137">
         <name>.cinit</name>
         <load_address>0x7208</load_address>
         <run_address>0x7208</run_address>
         <size>0x4c</size>
         <input_file_ref idref="fl-43"/>
      </object_component>
      <object_component id="oc-1b7">
         <name>.cinit</name>
         <load_address>0x7258</load_address>
         <run_address>0x7258</run_address>
         <size>0x48</size>
         <input_file_ref idref="fl-60"/>
      </object_component>
      <object_component id="oc-ab">
         <name>.cinit</name>
         <load_address>0x72a0</load_address>
         <run_address>0x72a0</run_address>
         <size>0x34</size>
         <input_file_ref idref="fl-23"/>
      </object_component>
      <object_component id="oc-f1">
         <name>.cinit</name>
         <load_address>0x72d8</load_address>
         <run_address>0x72d8</run_address>
         <size>0x30</size>
         <input_file_ref idref="fl-34"/>
      </object_component>
      <object_component id="oc-65">
         <name>.cinit</name>
         <load_address>0x7308</load_address>
         <run_address>0x7308</run_address>
         <size>0x30</size>
         <input_file_ref idref="fl-4"/>
      </object_component>
      <object_component id="oc-95">
         <name>.cinit</name>
         <load_address>0x7338</load_address>
         <run_address>0x7338</run_address>
         <size>0x2c</size>
         <input_file_ref idref="fl-1d"/>
      </object_component>
      <object_component id="oc-1a8">
         <name>.cinit</name>
         <load_address>0x7368</load_address>
         <run_address>0x7368</run_address>
         <size>0x2c</size>
         <input_file_ref idref="fl-5c"/>
      </object_component>
      <object_component id="oc-12d">
         <name>.cinit</name>
         <load_address>0x7398</load_address>
         <run_address>0x7398</run_address>
         <size>0x24</size>
         <input_file_ref idref="fl-41"/>
      </object_component>
      <object_component id="oc-159">
         <name>.cinit</name>
         <load_address>0x73c0</load_address>
         <run_address>0x73c0</run_address>
         <size>0x1c</size>
         <input_file_ref idref="fl-4a"/>
      </object_component>
      <object_component id="oc-196">
         <name>.cinit</name>
         <load_address>0x73e0</load_address>
         <run_address>0x73e0</run_address>
         <size>0x1c</size>
         <input_file_ref idref="fl-58"/>
      </object_component>
      <object_component id="oc-19e">
         <name>.cinit</name>
         <load_address>0x7400</load_address>
         <run_address>0x7400</run_address>
         <size>0x1c</size>
         <input_file_ref idref="fl-5a"/>
      </object_component>
      <object_component id="oc-88">
         <name>.cinit</name>
         <load_address>0x7420</load_address>
         <run_address>0x7420</run_address>
         <size>0x18</size>
         <input_file_ref idref="fl-1a"/>
      </object_component>
      <object_component id="oc-186">
         <name>.cinit</name>
         <load_address>0x7438</load_address>
         <run_address>0x7438</run_address>
         <size>0xc</size>
         <input_file_ref idref="fl-54"/>
      </object_component>
      <object_component id="oc-ad">
         <name>.cinit</name>
         <load_address>0x7448</load_address>
         <run_address>0x7448</run_address>
         <size>0xc</size>
         <input_file_ref idref="fl-24"/>
      </object_component>
      <object_component id="oc-ba">
         <name>.cinit</name>
         <load_address>0x7458</load_address>
         <run_address>0x7458</run_address>
         <size>0xc</size>
         <input_file_ref idref="fl-27"/>
      </object_component>
      <object_component id="oc-1a3">
         <name>.cinit</name>
         <load_address>0x7468</load_address>
         <run_address>0x7468</run_address>
         <size>0xc</size>
         <input_file_ref idref="fl-5b"/>
      </object_component>
      <object_component id="oc-1d3">
         <name>.switch</name>
         <load_address>0xa95c</load_address>
         <run_address>0xa95c</run_address>
         <size>0x28</size>
         <input_file_ref idref="fl-45"/>
      </object_component>
      <object_component id="oc-49">
         <name>.gblinit</name>
         <load_address>0xa4a0</load_address>
         <run_address>0xa4a0</run_address>
         <size>0x40</size>
         <input_file_ref idref="fl-2"/>
      </object_component>
      <object_component id="oc-5c">
         <name>.sysinit</name>
         <load_address>0x92e0</load_address>
         <run_address>0x92e0</run_address>
         <size>0x2c0</size>
         <input_file_ref idref="fl-2"/>
      </object_component>
      <object_component id="oc-3f">
         <name>.sysinit</name>
         <load_address>0x95a0</load_address>
         <run_address>0x95a0</run_address>
         <size>0xc0</size>
         <input_file_ref idref="fl-21"/>
      </object_component>
      <object_component id="oc-15d">
         <name>.sysinit</name>
         <load_address>0x9660</load_address>
         <run_address>0x9660</run_address>
         <size>0x80</size>
         <input_file_ref idref="fl-4b"/>
      </object_component>
      <object_component id="oc-12f">
         <name>.sysinit</name>
         <load_address>0x96e0</load_address>
         <run_address>0x96e0</run_address>
         <size>0x20</size>
         <input_file_ref idref="fl-41"/>
      </object_component>
      <object_component id="oc-a9">
         <name>.trcdata</name>
         <load_address>0xa9d0</load_address>
         <run_address>0xa9d0</run_address>
         <size>0xc</size>
         <input_file_ref idref="fl-22"/>
      </object_component>
      <object_component id="oc-4b">
         <name>.rtdx_data</name>
         <uninitialized>true</uninitialized>
         <run_address>0x8e90</run_address>
         <size>0x410</size>
         <input_file_ref idref="fl-2"/>
      </object_component>
      <object_component id="oc-138">
         <name>.rtdx_data</name>
         <uninitialized>true</uninitialized>
         <run_address>0x92a0</run_address>
         <size>0x20</size>
         <input_file_ref idref="fl-43"/>
      </object_component>
      <object_component id="oc-141">
         <name>.rtdx_data</name>
         <uninitialized>true</uninitialized>
         <run_address>0x92c0</run_address>
         <size>0x1c</size>
         <input_file_ref idref="fl-45"/>
      </object_component>
      <object_component id="oc-1bf">
         <name>.rtdx_text:_RTDX_Poll</name>
         <load_address>0x7480</load_address>
         <run_address>0x7480</run_address>
         <size>0x400</size>
         <input_file_ref idref="fl-45"/>
      </object_component>
      <object_component id="oc-1d5">
         <name>.rtdx_text:_RTDX_Buffer_WriteCB</name>
         <load_address>0x7880</load_address>
         <run_address>0x7880</run_address>
         <size>0x340</size>
         <input_file_ref idref="fl-43"/>
      </object_component>
      <object_component id="oc-1e1">
         <name>.rtdx_text:_RTDX_write_next</name>
         <load_address>0x7bc0</load_address>
         <run_address>0x7bc0</run_address>
         <size>0x300</size>
         <input_file_ref idref="fl-43"/>
      </object_component>
      <object_component id="oc-1e2">
         <name>.rtdx_text:_RTDX_Mon_Queue</name>
         <load_address>0x7ec0</load_address>
         <run_address>0x7ec0</run_address>
         <size>0x140</size>
         <input_file_ref idref="fl-45"/>
      </object_component>
      <object_component id="oc-1e0">
         <name>.rtdx_text:_claim</name>
         <load_address>0x8000</load_address>
         <run_address>0x8000</run_address>
         <size>0xe0</size>
         <input_file_ref idref="fl-43"/>
      </object_component>
      <object_component id="oc-1c3">
         <name>.rtdx_text:_RTDX_Init_RT_Monitor</name>
         <load_address>0x80e0</load_address>
         <run_address>0x80e0</run_address>
         <size>0x80</size>
         <input_file_ref idref="fl-45"/>
      </object_component>
      <object_component id="oc-1c2">
         <name>.rtdx_text:_RTDX_Buffer_Initialize</name>
         <load_address>0x8160</load_address>
         <run_address>0x8160</run_address>
         <size>0x60</size>
         <input_file_ref idref="fl-43"/>
      </object_component>
      <object_component id="oc-1d4">
         <name>.rtdx_text:_RTDX_Buffer_ReadCB</name>
         <load_address>0x81c0</load_address>
         <run_address>0x81c0</run_address>
         <size>0x60</size>
         <input_file_ref idref="fl-42"/>
      </object_component>
      <object_component id="oc-1df">
         <name>.rtdx_text:_RTDX_Buffer_Size</name>
         <load_address>0x8220</load_address>
         <run_address>0x8220</run_address>
         <size>0x40</size>
         <input_file_ref idref="fl-43"/>
      </object_component>
      <object_component id="oc-1d7">
         <name>.rtdx_text:_RTDX_Final_RT_Monitor</name>
         <load_address>0x8260</load_address>
         <run_address>0x8260</run_address>
         <size>0x40</size>
         <input_file_ref idref="fl-45"/>
      </object_component>
      <object_component id="oc-1c0">
         <name>.rtdx_text:_RTDX_Buffer_Read</name>
         <load_address>0x82a0</load_address>
         <run_address>0x82a0</run_address>
         <size>0x20</size>
         <input_file_ref idref="fl-42"/>
      </object_component>
      <object_component id="oc-1c1">
         <name>.rtdx_text:_RTDX_Buffer_Write</name>
         <load_address>0x82c0</load_address>
         <run_address>0x82c0</run_address>
         <size>0x20</size>
         <input_file_ref idref="fl-43"/>
      </object_component>
      <object_component id="oc-1d2">
         <name>.rtdx_text:_RTDX_checksum</name>
         <load_address>0x82e0</load_address>
         <run_address>0x82e0</run_address>
         <size>0x20</size>
         <input_file_ref idref="fl-45"/>
      </object_component>
      <object_component id="oc-13d">
         <name>.rtdx_text</name>
         <load_address>0x8300</load_address>
         <run_address>0x8300</run_address>
         <size>0x20</size>
         <input_file_ref idref="fl-44"/>
      </object_component>
      <object_component id="oc-57">
         <name>.TSK_idle$stk</name>
         <uninitialized>true</uninitialized>
         <run_address>0x9700</run_address>
         <size>0x400</size>
         <input_file_ref idref="fl-2"/>
      </object_component>
      <object_component id="oc-5a">
         <name>.LOG_system$buf</name>
         <uninitialized>true</uninitialized>
         <run_address>0xa500</run_address>
         <size>0x100</size>
         <input_file_ref idref="fl-2"/>
      </object_component>
      <object_component id="oc-4e">
         <name>.hst1</name>
         <uninitialized>true</uninitialized>
         <run_address>0xa984</run_address>
         <size>0x10</size>
         <input_file_ref idref="fl-2"/>
      </object_component>
      <object_component id="oc-51">
         <name>.hst0</name>
         <uninitialized>true</uninitialized>
         <run_address>0xa600</run_address>
         <size>0x100</size>
         <input_file_ref idref="fl-2"/>
      </object_component>
      <object_component id="oc-169">
         <name>.const</name>
         <load_address>0xa700</load_address>
         <run_address>0xa700</run_address>
         <size>0x4e</size>
         <input_file_ref idref="fl-4d"/>
      </object_component>
      <object_component id="oc-ec">
         <name>.const</name>
         <load_address>0xa750</load_address>
         <run_address>0xa750</run_address>
         <size>0x40</size>
         <input_file_ref idref="fl-33"/>
      </object_component>
      <object_component id="oc-8d">
         <name>.const</name>
         <load_address>0xa790</load_address>
         <run_address>0xa790</run_address>
         <size>0x23</size>
         <input_file_ref idref="fl-1b"/>
      </object_component>
      <object_component id="oc-91">
         <name>.const</name>
         <load_address>0xa7b3</load_address>
         <run_address>0xa7b3</run_address>
         <size>0x22</size>
         <input_file_ref idref="fl-1c"/>
      </object_component>
      <object_component id="oc-f8">
         <name>.const</name>
         <load_address>0xa7d8</load_address>
         <run_address>0xa7d8</run_address>
         <size>0x20</size>
         <input_file_ref idref="fl-35"/>
      </object_component>
      <object_component id="oc-14d">
         <name>.const</name>
         <load_address>0xa7f8</load_address>
         <run_address>0xa7f8</run_address>
         <size>0x1</size>
         <input_file_ref idref="fl-47"/>
      </object_component>
      <object_component id="oc-54">
         <name>.printf</name>
         <load_address>0xa7f9</load_address>
         <run_address>0xa7f9</run_address>
         <size>0x3f</size>
         <input_file_ref idref="fl-2"/>
      </object_component>
      <object_component id="oc-a5">
         <name>.args</name>
         <load_address>0x747c</load_address>
         <run_address>0x747c</run_address>
         <size>0x0</size>
         <input_file_ref idref="fl-21"/>
      </object_component>
      <object_component id="oc-32">
         <name>_SYS_PUTCBEG</name>
         <load_address>0xa240</load_address>
         <run_address>0xa240</run_address>
         <size>0x0</size>
      </object_component>
      <object_component id="oc-34">
         <name>_SYS_PUTCEND</name>
         <load_address>0xa440</load_address>
         <run_address>0xa440</run_address>
         <size>0x0</size>
      </object_component>
      <object_component id="oc-4f">
         <name>.hst</name>
         <uninitialized>true</uninitialized>
         <run_address>0xa8c4</run_address>
         <size>0x3c</size>
         <input_file_ref idref="fl-2"/>
      </object_component>
      <object_component id="oc-5b">
         <name>.log</name>
         <load_address>0xa4e0</load_address>
         <run_address>0xa4e0</run_address>
         <size>0x18</size>
         <input_file_ref idref="fl-2"/>
      </object_component>
      <object_component id="oc-50">
         <name>.pip</name>
         <uninitialized>true</uninitialized>
         <run_address>0xa7fc</run_address>
         <size>0xc8</size>
         <input_file_ref idref="fl-2"/>
      </object_component>
      <object_component id="oc-55">
         <name>.sts</name>
         <load_address>0xa900</load_address>
         <run_address>0xa900</run_address>
         <size>0x30</size>
         <input_file_ref idref="fl-2"/>
      </object_component>
      <object_component id="oc-3a">
         <name>GBL_stackbeg</name>
         <uninitialized>true</uninitialized>
         <run_address>0x9b00</run_address>
         <size>0x0</size>
      </object_component>
      <object_component id="oc-a6">
         <name>.stack</name>
         <uninitialized>true</uninitialized>
         <run_address>0x9b00</run_address>
         <size>0x0</size>
         <input_file_ref idref="fl-21"/>
      </object_component>
      <object_component id="oc-21b">
         <name>.stack</name>
         <uninitialized>true</uninitialized>
         <run_address>0x9b00</run_address>
         <size>0x0</size>
      </object_component>
      <object_component id="oc-5e">
         <name>.debug_info</name>
         <load_address>0x0</load_address>
         <run_address>0x0</run_address>
         <size>0x33a</size>
         <input_file_ref idref="fl-2"/>
      </object_component>
      <object_component id="oc-61">
         <name>.debug_info</name>
         <load_address>0x33a</load_address>
         <run_address>0x33a</run_address>
         <size>0x5c7</size>
         <input_file_ref idref="fl-3"/>
      </object_component>
      <object_component id="oc-64">
         <name>.debug_info</name>
         <load_address>0x901</load_address>
         <run_address>0x901</run_address>
         <size>0xc03</size>
         <input_file_ref idref="fl-4"/>
      </object_component>
      <object_component id="oc-6a">
         <name>.debug_info</name>
         <load_address>0x1504</load_address>
         <run_address>0x1504</run_address>
         <size>0xf8</size>
         <input_file_ref idref="fl-12"/>
      </object_component>
      <object_component id="oc-70">
         <name>.debug_info</name>
         <load_address>0x15fc</load_address>
         <run_address>0x15fc</run_address>
         <size>0xb9</size>
         <input_file_ref idref="fl-14"/>
      </object_component>
      <object_component id="oc-73">
         <name>.debug_info</name>
         <load_address>0x16b5</load_address>
         <run_address>0x16b5</run_address>
         <size>0xaf</size>
         <input_file_ref idref="fl-15"/>
      </object_component>
      <object_component id="oc-79">
         <name>.debug_info</name>
         <load_address>0x1764</load_address>
         <run_address>0x1764</run_address>
         <size>0x1a5</size>
         <input_file_ref idref="fl-16"/>
      </object_component>
      <object_component id="oc-7e">
         <name>.debug_info</name>
         <load_address>0x1909</load_address>
         <run_address>0x1909</run_address>
         <size>0x13c</size>
         <input_file_ref idref="fl-17"/>
      </object_component>
      <object_component id="oc-81">
         <name>.debug_info</name>
         <load_address>0x1a45</load_address>
         <run_address>0x1a45</run_address>
         <size>0x607</size>
         <input_file_ref idref="fl-18"/>
      </object_component>
      <object_component id="oc-84">
         <name>.debug_info</name>
         <load_address>0x204c</load_address>
         <run_address>0x204c</run_address>
         <size>0x6f0</size>
         <input_file_ref idref="fl-19"/>
      </object_component>
      <object_component id="oc-87">
         <name>.debug_info</name>
         <load_address>0x273c</load_address>
         <run_address>0x273c</run_address>
         <size>0xf1f</size>
         <input_file_ref idref="fl-1a"/>
      </object_component>
      <object_component id="oc-8c">
         <name>.debug_info</name>
         <load_address>0x365b</load_address>
         <run_address>0x365b</run_address>
         <size>0x7fd</size>
         <input_file_ref idref="fl-1b"/>
      </object_component>
      <object_component id="oc-90">
         <name>.debug_info</name>
         <load_address>0x3e58</load_address>
         <run_address>0x3e58</run_address>
         <size>0x7ea</size>
         <input_file_ref idref="fl-1c"/>
      </object_component>
      <object_component id="oc-94">
         <name>.debug_info</name>
         <load_address>0x4642</load_address>
         <run_address>0x4642</run_address>
         <size>0x6d9</size>
         <input_file_ref idref="fl-1d"/>
      </object_component>
      <object_component id="oc-99">
         <name>.debug_info</name>
         <load_address>0x4d1b</load_address>
         <run_address>0x4d1b</run_address>
         <size>0x690</size>
         <input_file_ref idref="fl-1e"/>
      </object_component>
      <object_component id="oc-9d">
         <name>.debug_info</name>
         <load_address>0x53ab</load_address>
         <run_address>0x53ab</run_address>
         <size>0x112</size>
         <input_file_ref idref="fl-1f"/>
      </object_component>
      <object_component id="oc-a1">
         <name>.debug_info</name>
         <load_address>0x54bd</load_address>
         <run_address>0x54bd</run_address>
         <size>0x106</size>
         <input_file_ref idref="fl-20"/>
      </object_component>
      <object_component id="oc-a4">
         <name>.debug_info</name>
         <load_address>0x55c3</load_address>
         <run_address>0x55c3</run_address>
         <size>0x65a</size>
         <input_file_ref idref="fl-21"/>
      </object_component>
      <object_component id="oc-af">
         <name>.debug_info</name>
         <load_address>0x5c1d</load_address>
         <run_address>0x5c1d</run_address>
         <size>0xaf</size>
         <input_file_ref idref="fl-24"/>
      </object_component>
      <object_component id="oc-b3">
         <name>.debug_info</name>
         <load_address>0x5ccc</load_address>
         <run_address>0x5ccc</run_address>
         <size>0xb8</size>
         <input_file_ref idref="fl-25"/>
      </object_component>
      <object_component id="oc-b7">
         <name>.debug_info</name>
         <load_address>0x5d84</load_address>
         <run_address>0x5d84</run_address>
         <size>0xaa</size>
         <input_file_ref idref="fl-26"/>
      </object_component>
      <object_component id="oc-bc">
         <name>.debug_info</name>
         <load_address>0x5e2e</load_address>
         <run_address>0x5e2e</run_address>
         <size>0x11b</size>
         <input_file_ref idref="fl-27"/>
      </object_component>
      <object_component id="oc-c0">
         <name>.debug_info</name>
         <load_address>0x5f49</load_address>
         <run_address>0x5f49</run_address>
         <size>0xaa</size>
         <input_file_ref idref="fl-28"/>
      </object_component>
      <object_component id="oc-c4">
         <name>.debug_info</name>
         <load_address>0x5ff3</load_address>
         <run_address>0x5ff3</run_address>
         <size>0x10c</size>
         <input_file_ref idref="fl-29"/>
      </object_component>
      <object_component id="oc-c8">
         <name>.debug_info</name>
         <load_address>0x60ff</load_address>
         <run_address>0x60ff</run_address>
         <size>0xd8</size>
         <input_file_ref idref="fl-2a"/>
      </object_component>
      <object_component id="oc-cd">
         <name>.debug_info</name>
         <load_address>0x61d7</load_address>
         <run_address>0x61d7</run_address>
         <size>0x1c2</size>
         <input_file_ref idref="fl-2b"/>
      </object_component>
      <object_component id="oc-d1">
         <name>.debug_info</name>
         <load_address>0x6399</load_address>
         <run_address>0x6399</run_address>
         <size>0xdb</size>
         <input_file_ref idref="fl-2c"/>
      </object_component>
      <object_component id="oc-d5">
         <name>.debug_info</name>
         <load_address>0x6474</load_address>
         <run_address>0x6474</run_address>
         <size>0x106</size>
         <input_file_ref idref="fl-2d"/>
      </object_component>
      <object_component id="oc-d9">
         <name>.debug_info</name>
         <load_address>0x657a</load_address>
         <run_address>0x657a</run_address>
         <size>0x60b</size>
         <input_file_ref idref="fl-2e"/>
      </object_component>
      <object_component id="oc-dc">
         <name>.debug_info</name>
         <load_address>0x6b85</load_address>
         <run_address>0x6b85</run_address>
         <size>0x5e5</size>
         <input_file_ref idref="fl-2f"/>
      </object_component>
      <object_component id="oc-df">
         <name>.debug_info</name>
         <load_address>0x716a</load_address>
         <run_address>0x716a</run_address>
         <size>0xb7</size>
         <input_file_ref idref="fl-30"/>
      </object_component>
      <object_component id="oc-e3">
         <name>.debug_info</name>
         <load_address>0x7221</load_address>
         <run_address>0x7221</run_address>
         <size>0xb4</size>
         <input_file_ref idref="fl-31"/>
      </object_component>
      <object_component id="oc-e7">
         <name>.debug_info</name>
         <load_address>0x72d5</load_address>
         <run_address>0x72d5</run_address>
         <size>0xb1</size>
         <input_file_ref idref="fl-32"/>
      </object_component>
      <object_component id="oc-eb">
         <name>.debug_info</name>
         <load_address>0x7386</load_address>
         <run_address>0x7386</run_address>
         <size>0xf57</size>
         <input_file_ref idref="fl-33"/>
      </object_component>
      <object_component id="oc-f0">
         <name>.debug_info</name>
         <load_address>0x82dd</load_address>
         <run_address>0x82dd</run_address>
         <size>0x1095</size>
         <input_file_ref idref="fl-34"/>
      </object_component>
      <object_component id="oc-f7">
         <name>.debug_info</name>
         <load_address>0x9372</load_address>
         <run_address>0x9372</run_address>
         <size>0x117f</size>
         <input_file_ref idref="fl-35"/>
      </object_component>
      <object_component id="oc-fc">
         <name>.debug_info</name>
         <load_address>0xa4f1</load_address>
         <run_address>0xa4f1</run_address>
         <size>0x7ee</size>
         <input_file_ref idref="fl-36"/>
      </object_component>
      <object_component id="oc-101">
         <name>.debug_info</name>
         <load_address>0xacdf</load_address>
         <run_address>0xacdf</run_address>
         <size>0xb9</size>
         <input_file_ref idref="fl-37"/>
      </object_component>
      <object_component id="oc-105">
         <name>.debug_info</name>
         <load_address>0xad98</load_address>
         <run_address>0xad98</run_address>
         <size>0x116</size>
         <input_file_ref idref="fl-38"/>
      </object_component>
      <object_component id="oc-10c">
         <name>.debug_info</name>
         <load_address>0xaeae</load_address>
         <run_address>0xaeae</run_address>
         <size>0xc2b</size>
         <input_file_ref idref="fl-39"/>
      </object_component>
      <object_component id="oc-10f">
         <name>.debug_info</name>
         <load_address>0xbad9</load_address>
         <run_address>0xbad9</run_address>
         <size>0xbd9</size>
         <input_file_ref idref="fl-3a"/>
      </object_component>
      <object_component id="oc-113">
         <name>.debug_info</name>
         <load_address>0xc6b2</load_address>
         <run_address>0xc6b2</run_address>
         <size>0xbb1</size>
         <input_file_ref idref="fl-3b"/>
      </object_component>
      <object_component id="oc-118">
         <name>.debug_info</name>
         <load_address>0xd263</load_address>
         <run_address>0xd263</run_address>
         <size>0x109</size>
         <input_file_ref idref="fl-3c"/>
      </object_component>
      <object_component id="oc-11b">
         <name>.debug_info</name>
         <load_address>0xd36c</load_address>
         <run_address>0xd36c</run_address>
         <size>0x8c8</size>
         <input_file_ref idref="fl-3d"/>
      </object_component>
      <object_component id="oc-11f">
         <name>.debug_info</name>
         <load_address>0xdc34</load_address>
         <run_address>0xdc34</run_address>
         <size>0x981</size>
         <input_file_ref idref="fl-3e"/>
      </object_component>
      <object_component id="oc-123">
         <name>.debug_info</name>
         <load_address>0xe5b5</load_address>
         <run_address>0xe5b5</run_address>
         <size>0xe4a</size>
         <input_file_ref idref="fl-3f"/>
      </object_component>
      <object_component id="oc-12a">
         <name>.debug_info</name>
         <load_address>0xf3ff</load_address>
         <run_address>0xf3ff</run_address>
         <size>0xac3</size>
         <input_file_ref idref="fl-40"/>
      </object_component>
      <object_component id="oc-12c">
         <name>.debug_info</name>
         <load_address>0xfec2</load_address>
         <run_address>0xfec2</run_address>
         <size>0x6b8</size>
         <input_file_ref idref="fl-41"/>
      </object_component>
      <object_component id="oc-132">
         <name>.debug_info</name>
         <load_address>0x1057a</load_address>
         <run_address>0x1057a</run_address>
         <size>0xa7f</size>
         <input_file_ref idref="fl-42"/>
      </object_component>
      <object_component id="oc-136">
         <name>.debug_info</name>
         <load_address>0x10ff9</load_address>
         <run_address>0x10ff9</run_address>
         <size>0x1201</size>
         <input_file_ref idref="fl-43"/>
      </object_component>
      <object_component id="oc-13c">
         <name>.debug_info</name>
         <load_address>0x121fa</load_address>
         <run_address>0x121fa</run_address>
         <size>0x5c1</size>
         <input_file_ref idref="fl-44"/>
      </object_component>
      <object_component id="oc-140">
         <name>.debug_info</name>
         <load_address>0x127bb</load_address>
         <run_address>0x127bb</run_address>
         <size>0xc80</size>
         <input_file_ref idref="fl-45"/>
      </object_component>
      <object_component id="oc-146">
         <name>.debug_info</name>
         <load_address>0x1343b</load_address>
         <run_address>0x1343b</run_address>
         <size>0xaa</size>
         <input_file_ref idref="fl-46"/>
      </object_component>
      <object_component id="oc-14a">
         <name>.debug_info</name>
         <load_address>0x134e5</load_address>
         <run_address>0x134e5</run_address>
         <size>0xa57</size>
         <input_file_ref idref="fl-47"/>
      </object_component>
      <object_component id="oc-14f">
         <name>.debug_info</name>
         <load_address>0x13f3c</load_address>
         <run_address>0x13f3c</run_address>
         <size>0xda7</size>
         <input_file_ref idref="fl-48"/>
      </object_component>
      <object_component id="oc-153">
         <name>.debug_info</name>
         <load_address>0x14ce3</load_address>
         <run_address>0x14ce3</run_address>
         <size>0x7a6</size>
         <input_file_ref idref="fl-49"/>
      </object_component>
      <object_component id="oc-158">
         <name>.debug_info</name>
         <load_address>0x15489</load_address>
         <run_address>0x15489</run_address>
[...]
         <object_component_ref idref="oc-1c8"/>
      </symbol>
      <symbol id="sm-4a7">
         <name>_DSK6713_version</name>
         <value>0xa23c</value>
         <object_component_ref idref="oc-f6"/>
      </symbol>
      <symbol id="sm-4a8">
         <name>_DSK6713_init</name>
         <value>0x4590</value>
         <object_component_ref idref="oc-1c8"/>
      </symbol>
      <symbol id="sm-4a9">
         <name>_DSK6713_waitusec</name>
         <value>0x4464</value>
         <object_component_ref idref="oc-1c8"/>
      </symbol>
      <symbol id="sm-4aa">
         <name>_DSK6713_wait</name>
         <value>0x43c0</value>
         <object_component_ref idref="oc-1c8"/>
      </symbol>
      <symbol id="sm-4b4">
         <name>_GBL_cslCacheInit</name>
         <value>0x3580</value>
         <object_component_ref idref="oc-fd"/>
      </symbol>
      <symbol id="sm-4bc">
         <name>GBL_A_VERSION</name>
         <value>0x5205</value>
      </symbol>
      <symbol id="sm-4bd">
         <name>_GBL_getVersion</name>
         <value>0x4320</value>
         <object_component_ref idref="oc-100"/>
      </symbol>
      <symbol id="sm-4c5">
         <name>_HWI_restore</name>
         <value>0x404c</value>
         <object_component_ref idref="oc-104"/>
      </symbol>
      <symbol id="sm-4c6">
         <name>_HWI_enable</name>
         <value>0x4038</value>
         <object_component_ref idref="oc-104"/>
      </symbol>
      <symbol id="sm-4c7">
         <name>_HWI_disable</name>
         <value>0x4020</value>
         <object_component_ref idref="oc-104"/>
      </symbol>
      <symbol id="sm-4e1">
         <name>__IRQ_eventTable</name>
         <value>0x8af8</value>
         <object_component_ref idref="oc-10a"/>
      </symbol>
      <symbol id="sm-4e2">
         <name>_IRQ_nmiEnable</name>
         <value>0x6420</value>
         <object_component_ref idref="oc-1cb"/>
      </symbol>
      <symbol id="sm-4e3">
         <name>__IRQ_intTable</name>
         <value>0x8b7c</value>
         <object_component_ref idref="oc-10a"/>
      </symbol>
      <symbol id="sm-4e4">
         <name>_IRQ_globalEnable</name>
         <value>0x6400</value>
         <object_component_ref idref="oc-1ce"/>
      </symbol>
      <symbol id="sm-4e5">
         <name>_IRQ_globalDisable</name>
         <value>0x63e0</value>
         <object_component_ref idref="oc-1ca"/>
      </symbol>
      <symbol id="sm-4e6">
         <name>_IRQ_map</name>
         <value>0x5340</value>
         <object_component_ref idref="oc-1cc"/>
      </symbol>
      <symbol id="sm-4e7">
         <name>_IRQ_enable</name>
         <value>0x6320</value>
         <object_component_ref idref="oc-1cd"/>
      </symbol>
      <symbol id="sm-4e8">
         <name>__IRQ_dispatchTable</name>
         <value>0x8bbc</value>
         <object_component_ref idref="oc-10a"/>
      </symbol>
      <symbol id="sm-4e9">
         <name>__IRQ_hookFetchPacket</name>
         <value>0x64a0</value>
         <object_component_ref idref="oc-108"/>
      </symbol>
      <symbol id="sm-4f5">
         <name>_KNL_maxqueue</name>
         <value>0xa198</value>
         <object_component_ref idref="oc-10e"/>
      </symbol>
      <symbol id="sm-4f6">
         <name>_KNL_inactive</name>
         <value>0xa178</value>
         <object_component_ref idref="oc-10e"/>
      </symbol>
      <symbol id="sm-4f7">
         <name>_KNL_tswitchfxn</name>
         <value>0xa19c</value>
         <object_component_ref idref="oc-10e"/>
      </symbol>
      <symbol id="sm-4f8">
         <name>_KNL_setpri</name>
         <value>0xa174</value>
         <object_component_ref idref="oc-10e"/>
      </symbol>
      <symbol id="sm-4f9">
         <name>_KNL_swiptr</name>
         <value>0xa190</value>
         <object_component_ref idref="oc-10e"/>
      </symbol>
      <symbol id="sm-4fa">
         <name>_KNL_dummy</name>
         <value>0x8c64</value>
         <object_component_ref idref="oc-111"/>
      </symbol>
      <symbol id="sm-4fb">
         <name>_KNL_curtask</name>
         <value>0xa184</value>
         <object_component_ref idref="oc-10e"/>
      </symbol>
      <symbol id="sm-4fc">
         <name>_KNL_curqueue</name>
         <value>0xa194</value>
         <object_component_ref idref="oc-10e"/>
      </symbol>
      <symbol id="sm-4fd">
         <name>_KNL_wList</name>
         <value>0xa16c</value>
         <object_component_ref idref="oc-10e"/>
      </symbol>
      <symbol id="sm-4fe">
         <name>_KNL_curtime</name>
         <value>0xa18c</value>
         <object_component_ref idref="oc-10e"/>
      </symbol>
      <symbol id="sm-4ff">
         <name>_KNL_set</name>
         <value>0xa180</value>
         <object_component_ref idref="oc-10e"/>
      </symbol>
      <symbol id="sm-500">
         <name>_KNL_alarm</name>
         <value>0xa170</value>
         <object_component_ref idref="oc-10e"/>
      </symbol>
      <symbol id="sm-501">
         <name>_KNL_prevtask</name>
         <value>0xa188</value>
         <object_component_ref idref="oc-10e"/>
      </symbol>
      <symbol id="sm-502">
         <name>_KNL_queues</name>
         <value>0x8bc4</value>
         <object_component_ref idref="oc-111"/>
      </symbol>
      <symbol id="sm-503">
         <name>_KNL_idlefxn</name>
         <value>0xa1ac</value>
         <object_component_ref idref="oc-10e"/>
      </symbol>
      <symbol id="sm-504">
         <name>_KNL_priority</name>
         <value>0xa17c</value>
         <object_component_ref idref="oc-10e"/>
      </symbol>
      <symbol id="sm-505">
         <name>_KNL_treadyfxn</name>
         <value>0xa1a8</value>
         <object_component_ref idref="oc-10e"/>
      </symbol>
      <symbol id="sm-506">
         <name>_KNL_tcreatefxn</name>
         <value>0xa1a0</value>
         <object_component_ref idref="oc-10e"/>
      </symbol>
      <symbol id="sm-507">
         <name>_KNL_wFlag</name>
         <value>0xa168</value>
         <object_component_ref idref="oc-10e"/>
      </symbol>
      <symbol id="sm-508">
         <name>_KNL_tdeletefxn</name>
         <value>0xa1a4</value>
         <object_component_ref idref="oc-10e"/>
      </symbol>
      <symbol id="sm-512">
         <name>_KNL_exit</name>
         <value>0x3660</value>
         <object_component_ref idref="oc-114"/>
      </symbol>
      <symbol id="sm-513">
         <name>_KNL_enter</name>
         <value>0x36b4</value>
         <object_component_ref idref="oc-114"/>
      </symbol>
      <symbol id="sm-51b">
         <name>__KNL_lat1beg</name>
         <value>0x3490</value>
         <object_component_ref idref="oc-117"/>
      </symbol>
      <symbol id="sm-51c">
         <name>__KNL_lat1end</name>
         <value>0x3518</value>
         <object_component_ref idref="oc-117"/>
      </symbol>
      <symbol id="sm-51d">
         <name>_KNL_max</name>
         <value>0x353c</value>
         <object_component_ref idref="oc-117"/>
      </symbol>
      <symbol id="sm-51e">
         <name>_KNL_check</name>
         <value>0x3440</value>
         <object_component_ref idref="oc-117"/>
      </symbol>
      <symbol id="sm-51f">
         <name>_KNL_idle</name>
         <value>0x3518</value>
         <object_component_ref idref="oc-117"/>
      </symbol>
      <symbol id="sm-529">
         <name>_KNL_post</name>
         <value>0x3aa0</value>
         <object_component_ref idref="oc-11c"/>
      </symbol>
      <symbol id="sm-533">
         <name>_KNL_ipost</name>
         <value>0x39e0</value>
         <object_component_ref idref="oc-120"/>
      </symbol>
      <symbol id="sm-53d">
         <name>_KNL_run</name>
         <value>0x1b20</value>
         <object_component_ref idref="oc-124"/>
      </symbol>
      <symbol id="sm-54f">
         <name>_MCBSP_reset</name>
         <value>0x5500</value>
         <object_component_ref idref="oc-1e4"/>
      </symbol>
      <symbol id="sm-550">
         <name>_MCBSP_open</name>
         <value>0x5c40</value>
         <object_component_ref idref="oc-1d9"/>
      </symbol>
      <symbol id="sm-551">
         <name>__MCBSP_hDev0</name>
         <value>0x8e10</value>
         <object_component_ref idref="oc-128"/>
      </symbol>
      <symbol id="sm-552">
         <name>__MCBSP_hDev1</name>
         <value>0x8e14</value>
         <object_component_ref idref="oc-128"/>
      </symbol>
      <symbol id="sm-553">
         <name>_MCBSP_start</name>
         <value>0x5d40</value>
         <object_component_ref idref="oc-1da"/>
      </symbol>
      <symbol id="sm-561">
         <name>_OBJ_table</name>
         <value>0x8cf8</value>
         <object_component_ref idref="oc-12e"/>
      </symbol>
      <symbol id="sm-562">
         <name>_OBJ_init</name>
         <value>0x96e0</value>
         <object_component_ref idref="oc-12f"/>
      </symbol>
      <symbol id="sm-563">
         <name>_OBJ_segtab</name>
         <value>0x8d30</value>
         <object_component_ref idref="oc-12e"/>
      </symbol>
      <symbol id="sm-56f">
         <name>_RTDX_Buffer_ReadCB</name>
         <value>0x81c0</value>
         <object_component_ref idref="oc-1d4"/>
      </symbol>
      <symbol id="sm-570">
         <name>RTDX_NORMALIZED_HDR</name>
         <value>0x1</value>
      </symbol>
      <symbol id="sm-571">
         <name>_RTDX_Buffer_Read</name>
         <value>0x82a0</value>
         <object_component_ref idref="oc-1c0"/>
      </symbol>
      <symbol id="sm-58d">
         <name>_rtdx_buffer_state</name>
         <value>0x92a0</value>
         <object_component_ref idref="oc-138"/>
      </symbol>
      <symbol id="sm-58e">
         <name>_RTDX_Buffer_WriteCB</name>
         <value>0x7880</value>
         <object_component_ref idref="oc-1d5"/>
      </symbol>
      <symbol id="sm-58f">
         <name>_rtdxNullChanCnt</name>
         <value>0xa200</value>
         <object_component_ref idref="oc-135"/>
      </symbol>
      <symbol id="sm-590">
         <name>_RTDX_writing</name>
         <value>0x92ac</value>
         <object_component_ref idref="oc-138"/>
      </symbol>
      <symbol id="sm-591">
         <name>_RTDX_Buffer_Initialize</name>
         <value>0x8160</value>
         <object_component_ref idref="oc-1c2"/>
      </symbol>
      <symbol id="sm-592">
         <name>_RTDX_Buffer_Write</name>
         <value>0x82c0</value>
         <object_component_ref idref="oc-1c1"/>
      </symbol>
      <symbol id="sm-593">
         <name>_rtdxNullFuncCnt</name>
         <value>0xa204</value>
         <object_component_ref idref="oc-135"/>
      </symbol>
      <symbol id="sm-594">
         <name>_RTDX_Buffer_Size</name>
         <value>0x8220</value>
         <object_component_ref idref="oc-1df"/>
      </symbol>
      <symbol id="sm-59e">
         <name>_RTDX_Mask_IER</name>
         <value>0x8300</value>
         <object_component_ref idref="oc-13d"/>
      </symbol>
      <symbol id="sm-5b6">
         <name>_RTDX_Mon_Queue</name>
         <value>0x7ec0</value>
         <object_component_ref idref="oc-1e2"/>
      </symbol>
      <symbol id="sm-5b7">
         <name>_rtdx_mon_state</name>
         <value>0x92c0</value>
         <object_component_ref idref="oc-141"/>
      </symbol>
      <symbol id="sm-5b8">
         <name>_RTDX_JTAGONLY</name>
         <value>0x2</value>
      </symbol>
      <symbol id="sm-5b9">
         <name>_RTDX_Final_RT_Monitor</name>
         <value>0x8260</value>
         <object_component_ref idref="oc-1d7"/>
      </symbol>
      <symbol id="sm-5ba">
         <name>_RTDX_Poll</name>
         <value>0x7480</value>
         <object_component_ref idref="oc-1bf"/>
      </symbol>
      <symbol id="sm-5bb">
         <name>_RTDX_Init_RT_Monitor</name>
         <value>0x80e0</value>
         <object_component_ref idref="oc-1c3"/>
      </symbol>
      <symbol id="sm-5c3">
         <name>_STS_set</name>
         <value>0x4360</value>
         <object_component_ref idref="oc-145"/>
      </symbol>
      <symbol id="sm-5d1">
         <name>_TSK_nTasks</name>
         <value>0xa208</value>
         <object_component_ref idref="oc-149"/>
      </symbol>
      <symbol id="sm-5d2">
         <name>_TSK_config</name>
         <value>0x8cb8</value>
         <object_component_ref idref="oc-14c"/>
      </symbol>
      <symbol id="sm-5d3">
         <name>_TSK</name>
         <value>0xa210</value>
         <object_component_ref idref="oc-149"/>
      </symbol>
      <symbol id="sm-5d4">
         <name>_TSK_timerSem</name>
         <value>0x8cd8</value>
         <object_component_ref idref="oc-14c"/>
      </symbol>
      <symbol id="sm-5d5">
         <name>_TSK_pid</name>
         <value>0xa20c</value>
         <object_component_ref idref="oc-149"/>
      </symbol>
      <symbol id="sm-5d6">
         <name>_TSK_ATTRS</name>
         <value>0x8c9c</value>
         <object_component_ref idref="oc-14c"/>
      </symbol>
      <symbol id="sm-5e0">
         <name>_TSK_exit</name>
         <value>0x2fa0</value>
         <object_component_ref idref="oc-150"/>
      </symbol>
      <symbol id="sm-5ea">
         <name>_SYS_exit</name>
         <value>0x3c20</value>
         <object_component_ref idref="oc-154"/>
      </symbol>
      <symbol id="sm-5f6">
         <name>_SYS_exitStack</name>
         <value>0x8e40</value>
         <object_component_ref idref="oc-15a"/>
      </symbol>
      <symbol id="sm-5f7">
         <name>_SYS_exitStackPtr</name>
         <value>0xa21c</value>
         <object_component_ref idref="oc-157"/>
      </symbol>
      <symbol id="sm-5f8">
         <name>_SYS_exitStackTop</name>
         <value>0xa220</value>
         <object_component_ref idref="oc-157"/>
      </symbol>
      <symbol id="sm-602">
         <name>_TSK_init</name>
         <value>0x9660</value>
         <object_component_ref idref="oc-15d"/>
      </symbol>
      <symbol id="sm-60c">
         <name>_TSK_setup</name>
         <value>0x2a20</value>
         <object_component_ref idref="oc-161"/>
      </symbol>
      <symbol id="sm-61e">
         <name>__MEM_mutex</name>
         <value>0x8d74</value>
         <object_component_ref idref="oc-167"/>
      </symbol>
      <symbol id="sm-61f">
         <name>_TSK_startup</name>
         <value>0x3380</value>
         <object_component_ref idref="oc-168"/>
      </symbol>
      <symbol id="sm-620">
         <name>__TSK_mutex</name>
         <value>0x8d4c</value>
         <object_component_ref idref="oc-167"/>
      </symbol>
      <symbol id="sm-62a">
         <name>_LCK_pend</name>
         <value>0x3b90</value>
         <object_component_ref idref="oc-16d"/>
      </symbol>
      <symbol id="sm-62b">
         <name>_LCK_post</name>
         <value>0x3b60</value>
         <object_component_ref idref="oc-16d"/>
      </symbol>
      <symbol id="sm-633">
         <name>_SEM_pend</name>
         <value>0x4080</value>
         <object_component_ref idref="oc-170"/>
      </symbol>
      <symbol id="sm-63d">
         <name>_SEM_pendEnterKnl</name>
         <value>0x20a0</value>
         <object_component_ref idref="oc-175"/>
      </symbol>
      <symbol id="sm-645">
         <name>_SEM_postBinary</name>
         <value>0x3820</value>
         <object_component_ref idref="oc-178"/>
      </symbol>
      <symbol id="sm-646">
         <name>_SEM_post</name>
         <value>0x3820</value>
         <object_component_ref idref="oc-178"/>
      </symbol>
      <symbol id="sm-650">
         <name>_SEM_postEnterKnl</name>
         <value>0x3740</value>
         <object_component_ref idref="oc-17d"/>
      </symbol>
      <symbol id="sm-65a">
         <name>_SYS_abort</name>
         <value>0x40e0</value>
         <object_component_ref idref="oc-181"/>
      </symbol>
      <symbol id="sm-668">
         <name>__GBL_setL2CacheMode</name>
         <value>0xc34</value>
         <object_component_ref idref="oc-187"/>
      </symbol>
      <symbol id="sm-672">
         <name>__SEM_dopost</name>
         <value>0x2800</value>
         <object_component_ref idref="oc-18b"/>
      </symbol>
      <symbol id="sm-67c">
         <name>__auto_init</name>
         <value>0x3140</value>
         <object_component_ref idref="oc-18f"/>
      </symbol>
      <symbol id="sm-686">
         <name>__nround</name>
         <value>0x5e40</value>
         <object_component_ref idref="oc-1d1"/>
      </symbol>
      <symbol id="sm-698">
         <name>__unlock</name>
         <value>0x8e8c</value>
         <object_component_ref idref="oc-197"/>
      </symbol>
      <symbol id="sm-699">
         <name>__lock</name>
         <value>0x8e88</value>
         <object_component_ref idref="oc-197"/>
      </symbol>
      <symbol id="sm-69a">
         <name>__register_lock</name>
         <value>0x6460</value>
         <object_component_ref idref="oc-1c4"/>
      </symbol>
      <symbol id="sm-69b">
         <name>__nop</name>
         <value>0x6440</value>
         <object_component_ref idref="oc-1c7"/>
      </symbol>
      <symbol id="sm-69c">
         <name>__register_unlock</name>
         <value>0x6480</value>
         <object_component_ref idref="oc-1c5"/>
      </symbol>
      <symbol id="sm-6a4">
         <name>__c6xabi_strasgi</name>
         <value>0x5b00</value>
         <object_component_ref idref="oc-1d8"/>
      </symbol>
      <symbol id="sm-6a5">
         <name>__strasgi</name>
         <value>0x5b00</value>
         <object_component_ref idref="oc-1d8"/>
      </symbol>
      <symbol id="sm-6b3">
         <name>_atexit</name>
         <value>0x5f20</value>
         <object_component_ref idref="oc-1d6"/>
      </symbol>
      <symbol id="sm-6b4">
         <name>___atexit_func_id__</name>
         <value>0x8948</value>
         <object_component_ref idref="oc-19f"/>
      </symbol>
      <symbol id="sm-6c4">
         <name>_dtors</name>
         <value>0x8d9c</value>
         <object_component_ref idref="oc-1a4"/>
      </symbol>
      <symbol id="sm-6c5">
         <name>_call_dtors</name>
         <value>0x59a0</value>
         <object_component_ref idref="oc-1e5"/>
      </symbol>
      <symbol id="sm-6c6">
         <name>___add_dtor</name>
         <value>0x6360</value>
         <object_component_ref idref="oc-1e3"/>
      </symbol>
      <symbol id="sm-6d2">
         <name>___TI_enable_exit_profile_output</name>
         <value>0x8e84</value>
         <object_component_ref idref="oc-1a9"/>
      </symbol>
      <symbol id="sm-6d3">
         <name>__cleanup_ptr</name>
         <value>0x8e7c</value>
         <object_component_ref idref="oc-1a9"/>
      </symbol>
      <symbol id="sm-6d4">
         <name>__dtors_ptr</name>
         <value>0x8e80</value>
         <object_component_ref idref="oc-1a9"/>
      </symbol>
      <symbol id="sm-6de">
         <name>_memcpy</name>
         <value>0x5100</value>
         <object_component_ref idref="oc-1c6"/>
      </symbol>
      <symbol id="sm-6e8">
         <name>_modf</name>
         <value>0x6000</value>
         <object_component_ref idref="oc-1de"/>
      </symbol>
      <symbol id="sm-6f3">
         <name>_stereo_write_16Bit</name>
         <value>0x60e0</value>
         <object_component_ref idref="oc-1cf"/>
      </symbol>
      <symbol id="sm-6f4">
         <name>_mono_write_16Bit</name>
         <value>0x6134</value>
         <object_component_ref idref="oc-1cf"/>
      </symbol>
      <symbol id="sm-6f5">
         <name>_mono_read_16Bit</name>
         <value>0x615c</value>
         <object_component_ref idref="oc-1cf"/>
      </symbol>
      <symbol id="sm-6f6">
         <name>_stereo_read_16Bit</name>
         <value>0x6108</value>
         <object_component_ref idref="oc-1cf"/>
      </symbol>
      <symbol id="sm-704">
         <name>_sin</name>
         <value>0x4b40</value>
         <object_component_ref idref="oc-1d0"/>
      </symbol>
      <symbol id="sm-70e">
         <name>__trunc</name>
         <value>0x63a0</value>
         <object_component_ref idref="oc-1dd"/>
      </symbol>
   </symbol_table>
</link_info>
