<?xml version="1.0"?>
<link_info>
   <banner>TMS320C6x Linker PC v7.4.23</banner>
   <copyright>Copyright (c) 1996-2017 Texas Instruments Incorporated</copyright>
   <link_time>0x5e4c309a</link_time>
   <output_file>ProjectFiles.out</output_file>
   <entry_point>
      <name>_c_int00</name>
      <address>0x9f20</address>
   </entry_point>
   <input_file_list>
      <input_file id="fl-2">
         <path>.\</path>
         <kind>object</kind>
         <file>dsp_bios_cfg.obj</file>
         <name>dsp_bios_cfg.obj</name>
      </input_file>
      <input_file id="fl-3">
         <path>.\</path>
         <kind>object</kind>
         <file>dsp_bios_cfg_c.obj</file>
         <name>dsp_bios_cfg_c.obj</name>
      </input_file>
      <input_file id="fl-4">
         <path>.\</path>
         <kind>object</kind>
         <file>intio.obj</file>
         <name>intio.obj</name>
      </input_file>
      <input_file id="fl-12">
         <path>C:\ti\bios_5_42_02_10\packages\ti\bios\lib\</path>
         <kind>archive</kind>
         <file>biosC6000.a67</file>
         <name>clk_htime.o67</name>
      </input_file>
      <input_file id="fl-13">
         <path>C:\ti\bios_5_42_02_10\packages\ti\bios\lib\</path>
         <kind>archive</kind>
         <file>bios.a67</file>
         <name>biosdata.o67</name>
      </input_file>
      <input_file id="fl-14">
         <path>C:\ti\bios_5_42_02_10\packages\ti\bios\lib\</path>
         <kind>archive</kind>
         <file>bios.a67</file>
         <name>hwi_disp_asm.o67</name>
      </input_file>
      <input_file id="fl-15">
         <path>C:\ti\bios_5_42_02_10\packages\ti\bios\lib\</path>
         <kind>archive</kind>
         <file>bios.a67</file>
         <name>idl_stub.o67</name>
      </input_file>
      <input_file id="fl-16">
         <path>C:\ti\bios_5_42_02_10\packages\ti\bios\lib\</path>
         <kind>archive</kind>
         <file>lnkrtdx.a67</file>
         <name>rtdx.o67</name>
      </input_file>
      <input_file id="fl-17">
         <path>C:\ti\bios_5_42_02_10\packages\ti\bios\lib\</path>
         <kind>archive</kind>
         <file>bios.a67</file>
         <name>swi.o67</name>
      </input_file>
      <input_file id="fl-18">
         <path>C:\ti\bios_5_42_02_10\packages\ti\bios\lib\</path>
         <kind>archive</kind>
         <file>bios.a67</file>
         <name>fxn_c.o67</name>
      </input_file>
      <input_file id="fl-19">
         <path>C:\ti\bios_5_42_02_10\packages\ti\bios\lib\</path>
         <kind>archive</kind>
         <file>bios.a67</file>
         <name>gbl_cslpllinit62.o67</name>
      </input_file>
      <input_file id="fl-1a">
         <path>C:\ti\bios_5_42_02_10\packages\ti\bios\lib\</path>
         <kind>archive</kind>
         <file>bios.a67</file>
         <name>knl_tick.o67</name>
      </input_file>
      <input_file id="fl-1b">
         <path>C:\ti\bios_5_42_02_10\packages\ti\bios\lib\</path>
         <kind>archive</kind>
         <file>bios.a67</file>
         <name>utl_doab.o67</name>
      </input_file>
      <input_file id="fl-1c">
         <path>C:\ti\bios_5_42_02_10\packages\ti\bios\lib\</path>
         <kind>archive</kind>
         <file>bios.a67</file>
         <name>utl_doer.o67</name>
      </input_file>
      <input_file id="fl-1d">
         <path>C:\ti\bios_5_42_02_10\packages\ti\bios\lib\</path>
         <kind>archive</kind>
         <file>bios.a67</file>
         <name>utl_putc.o67</name>
      </input_file>
      <input_file id="fl-1e">
         <path>C:\ti\bios_5_42_02_10\packages\ti\bios\lib\</path>
         <kind>archive</kind>
         <file>bios.a67</file>
         <name>utl_halt.o67</name>
      </input_file>
      <input_file id="fl-1f">
         <path>C:\ti\bios_5_42_02_10\packages\ti\bios\lib\</path>
         <kind>archive</kind>
         <file>biosC6000.a67</file>
         <name>clk.o67</name>
      </input_file>
      <input_file id="fl-20">
         <path>C:\ti\bios_5_42_02_10\packages\ti\bios\lib\</path>
         <kind>archive</kind>
         <file>bios.a67</file>
         <name>fxn.o67</name>
      </input_file>
      <input_file id="fl-21">
         <path>C:\ti\bios_5_42_02_10\packages\ti\bios\lib\</path>
         <kind>archive</kind>
         <file>bios.a67</file>
         <name>boot.o67</name>
      </input_file>
      <input_file id="fl-22">
         <path>C:\ti\bios_5_42_02_10\packages\ti\bios\lib\</path>
         <kind>archive</kind>
         <file>bios.a67</file>
         <name>trc.o67</name>
      </input_file>
      <input_file id="fl-23">
         <path>C:\ti\bios_5_42_02_10\packages\ti\bios\lib\</path>
         <kind>archive</kind>
         <file>bios.a67</file>
         <name>hwi.o67</name>
      </input_file>
      <input_file id="fl-24">
         <path>C:\ti\bios_5_42_02_10\packages\ti\bios\lib\</path>
         <kind>archive</kind>
         <file>bios.a67</file>
         <name>idl_busy.o67</name>
      </input_file>
      <input_file id="fl-25">
         <path>C:\ti\bios_5_42_02_10\packages\ti\bios\lib\</path>
         <kind>archive</kind>
         <file>biosC6000.a67</file>
         <name>idl_cal.o67</name>
      </input_file>
      <input_file id="fl-26">
         <path>C:\ti\bios_5_42_02_10\packages\ti\bios\lib\</path>
         <kind>archive</kind>
         <file>bios.a67</file>
         <name>idl.o67</name>
      </input_file>
      <input_file id="fl-27">
         <path>C:\ti\bios_5_42_02_10\packages\ti\bios\lib\</path>
         <kind>archive</kind>
         <file>bios.a67</file>
         <name>knl_swit.o67</name>
      </input_file>
      <input_file id="fl-28">
         <path>C:\ti\bios_5_42_02_10\packages\ti\bios\lib\</path>
         <kind>archive</kind>
         <file>bios.a67</file>
         <name>log.o67</name>
      </input_file>
      <input_file id="fl-29">
         <path>C:\ti\bios_5_42_02_10\packages\ti\bios\lib\</path>
         <kind>archive</kind>
         <file>bios.a67</file>
         <name>pip.o67</name>
      </input_file>
      <input_file id="fl-2a">
         <path>C:\ti\bios_5_42_02_10\packages\ti\bios\lib\</path>
         <kind>archive</kind>
         <file>bios.a67</file>
         <name>prd.o67</name>
      </input_file>
      <input_file id="fl-2b">
         <path>C:\ti\bios_5_42_02_10\packages\ti\bios\lib\</path>
         <kind>archive</kind>
         <file>bios.a67</file>
         <name>rta.o67</name>
      </input_file>
      <input_file id="fl-2c">
         <path>C:\ti\bios_5_42_02_10\packages\ti\bios\lib\</path>
         <kind>archive</kind>
         <file>bios.a67</file>
         <name>rta_andn.o67</name>
      </input_file>
      <input_file id="fl-2d">
         <path>C:\ti\bios_5_42_02_10\packages\ti\bios\lib\</path>
         <kind>archive</kind>
         <file>bios.a67</file>
         <name>sts.o67</name>
      </input_file>
      <input_file id="fl-2e">
         <path>C:\ti\bios_5_42_02_10\packages\ti\bios\lib\</path>
         <kind>archive</kind>
         <file>bios.a67</file>
         <name>clk_data.o67</name>
      </input_file>
      <input_file id="fl-2f">
         <path>C:\ti\bios_5_42_02_10\packages\ti\bios\lib\</path>
         <kind>archive</kind>
         <file>bios.a67</file>
         <name>clk_data2.o67</name>
      </input_file>
      <input_file id="fl-30">
         <path>C:\ti\bios_5_42_02_10\packages\ti\bios\lib\</path>
         <kind>archive</kind>
         <file>biosC6000.a67</file>
         <name>clk_meas.o67</name>
      </input_file>
      <input_file id="fl-31">
         <path>C:\ti\bios_5_42_02_10\packages\ti\bios\lib\</path>
         <kind>archive</kind>
         <file>biosC6000.a67</file>
         <name>clk_start.o67</name>
      </input_file>
      <input_file id="fl-32">
         <path>C:\ti\bios_5_42_02_10\packages\ti\bios\lib\</path>
         <kind>archive</kind>
         <file>biosC6000.a67</file>
         <name>clk_stop.o67</name>
      </input_file>
      <input_file id="fl-33">
         <path>C:\ti\ccsv8\C6000\dsk6713\lib\</path>
         <kind>archive</kind>
         <file>dsk6713bslccsv4.lib</file>
         <name>dsk6713_aic23_opencodec.obj</name>
      </input_file>
      <input_file id="fl-34">
         <path>C:\ti\ccsv8\C6000\dsk6713\lib\</path>
         <kind>archive</kind>
         <file>dsk6713bslccsv4.lib</file>
         <name>dsk6713_aic23_registers.obj</name>
      </input_file>
      <input_file id="fl-35">
         <path>C:\ti\ccsv8\C6000\dsk6713\lib\</path>
         <kind>archive</kind>
         <file>dsk6713bslccsv4.lib</file>
         <name>dsk6713.obj</name>
      </input_file>
      <input_file id="fl-36">
         <path>C:\ti\bios_5_42_02_10\packages\ti\bios\lib\</path>
         <kind>archive</kind>
         <file>bios.a67</file>
         <name>gbl_cslcacheinit.o67</name>
      </input_file>
      <input_file id="fl-37">
         <path>C:\ti\bios_5_42_02_10\packages\ti\bios\lib\</path>
         <kind>archive</kind>
         <file>bios.a67</file>
         <name>gbl_vers.o67</name>
      </input_file>
      <input_file id="fl-38">
         <path>C:\ti\bios_5_42_02_10\packages\ti\bios\lib\</path>
         <kind>archive</kind>
         <file>bios.a67</file>
         <name>hwi_c.o67</name>
      </input_file>
      <input_file id="fl-39">
         <path>C:\ti\ccsv8\C6000\csl\lib\</path>
         <kind>archive</kind>
         <file>csl6713.lib</file>
         <name>csl_irq.obj</name>
      </input_file>
      <input_file id="fl-3a">
         <path>C:\ti\bios_5_42_02_10\packages\ti\bios\lib\</path>
         <kind>archive</kind>
         <file>bios.a67</file>
         <name>knl.o67</name>
      </input_file>
      <input_file id="fl-3b">
         <path>C:\ti\bios_5_42_02_10\packages\ti\bios\lib\</path>
         <kind>archive</kind>
         <file>bios.a67</file>
         <name>knl_exit.o67</name>
      </input_file>
      <input_file id="fl-3c">
         <path>C:\ti\bios_5_42_02_10\packages\ti\bios\lib\</path>
         <kind>archive</kind>
         <file>bios.a67</file>
         <name>knl_chec.o67</name>
      </input_file>
      <input_file id="fl-3d">
         <path>C:\ti\bios_5_42_02_10\packages\ti\bios\lib\</path>
         <kind>archive</kind>
         <file>bios.a67</file>
         <name>knl_post.o67</name>
      </input_file>
      <input_file id="fl-3e">
         <path>C:\ti\bios_5_42_02_10\packages\ti\bios\lib\</path>
         <kind>archive</kind>
         <file>bios.a67</file>
         <name>knl_ipos.o67</name>
      </input_file>
      <input_file id="fl-3f">
         <path>C:\ti\bios_5_42_02_10\packages\ti\bios\lib\</path>
         <kind>archive</kind>
         <file>bios.a67</file>
         <name>knl_run.o67</name>
      </input_file>
      <input_file id="fl-40">
         <path>C:\ti\ccsv8\C6000\csl\lib\</path>
         <kind>archive</kind>
         <file>csl6713.lib</file>
         <name>csl_mcbsp.obj</name>
      </input_file>
      <input_file id="fl-41">
         <path>C:\ti\bios_5_42_02_10\packages\ti\bios\lib\</path>
         <kind>archive</kind>
         <file>bios.a67</file>
         <name>obj_init.o67</name>
      </input_file>
      <input_file id="fl-42">
         <path>C:\ti\bios_5_42_02_10\packages\ti\rtdx\lib\c6000\</path>
         <kind>archive</kind>
         <file>rtdx.lib</file>
         <name>buffer2.o62</name>
      </input_file>
      <input_file id="fl-43">
         <path>C:\ti\bios_5_42_02_10\packages\ti\rtdx\lib\c6000\</path>
         <kind>archive</kind>
         <file>rtdx.lib</file>
         <name>buffer1.o62</name>
      </input_file>
      <input_file id="fl-44">
         <path>C:\ti\bios_5_42_02_10\packages\ti\rtdx\lib\c6000\</path>
         <kind>archive</kind>
         <file>rtdx.lib</file>
         <name>intr_tgt.o62</name>
      </input_file>
      <input_file id="fl-45">
         <path>C:\ti\bios_5_42_02_10\packages\ti\rtdx\lib\c6000\</path>
         <kind>archive</kind>
         <file>rtdx.lib</file>
         <name>rtdx_mon.o62</name>
      </input_file>
      <input_file id="fl-46">
         <path>C:\ti\bios_5_42_02_10\packages\ti\bios\lib\</path>
         <kind>archive</kind>
         <file>bios.a67</file>
         <name>sts_set.o67</name>
      </input_file>
      <input_file id="fl-47">
         <path>C:\ti\bios_5_42_02_10\packages\ti\bios\lib\</path>
         <kind>archive</kind>
         <file>bios.a67</file>
         <name>tsk.o67</name>
      </input_file>
      <input_file id="fl-48">
         <path>C:\ti\bios_5_42_02_10\packages\ti\bios\lib\</path>
         <kind>archive</kind>
         <file>bios.a67</file>
         <name>tsk_exit.o67</name>
      </input_file>
      <input_file id="fl-49">
         <path>C:\ti\bios_5_42_02_10\packages\ti\bios\lib\</path>
         <kind>archive</kind>
         <file>bios.a67</file>
         <name>sys_exit.o67</name>
      </input_file>
      <input_file id="fl-4a">
         <path>C:\ti\bios_5_42_02_10\packages\ti\bios\lib\</path>
         <kind>archive</kind>
         <file>bios.a67</file>
         <name>sys.o67</name>
      </input_file>
      <input_file id="fl-4b">
         <path>C:\ti\bios_5_42_02_10\packages\ti\bios\lib\</path>
         <kind>archive</kind>
         <file>bios.a67</file>
         <name>tsk_init.o67</name>
      </input_file>
      <input_file id="fl-4c">
         <path>C:\ti\bios_5_42_02_10\packages\ti\bios\lib\</path>
         <kind>archive</kind>
         <file>bios.a67</file>
         <name>tsk_setu.o67</name>
      </input_file>
      <input_file id="fl-4d">
         <path>C:\ti\bios_5_42_02_10\packages\ti\bios\lib\</path>
         <kind>archive</kind>
         <file>bios.a67</file>
         <name>tsk_stup.o67</name>
      </input_file>
      <input_file id="fl-4e">
         <path>C:\ti\bios_5_42_02_10\packages\ti\bios\lib\</path>
         <kind>archive</kind>
         <file>bios.a67</file>
         <name>lck.o67</name>
      </input_file>
      <input_file id="fl-4f">
         <path>C:\ti\bios_5_42_02_10\packages\ti\bios\lib\</path>
         <kind>archive</kind>
         <file>bios.a67</file>
         <name>sem_pend_counting.o67</name>
      </input_file>
      <input_file id="fl-50">
         <path>C:\ti\bios_5_42_02_10\packages\ti\bios\lib\</path>
         <kind>archive</kind>
         <file>bios.a67</file>
         <name>sem_pend.o67</name>
      </input_file>
      <input_file id="fl-51">
         <path>C:\ti\bios_5_42_02_10\packages\ti\bios\lib\</path>
         <kind>archive</kind>
         <file>bios.a67</file>
         <name>sem_post_asm.o67</name>
      </input_file>
      <input_file id="fl-52">
         <path>C:\ti\bios_5_42_02_10\packages\ti\bios\lib\</path>
         <kind>archive</kind>
         <file>bios.a67</file>
         <name>sem_post.o67</name>
      </input_file>
      <input_file id="fl-53">
         <path>C:\ti\bios_5_42_02_10\packages\ti\bios\lib\</path>
         <kind>archive</kind>
         <file>bios.a67</file>
         <name>sys_abor.o67</name>
      </input_file>
      <input_file id="fl-54">
         <path>C:\ti\bios_5_42_02_10\packages\ti\bios\lib\</path>
         <kind>archive</kind>
         <file>bios.a67</file>
         <name>gbl_setL2CacheMode.o67</name>
      </input_file>
      <input_file id="fl-55">
         <path>C:\ti\bios_5_42_02_10\packages\ti\bios\lib\</path>
         <kind>archive</kind>
         <file>bios.a67</file>
         <name>sem_dopo.o67</name>
      </input_file>
      <input_file id="fl-56">
         <path>C:\ti\bios_5_42_02_10\packages\ti\bios\lib\</path>
         <kind>archive</kind>
         <file>bios.a67</file>
         <name>autoinit.o67</name>
      </input_file>
      <input_file id="fl-57">
         <path>C:\ti\ccsv8\tools\compiler\c6000_7.4.23\lib\</path>
         <kind>archive</kind>
         <file>rts6700.lib</file>
         <name>_lock.obj</name>
      </input_file>
      <input_file id="fl-58">
         <path>C:\ti\ccsv8\tools\compiler\c6000_7.4.23\lib\</path>
         <kind>archive</kind>
         <file>rts6700.lib</file>
         <name>strasg.obj</name>
      </input_file>
      <input_file id="fl-59">
         <path>C:\ti\ccsv8\tools\compiler\c6000_7.4.23\lib\</path>
         <kind>archive</kind>
         <file>rts6700.lib</file>
         <name>atexit.obj</name>
      </input_file>
      <input_file id="fl-5a">
         <path>C:\ti\ccsv8\tools\compiler\c6000_7.4.23\lib\</path>
         <kind>archive</kind>
         <file>rts6700.lib</file>
         <name>sinit.obj</name>
      </input_file>
      <input_file id="fl-5b">
         <path>C:\ti\ccsv8\tools\compiler\c6000_7.4.23\lib\</path>
         <kind>archive</kind>
         <file>rts6700.lib</file>
         <name>exit.obj</name>
      </input_file>
      <input_file id="fl-5c">
         <path>C:\ti\ccsv8\tools\compiler\c6000_7.4.23\lib\</path>
         <kind>archive</kind>
         <file>rts6700.lib</file>
         <name>memcpy62.obj</name>
      </input_file>
      <input_file id="fl-5d">
         <path>C:\ti\ccsv8\C6000\dsk6713\lib\</path>
         <kind>archive</kind>
         <file>dsk6713bslccsv4.lib</file>
         <name>helper_functions_ISR.obj</name>
      </input_file>
   </input_file_list>
   <object_component_list>
      <object_component id="oc-5d">
         <name>.vers</name>
         <load_address>0x0</load_address>
         <run_address>0x0</run_address>
         <size>0x40</size>
         <input_file_ref idref="fl-2"/>
      </object_component>
      <object_component id="oc-4d">
         <name>.clk</name>
         <uninitialized>true</uninitialized>
         <run_address>0xadf8</run_address>
         <size>0x8</size>
         <input_file_ref idref="fl-2"/>
      </object_component>
      <object_component id="oc-7">
         <name>HWI_A_VECS</name>
         <load_address>0x0</load_address>
         <run_address>0x0</run_address>
         <size>0x0</size>
      </object_component>
      <object_component id="oc-52">
         <name>.hwi_vec</name>
         <load_address>0x0</load_address>
         <run_address>0x0</run_address>
         <size>0x200</size>
         <input_file_ref idref="fl-2"/>
      </object_component>
      <object_component id="oc-53">
         <name>.swi</name>
         <uninitialized>true</uninitialized>
         <run_address>0xb2a0</run_address>
         <size>0x2c</size>
         <input_file_ref idref="fl-2"/>
      </object_component>
      <object_component id="oc-56">
         <name>.tsk</name>
         <uninitialized>true</uninitialized>
         <run_address>0xb1c4</run_address>
         <size>0x60</size>
         <input_file_ref idref="fl-2"/>
      </object_component>
      <object_component id="oc-59">
         <name>.idl</name>
         <uninitialized>true</uninitialized>
         <run_address>0x9c4c</run_address>
         <size>0x10</size>
         <input_file_ref idref="fl-2"/>
      </object_component>
      <object_component id="oc-58">
         <name>.idlcal</name>
         <uninitialized>true</uninitialized>
         <run_address>0xb30c</run_address>
         <size>0x10</size>
         <input_file_ref idref="fl-2"/>
      </object_component>
      <object_component id="oc-48">
         <name>.bss</name>
         <uninitialized>true</uninitialized>
         <run_address>0xab48</run_address>
         <size>0x18</size>
         <input_file_ref idref="fl-2"/>
      </object_component>
      <object_component id="oc-63">
         <name>.bss</name>
         <uninitialized>true</uninitialized>
         <run_address>0xab98</run_address>
         <size>0xc</size>
         <input_file_ref idref="fl-4"/>
      </object_component>
      <object_component id="oc-6d">
         <name>.bss</name>
         <uninitialized>true</uninitialized>
         <run_address>0xa980</run_address>
         <size>0xcc</size>
         <input_file_ref idref="fl-13"/>
      </object_component>
      <object_component id="oc-6f">
         <name>.bss</name>
         <uninitialized>true</uninitialized>
         <run_address>0xa880</run_address>
         <size>0x100</size>
         <input_file_ref idref="fl-14"/>
      </object_component>
      <object_component id="oc-76">
         <name>.bss</name>
         <uninitialized>true</uninitialized>
         <run_address>0xab60</run_address>
         <size>0x18</size>
         <input_file_ref idref="fl-16"/>
      </object_component>
      <object_component id="oc-7c">
         <name>.bss</name>
         <uninitialized>true</uninitialized>
         <run_address>0xaa4c</run_address>
         <size>0x9c</size>
         <input_file_ref idref="fl-17"/>
      </object_component>
      <object_component id="oc-aa">
         <name>.bss</name>
         <uninitialized>true</uninitialized>
         <run_address>0xab30</run_address>
         <size>0x18</size>
         <input_file_ref idref="fl-23"/>
      </object_component>
      <object_component id="oc-ac">
         <name>.bss</name>
         <uninitialized>true</uninitialized>
         <run_address>0xabc0</run_address>
         <size>0x4</size>
         <input_file_ref idref="fl-24"/>
      </object_component>
      <object_component id="oc-d8">
         <name>.bss</name>
         <uninitialized>true</uninitialized>
         <run_address>0xaba4</run_address>
         <size>0x8</size>
         <input_file_ref idref="fl-2e"/>
      </object_component>
      <object_component id="oc-db">
         <name>.bss</name>
         <uninitialized>true</uninitialized>
         <run_address>0xab94</run_address>
         <size>0x4</size>
         <input_file_ref idref="fl-2f"/>
      </object_component>
      <object_component id="oc-ea">
         <name>.bss</name>
         <uninitialized>true</uninitialized>
         <run_address>0xabb4</run_address>
         <size>0x8</size>
         <input_file_ref idref="fl-33"/>
      </object_component>
      <object_component id="oc-f6">
         <name>.bss</name>
         <uninitialized>true</uninitialized>
         <run_address>0xabc4</run_address>
         <size>0x2</size>
         <input_file_ref idref="fl-35"/>
      </object_component>
      <object_component id="oc-10e">
         <name>.bss</name>
         <uninitialized>true</uninitialized>
         <run_address>0xaae8</run_address>
         <size>0x48</size>
         <input_file_ref idref="fl-3a"/>
      </object_component>
      <object_component id="oc-135">
         <name>.bss</name>
         <uninitialized>true</uninitialized>
         <run_address>0xab78</run_address>
         <size>0x10</size>
         <input_file_ref idref="fl-43"/>
      </object_component>
      <object_component id="oc-149">
         <name>.bss</name>
         <uninitialized>true</uninitialized>
         <run_address>0xab88</run_address>
         <size>0xc</size>
         <input_file_ref idref="fl-47"/>
      </object_component>
      <object_component id="oc-157">
         <name>.bss</name>
         <uninitialized>true</uninitialized>
         <run_address>0xabac</run_address>
         <size>0x8</size>
         <input_file_ref idref="fl-4a"/>
      </object_component>
      <object_component id="oc-184">
         <name>.bss</name>
         <uninitialized>true</uninitialized>
         <run_address>0xabbc</run_address>
         <size>0x4</size>
         <input_file_ref idref="fl-54"/>
      </object_component>
      <object_component id="oc-66">
         <name>.far</name>
         <uninitialized>true</uninitialized>
         <run_address>0x6100</run_address>
         <size>0xfbc</size>
         <input_file_ref idref="fl-4"/>
      </object_component>
      <object_component id="oc-89">
         <name>.far</name>
         <uninitialized>true</uninitialized>
         <run_address>0x7590</run_address>
         <size>0x10</size>
         <input_file_ref idref="fl-1a"/>
      </object_component>
      <object_component id="oc-96">
         <name>.far</name>
         <uninitialized>true</uninitialized>
         <run_address>0x75a0</run_address>
         <size>0xc</size>
         <input_file_ref idref="fl-1d"/>
      </object_component>
      <object_component id="oc-f2">
         <name>.far</name>
         <uninitialized>true</uninitialized>
         <run_address>0x7548</run_address>
         <size>0x28</size>
         <input_file_ref idref="fl-34"/>
      </object_component>
      <object_component id="oc-10a">
         <name>.far</name>
         <uninitialized>true</uninitialized>
         <run_address>0x7244</run_address>
         <size>0xf4</size>
         <input_file_ref idref="fl-39"/>
      </object_component>
      <object_component id="oc-111">
         <name>.far</name>
         <uninitialized>true</uninitialized>
         <run_address>0x7338</run_address>
         <size>0xd8</size>
         <input_file_ref idref="fl-3a"/>
      </object_component>
      <object_component id="oc-128">
         <name>.far</name>
         <uninitialized>true</uninitialized>
         <run_address>0x7510</run_address>
         <size>0x38</size>
         <input_file_ref idref="fl-40"/>
      </object_component>
      <object_component id="oc-12e">
         <name>.far</name>
         <uninitialized>true</uninitialized>
         <run_address>0x746c</run_address>
         <size>0x54</size>
         <input_file_ref idref="fl-41"/>
      </object_component>
      <object_component id="oc-14c">
         <name>.far</name>
         <uninitialized>true</uninitialized>
         <run_address>0x7410</run_address>
         <size>0x5c</size>
         <input_file_ref idref="fl-47"/>
      </object_component>
      <object_component id="oc-15a">
         <name>.far</name>
         <uninitialized>true</uninitialized>
         <run_address>0x7570</run_address>
         <size>0x20</size>
         <input_file_ref idref="fl-4a"/>
      </object_component>
      <object_component id="oc-167">
         <name>.far</name>
         <uninitialized>true</uninitialized>
         <run_address>0x74c0</run_address>
         <size>0x50</size>
         <input_file_ref idref="fl-4d"/>
      </object_component>
      <object_component id="oc-194">
         <name>.far</name>
         <uninitialized>true</uninitialized>
         <run_address>0x75b8</run_address>
         <size>0x8</size>
         <input_file_ref idref="fl-57"/>
      </object_component>
      <object_component id="oc-19c">
         <name>.far</name>
         <uninitialized>true</uninitialized>
         <run_address>0x70bc</run_address>
         <size>0x188</size>
         <input_file_ref idref="fl-59"/>
      </object_component>
      <object_component id="oc-1a1">
         <name>.far</name>
         <uninitialized>true</uninitialized>
         <run_address>0x75c0</run_address>
         <size>0x4</size>
         <input_file_ref idref="fl-5a"/>
      </object_component>
      <object_component id="oc-1a6">
         <name>.far</name>
         <uninitialized>true</uninitialized>
         <run_address>0x75ac</run_address>
         <size>0xc</size>
         <input_file_ref idref="fl-5b"/>
      </object_component>
      <object_component id="oc-78">
         <name>.bios</name>
         <load_address>0x200</load_address>
         <run_address>0x200</run_address>
         <size>0x600</size>
         <input_file_ref idref="fl-16"/>
      </object_component>
      <object_component id="oc-187">
         <name>.bios</name>
         <load_address>0x800</load_address>
         <run_address>0x800</run_address>
         <size>0x5e0</size>
         <input_file_ref idref="fl-54"/>
      </object_component>
      <object_component id="oc-40">
         <name>.bios</name>
         <load_address>0xde0</load_address>
         <run_address>0xde0</run_address>
         <size>0x540</size>
         <input_file_ref idref="fl-17"/>
      </object_component>
      <object_component id="oc-41">
         <name>.bios</name>
         <load_address>0x1320</load_address>
         <run_address>0x1320</run_address>
         <size>0x460</size>
         <input_file_ref idref="fl-14"/>
      </object_component>
      <object_component id="oc-c7">
         <name>.bios</name>
         <load_address>0x1780</load_address>
         <run_address>0x1780</run_address>
         <size>0x3a0</size>
         <input_file_ref idref="fl-2a"/>
      </object_component>
      <object_component id="oc-124">
         <name>.bios</name>
         <load_address>0x1b20</load_address>
         <run_address>0x1b20</run_address>
         <size>0x2c0</size>
         <input_file_ref idref="fl-3f"/>
      </object_component>
      <object_component id="oc-cc">
         <name>.bios</name>
         <load_address>0x1de0</load_address>
         <run_address>0x1de0</run_address>
         <size>0x2c0</size>
         <input_file_ref idref="fl-2b"/>
      </object_component>
      <object_component id="oc-175">
         <name>.bios</name>
         <load_address>0x20a0</load_address>
         <run_address>0x20a0</run_address>
         <size>0x2c0</size>
         <input_file_ref idref="fl-50"/>
      </object_component>
      <object_component id="oc-44">
         <name>.bios</name>
         <load_address>0x2360</load_address>
         <run_address>0x2360</run_address>
         <size>0x260</size>
         <input_file_ref idref="fl-1a"/>
      </object_component>
      <object_component id="oc-c3">
         <name>.bios</name>
         <load_address>0x25c0</load_address>
         <run_address>0x25c0</run_address>
         <size>0x240</size>
         <input_file_ref idref="fl-29"/>
      </object_component>
      <object_component id="oc-18b">
         <name>.bios</name>
         <load_address>0x2800</load_address>
         <run_address>0x2800</run_address>
         <size>0x220</size>
         <input_file_ref idref="fl-55"/>
      </object_component>
      <object_component id="oc-161">
         <name>.bios</name>
         <load_address>0x2a20</load_address>
         <run_address>0x2a20</run_address>
         <size>0x200</size>
         <input_file_ref idref="fl-4c"/>
      </object_component>
      <object_component id="oc-bb">
         <name>.bios</name>
         <load_address>0x2c20</load_address>
         <run_address>0x2c20</run_address>
         <size>0x1c0</size>
         <input_file_ref idref="fl-27"/>
      </object_component>
      <object_component id="oc-9c">
         <name>.bios</name>
         <load_address>0x2de0</load_address>
         <run_address>0x2de0</run_address>
         <size>0x1c0</size>
         <input_file_ref idref="fl-1f"/>
      </object_component>
      <object_component id="oc-150">
         <name>.bios</name>
         <load_address>0x2fa0</load_address>
         <run_address>0x2fa0</run_address>
         <size>0x1a0</size>
         <input_file_ref idref="fl-48"/>
      </object_component>
      <object_component id="oc-18f">
         <name>.bios</name>
         <load_address>0x3140</load_address>
         <run_address>0x3140</run_address>
         <size>0x180</size>
         <input_file_ref idref="fl-56"/>
      </object_component>
      <object_component id="oc-168">
         <name>.bios</name>
         <load_address>0x32c0</load_address>
         <run_address>0x32c0</run_address>
         <size>0x180</size>
         <input_file_ref idref="fl-4d"/>
      </object_component>
      <object_component id="oc-117">
         <name>.bios</name>
         <load_address>0x3440</load_address>
         <run_address>0x3440</run_address>
         <size>0x140</size>
         <input_file_ref idref="fl-3c"/>
      </object_component>
      <object_component id="oc-fd">
         <name>.bios</name>
         <load_address>0x3580</load_address>
         <run_address>0x3580</run_address>
         <size>0xe0</size>
         <input_file_ref idref="fl-36"/>
      </object_component>
      <object_component id="oc-114">
         <name>.bios</name>
         <load_address>0x3660</load_address>
         <run_address>0x3660</run_address>
         <size>0xe0</size>
         <input_file_ref idref="fl-3b"/>
      </object_component>
      <object_component id="oc-17d">
         <name>.bios</name>
         <load_address>0x3740</load_address>
         <run_address>0x3740</run_address>
         <size>0xe0</size>
         <input_file_ref idref="fl-52"/>
      </object_component>
      <object_component id="oc-178">
         <name>.bios</name>
         <load_address>0x3820</load_address>
         <run_address>0x3820</run_address>
         <size>0xe0</size>
         <input_file_ref idref="fl-51"/>
      </object_component>
      <object_component id="oc-de">
         <name>.bios</name>
         <load_address>0x3900</load_address>
         <run_address>0x3900</run_address>
         <size>0xe0</size>
         <input_file_ref idref="fl-30"/>
      </object_component>
      <object_component id="oc-120">
         <name>.bios</name>
         <load_address>0x39e0</load_address>
         <run_address>0x39e0</run_address>
         <size>0xc0</size>
         <input_file_ref idref="fl-3e"/>
      </object_component>
      <object_component id="oc-11c">
         <name>.bios</name>
         <load_address>0x3aa0</load_address>
         <run_address>0x3aa0</run_address>
         <size>0xc0</size>
         <input_file_ref idref="fl-3d"/>
      </object_component>
      <object_component id="oc-16d">
         <name>.bios</name>
         <load_address>0x3b60</load_address>
         <run_address>0x3b60</run_address>
         <size>0xc0</size>
         <input_file_ref idref="fl-4e"/>
      </object_component>
      <object_component id="oc-154">
         <name>.bios</name>
         <load_address>0x3c20</load_address>
         <run_address>0x3c20</run_address>
         <size>0xc0</size>
         <input_file_ref idref="fl-49"/>
      </object_component>
      <object_component id="oc-42">
         <name>.bios</name>
         <load_address>0x3ce0</load_address>
         <run_address>0x3ce0</run_address>
         <size>0xc0</size>
         <input_file_ref idref="fl-12"/>
      </object_component>
      <object_component id="oc-a0">
         <name>.bios</name>
         <load_address>0x3da0</load_address>
         <run_address>0x3da0</run_address>
         <size>0x80</size>
         <input_file_ref idref="fl-20"/>
      </object_component>
      <object_component id="oc-ae">
         <name>.bios</name>
         <load_address>0x3e20</load_address>
         <run_address>0x3e20</run_address>
         <size>0x80</size>
         <input_file_ref idref="fl-24"/>
      </object_component>
      <object_component id="oc-bf">
         <name>.bios</name>
         <load_address>0x3ea0</load_address>
         <run_address>0x3ea0</run_address>
         <size>0x80</size>
         <input_file_ref idref="fl-28"/>
      </object_component>
      <object_component id="oc-d4">
         <name>.bios</name>
         <load_address>0x3f20</load_address>
         <run_address>0x3f20</run_address>
         <size>0x80</size>
         <input_file_ref idref="fl-2d"/>
      </object_component>
      <object_component id="oc-b2">
         <name>.bios</name>
         <load_address>0x3fa0</load_address>
         <run_address>0x3fa0</run_address>
         <size>0x80</size>
         <input_file_ref idref="fl-25"/>
      </object_component>
      <object_component id="oc-104">
         <name>.bios</name>
         <load_address>0x4020</load_address>
         <run_address>0x4020</run_address>
         <size>0x60</size>
         <input_file_ref idref="fl-38"/>
      </object_component>
      <object_component id="oc-170">
         <name>.bios</name>
         <load_address>0x4080</load_address>
         <run_address>0x4080</run_address>
         <size>0x60</size>
         <input_file_ref idref="fl-4f"/>
      </object_component>
      <object_component id="oc-181">
         <name>.bios</name>
         <load_address>0x40e0</load_address>
         <run_address>0x40e0</run_address>
         <size>0x60</size>
         <input_file_ref idref="fl-53"/>
      </object_component>
      <object_component id="oc-43">
         <name>.bios</name>
         <load_address>0x4140</load_address>
         <run_address>0x4140</run_address>
         <size>0x60</size>
         <input_file_ref idref="fl-1d"/>
      </object_component>
      <object_component id="oc-e2">
         <name>.bios</name>
         <load_address>0x41a0</load_address>
         <run_address>0x41a0</run_address>
         <size>0x60</size>
         <input_file_ref idref="fl-31"/>
      </object_component>
      <object_component id="oc-3d">
         <name>.bios</name>
         <load_address>0x4200</load_address>
         <run_address>0x4200</run_address>
         <size>0x40</size>
         <input_file_ref idref="fl-15"/>
      </object_component>
      <object_component id="oc-d0">
         <name>.bios</name>
         <load_address>0x4240</load_address>
         <run_address>0x4240</run_address>
         <size>0x40</size>
         <input_file_ref idref="fl-2c"/>
      </object_component>
      <object_component id="oc-3c">
         <name>.bios</name>
         <load_address>0x4280</load_address>
         <run_address>0x4280</run_address>
         <size>0x40</size>
         <input_file_ref idref="fl-1b"/>
      </object_component>
      <object_component id="oc-e6">
         <name>.bios</name>
         <load_address>0x42c0</load_address>
         <run_address>0x42c0</run_address>
         <size>0x40</size>
         <input_file_ref idref="fl-32"/>
      </object_component>
      <object_component id="oc-47">
         <name>.bios</name>
         <load_address>0x4300</load_address>
         <run_address>0x4300</run_address>
         <size>0x20</size>
         <input_file_ref idref="fl-18"/>
      </object_component>
      <object_component id="oc-100">
         <name>.bios</name>
         <load_address>0x4320</load_address>
         <run_address>0x4320</run_address>
         <size>0x20</size>
         <input_file_ref idref="fl-37"/>
      </object_component>
      <object_component id="oc-b6">
         <name>.bios</name>
         <load_address>0x4340</load_address>
         <run_address>0x4340</run_address>
         <size>0x20</size>
         <input_file_ref idref="fl-26"/>
      </object_component>
      <object_component id="oc-145">
         <name>.bios</name>
         <load_address>0x4360</load_address>
         <run_address>0x4360</run_address>
         <size>0x20</size>
         <input_file_ref idref="fl-46"/>
      </object_component>
      <object_component id="oc-46">
         <name>.bios</name>
         <load_address>0x4380</load_address>
         <run_address>0x4380</run_address>
         <size>0x20</size>
         <input_file_ref idref="fl-1c"/>
      </object_component>
      <object_component id="oc-45">
         <name>.bios</name>
         <load_address>0x43a0</load_address>
         <run_address>0x43a0</run_address>
         <size>0x20</size>
         <input_file_ref idref="fl-1e"/>
      </object_component>
      <object_component id="oc-139">
         <name>.pinit</name>
         <load_address>0xb32c</load_address>
         <run_address>0xb32c</run_address>
         <size>0x4</size>
         <input_file_ref idref="fl-43"/>
      </object_component>
      <object_component id="oc-142">
         <name>.pinit</name>
         <load_address>0xb330</load_address>
         <run_address>0xb330</run_address>
         <size>0x4</size>
         <input_file_ref idref="fl-45"/>
      </object_component>
      <object_component id="oc-4c">
         <name>.sys</name>
         <uninitialized>true</uninitialized>
         <run_address>0xb31c</run_address>
         <size>0x10</size>
         <input_file_ref idref="fl-2"/>
      </object_component>
      <object_component id="oc-1ba">
         <name>.text</name>
         <load_address>0x43c0</load_address>
         <run_address>0x43c0</run_address>
         <size>0x480</size>
         <input_file_ref idref="fl-35"/>
      </object_component>
      <object_component id="oc-1b0">
         <name>.text</name>
         <load_address>0x4840</load_address>
         <run_address>0x4840</run_address>
         <size>0x420</size>
         <input_file_ref idref="fl-4"/>
      </object_component>
      <object_component id="oc-1bb">
         <name>.text</name>
         <load_address>0x4c60</load_address>
         <run_address>0x4c60</run_address>
         <size>0x2e0</size>
         <input_file_ref idref="fl-33"/>
      </object_component>
      <object_component id="oc-1b8">
         <name>.text:_memcpy</name>
         <load_address>0x4f40</load_address>
         <run_address>0x4f40</run_address>
         <size>0x240</size>
         <input_file_ref idref="fl-5c"/>
      </object_component>
      <object_component id="oc-1be">
         <name>.text:_IRQ_map</name>
         <load_address>0x5180</load_address>
         <run_address>0x5180</run_address>
         <size>0x1c0</size>
         <input_file_ref idref="fl-39"/>
      </object_component>
      <object_component id="oc-1d2">
         <name>.text:_MCBSP_reset</name>
         <load_address>0x5340</load_address>
         <run_address>0x5340</run_address>
         <size>0x1a0</size>
         <input_file_ref idref="fl-40"/>
      </object_component>
      <object_component id="oc-3e">
         <name>.text</name>
         <load_address>0x54e0</load_address>
         <run_address>0x54e0</run_address>
         <size>0x180</size>
         <input_file_ref idref="fl-19"/>
      </object_component>
      <object_component id="oc-1cb">
         <name>.text</name>
         <load_address>0x5660</load_address>
         <run_address>0x5660</run_address>
         <size>0x180</size>
         <input_file_ref idref="fl-34"/>
      </object_component>
      <object_component id="oc-1d3">
         <name>.text:_call_dtors</name>
         <load_address>0x57e0</load_address>
         <run_address>0x57e0</run_address>
         <size>0x160</size>
         <input_file_ref idref="fl-5a"/>
      </object_component>
      <object_component id="oc-1c8">
         <name>.text:__strasgi</name>
         <load_address>0x5940</load_address>
         <run_address>0x5940</run_address>
         <size>0x140</size>
         <input_file_ref idref="fl-58"/>
      </object_component>
      <object_component id="oc-1c9">
         <name>.text:_MCBSP_open</name>
         <load_address>0x5a80</load_address>
         <run_address>0x5a80</run_address>
         <size>0x100</size>
         <input_file_ref idref="fl-40"/>
      </object_component>
      <object_component id="oc-1ca">
         <name>.text:_MCBSP_start</name>
         <load_address>0x5b80</load_address>
         <run_address>0x5b80</run_address>
         <size>0x100</size>
         <input_file_ref idref="fl-40"/>
      </object_component>
      <object_component id="oc-1c6">
         <name>.text:_atexit</name>
         <load_address>0x5c80</load_address>
         <run_address>0x5c80</run_address>
         <size>0xe0</size>
         <input_file_ref idref="fl-59"/>
      </object_component>
      <object_component id="oc-1c1">
         <name>.text</name>
         <load_address>0x5d60</load_address>
         <run_address>0x5d60</run_address>
         <size>0xe0</size>
         <input_file_ref idref="fl-5d"/>
      </object_component>
      <object_component id="oc-164">
         <name>.text</name>
         <load_address>0x5e40</load_address>
         <run_address>0x5e40</run_address>
         <size>0xc0</size>
         <input_file_ref idref="fl-4d"/>
      </object_component>
      <object_component id="oc-1cc">
         <name>.text:_setMux</name>
         <load_address>0x5f00</load_address>
         <run_address>0x5f00</run_address>
         <size>0xa0</size>
         <input_file_ref idref="fl-39"/>
      </object_component>
      <object_component id="oc-1bf">
         <name>.text:_IRQ_enable</name>
         <load_address>0x5fa0</load_address>
         <run_address>0x5fa0</run_address>
         <size>0x40</size>
         <input_file_ref idref="fl-39"/>
      </object_component>
      <object_component id="oc-1d1">
         <name>.text:___add_dtor</name>
         <load_address>0x5fe0</load_address>
         <run_address>0x5fe0</run_address>
         <size>0x40</size>
         <input_file_ref idref="fl-5a"/>
      </object_component>
      <object_component id="oc-1bc">
         <name>.text:_IRQ_globalDisable</name>
         <load_address>0x6020</load_address>
         <run_address>0x6020</run_address>
         <size>0x20</size>
         <input_file_ref idref="fl-39"/>
      </object_component>
      <object_component id="oc-1c0">
         <name>.text:_IRQ_globalEnable</name>
         <load_address>0x6040</load_address>
         <run_address>0x6040</run_address>
         <size>0x20</size>
         <input_file_ref idref="fl-39"/>
      </object_component>
      <object_component id="oc-1bd">
         <name>.text:_IRQ_nmiEnable</name>
         <load_address>0x6060</load_address>
         <run_address>0x6060</run_address>
         <size>0x20</size>
         <input_file_ref idref="fl-39"/>
      </object_component>
      <object_component id="oc-1b9">
         <name>.text:__nop</name>
         <load_address>0x6080</load_address>
         <run_address>0x6080</run_address>
         <size>0x20</size>
         <input_file_ref idref="fl-57"/>
      </object_component>
      <object_component id="oc-1b6">
         <name>.text:__register_lock</name>
         <load_address>0x60a0</load_address>
         <run_address>0x60a0</run_address>
         <size>0x20</size>
         <input_file_ref idref="fl-57"/>
      </object_component>
      <object_component id="oc-1b7">
         <name>.text:__register_unlock</name>
         <load_address>0x60c0</load_address>
         <run_address>0x60c0</run_address>
         <size>0x20</size>
         <input_file_ref idref="fl-57"/>
      </object_component>
      <object_component id="oc-108">
         <name>.text</name>
         <load_address>0x60e0</load_address>
         <run_address>0x60e0</run_address>
         <size>0x20</size>
         <input_file_ref idref="fl-39"/>
      </object_component>
      <object_component id="oc-4a">
         <name>.cinit</name>
         <load_address>0x75c8</load_address>
         <run_address>0x75c8</run_address>
         <size>0x564</size>
         <input_file_ref idref="fl-2"/>
      </object_component>
      <object_component id="oc-65">
         <name>.cinit</name>
         <load_address>0x7b30</load_address>
         <run_address>0x7b30</run_address>
         <size>0x440</size>
         <input_file_ref idref="fl-4"/>
      </object_component>
      <object_component id="oc-6e">
         <name>.cinit</name>
         <load_address>0x7f70</load_address>
         <run_address>0x7f70</run_address>
         <size>0x26c</size>
         <input_file_ref idref="fl-13"/>
      </object_component>
      <object_component id="oc-110">
         <name>.cinit</name>
         <load_address>0x81e0</load_address>
         <run_address>0x81e0</run_address>
         <size>0x1a4</size>
         <input_file_ref idref="fl-3a"/>
      </object_component>
      <object_component id="oc-109">
         <name>.cinit</name>
         <load_address>0x8388</load_address>
         <run_address>0x8388</run_address>
         <size>0x12c</size>
         <input_file_ref idref="fl-39"/>
      </object_component>
      <object_component id="oc-7d">
         <name>.cinit</name>
         <load_address>0x84b8</load_address>
         <run_address>0x84b8</run_address>
         <size>0xb0</size>
         <input_file_ref idref="fl-17"/>
      </object_component>
      <object_component id="oc-14b">
         <name>.cinit</name>
         <load_address>0x8568</load_address>
         <run_address>0x8568</run_address>
         <size>0x80</size>
         <input_file_ref idref="fl-47"/>
      </object_component>
      <object_component id="oc-166">
         <name>.cinit</name>
         <load_address>0x85e8</load_address>
         <run_address>0x85e8</run_address>
         <size>0x60</size>
         <input_file_ref idref="fl-4d"/>
      </object_component>
      <object_component id="oc-77">
         <name>.cinit</name>
         <load_address>0x8648</load_address>
         <run_address>0x8648</run_address>
         <size>0x5c</size>
         <input_file_ref idref="fl-16"/>
      </object_component>
      <object_component id="oc-127">
         <name>.cinit</name>
         <load_address>0x86a8</load_address>
         <run_address>0x86a8</run_address>
         <size>0x54</size>
         <input_file_ref idref="fl-40"/>
      </object_component>
      <object_component id="oc-cb">
         <name>.cinit</name>
         <load_address>0x8700</load_address>
         <run_address>0x8700</run_address>
         <size>0x4c</size>
         <input_file_ref idref="fl-2b"/>
      </object_component>
      <object_component id="oc-137">
         <name>.cinit</name>
         <load_address>0x8750</load_address>
         <run_address>0x8750</run_address>
         <size>0x4c</size>
         <input_file_ref idref="fl-43"/>
      </object_component>
      <object_component id="oc-ab">
         <name>.cinit</name>
         <load_address>0x87a0</load_address>
         <run_address>0x87a0</run_address>
         <size>0x34</size>
         <input_file_ref idref="fl-23"/>
      </object_component>
      <object_component id="oc-f1">
         <name>.cinit</name>
         <load_address>0x87d8</load_address>
         <run_address>0x87d8</run_address>
         <size>0x30</size>
         <input_file_ref idref="fl-34"/>
      </object_component>
      <object_component id="oc-95">
         <name>.cinit</name>
         <load_address>0x8808</load_address>
         <run_address>0x8808</run_address>
         <size>0x2c</size>
         <input_file_ref idref="fl-1d"/>
      </object_component>
      <object_component id="oc-1a5">
         <name>.cinit</name>
         <load_address>0x8838</load_address>
         <run_address>0x8838</run_address>
         <size>0x2c</size>
         <input_file_ref idref="fl-5b"/>
      </object_component>
      <object_component id="oc-12d">
         <name>.cinit</name>
         <load_address>0x8868</load_address>
         <run_address>0x8868</run_address>
         <size>0x24</size>
         <input_file_ref idref="fl-41"/>
      </object_component>
      <object_component id="oc-159">
         <name>.cinit</name>
         <load_address>0x8890</load_address>
         <run_address>0x8890</run_address>
         <size>0x1c</size>
         <input_file_ref idref="fl-4a"/>
      </object_component>
      <object_component id="oc-193">
         <name>.cinit</name>
         <load_address>0x88b0</load_address>
         <run_address>0x88b0</run_address>
         <size>0x1c</size>
         <input_file_ref idref="fl-57"/>
      </object_component>
      <object_component id="oc-19b">
         <name>.cinit</name>
         <load_address>0x88d0</load_address>
         <run_address>0x88d0</run_address>
         <size>0x1c</size>
         <input_file_ref idref="fl-59"/>
      </object_component>
      <object_component id="oc-88">
         <name>.cinit</name>
         <load_address>0x88f0</load_address>
         <run_address>0x88f0</run_address>
         <size>0x18</size>
         <input_file_ref idref="fl-1a"/>
      </object_component>
      <object_component id="oc-186">
         <name>.cinit</name>
         <load_address>0x8908</load_address>
         <run_address>0x8908</run_address>
         <size>0xc</size>
         <input_file_ref idref="fl-54"/>
      </object_component>
      <object_component id="oc-ad">
         <name>.cinit</name>
         <load_address>0x8918</load_address>
         <run_address>0x8918</run_address>
         <size>0xc</size>
         <input_file_ref idref="fl-24"/>
      </object_component>
      <object_component id="oc-ba">
         <name>.cinit</name>
         <load_address>0x8928</load_address>
         <run_address>0x8928</run_address>
         <size>0xc</size>
         <input_file_ref idref="fl-27"/>
      </object_component>
      <object_component id="oc-1a0">
         <name>.cinit</name>
         <load_address>0x8938</load_address>
         <run_address>0x8938</run_address>
         <size>0xc</size>
         <input_file_ref idref="fl-5a"/>
      </object_component>
      <object_component id="oc-1c3">
         <name>.switch</name>
         <load_address>0xb2cc</load_address>
         <run_address>0xb2cc</run_address>
         <size>0x28</size>
         <input_file_ref idref="fl-45"/>
      </object_component>
      <object_component id="oc-49">
         <name>.gblinit</name>
         <load_address>0xb224</load_address>
         <run_address>0xb224</run_address>
         <size>0x40</size>
         <input_file_ref idref="fl-2"/>
      </object_component>
      <object_component id="oc-5c">
         <name>.sysinit</name>
         <load_address>0x9c60</load_address>
         <run_address>0x9c60</run_address>
         <size>0x2c0</size>
         <input_file_ref idref="fl-2"/>
      </object_component>
      <object_component id="oc-3f">
         <name>.sysinit</name>
         <load_address>0x9f20</load_address>
         <run_address>0x9f20</run_address>
         <size>0xc0</size>
         <input_file_ref idref="fl-21"/>
      </object_component>
      <object_component id="oc-15d">
         <name>.sysinit</name>
         <load_address>0x9fe0</load_address>
         <run_address>0x9fe0</run_address>
         <size>0x80</size>
         <input_file_ref idref="fl-4b"/>
      </object_component>
      <object_component id="oc-12f">
         <name>.sysinit</name>
         <load_address>0xa060</load_address>
         <run_address>0xa060</run_address>
         <size>0x20</size>
         <input_file_ref idref="fl-41"/>
      </object_component>
      <object_component id="oc-a9">
         <name>.trcdata</name>
         <load_address>0xb338</load_address>
         <run_address>0xb338</run_address>
         <size>0xc</size>
         <input_file_ref idref="fl-22"/>
      </object_component>
      <object_component id="oc-4b">
         <name>.rtdx_data</name>
         <uninitialized>true</uninitialized>
         <run_address>0x9800</run_address>
         <size>0x410</size>
         <input_file_ref idref="fl-2"/>
      </object_component>
      <object_component id="oc-138">
         <name>.rtdx_data</name>
         <uninitialized>true</uninitialized>
         <run_address>0x9c10</run_address>
         <size>0x20</size>
         <input_file_ref idref="fl-43"/>
      </object_component>
      <object_component id="oc-141">
         <name>.rtdx_data</name>
         <uninitialized>true</uninitialized>
         <run_address>0x9c30</run_address>
         <size>0x1c</size>
         <input_file_ref idref="fl-45"/>
      </object_component>
      <object_component id="oc-1b1">
         <name>.rtdx_text:_RTDX_Poll</name>
         <load_address>0x8960</load_address>
         <run_address>0x8960</run_address>
         <size>0x400</size>
         <input_file_ref idref="fl-45"/>
      </object_component>
      <object_component id="oc-1c5">
         <name>.rtdx_text:_RTDX_Buffer_WriteCB</name>
         <load_address>0x8d60</load_address>
         <run_address>0x8d60</run_address>
         <size>0x340</size>
         <input_file_ref idref="fl-43"/>
      </object_component>
      <object_component id="oc-1cf">
         <name>.rtdx_text:_RTDX_write_next</name>
         <load_address>0x90a0</load_address>
         <run_address>0x90a0</run_address>
         <size>0x300</size>
         <input_file_ref idref="fl-43"/>
      </object_component>
      <object_component id="oc-1d0">
         <name>.rtdx_text:_RTDX_Mon_Queue</name>
         <load_address>0x93a0</load_address>
         <run_address>0x93a0</run_address>
         <size>0x140</size>
         <input_file_ref idref="fl-45"/>
      </object_component>
      <object_component id="oc-1ce">
         <name>.rtdx_text:_claim</name>
         <load_address>0x94e0</load_address>
         <run_address>0x94e0</run_address>
         <size>0xe0</size>
         <input_file_ref idref="fl-43"/>
      </object_component>
      <object_component id="oc-1b5">
         <name>.rtdx_text:_RTDX_Init_RT_Monitor</name>
         <load_address>0x95c0</load_address>
         <run_address>0x95c0</run_address>
         <size>0x80</size>
         <input_file_ref idref="fl-45"/>
      </object_component>
      <object_component id="oc-1b4">
         <name>.rtdx_text:_RTDX_Buffer_Initialize</name>
         <load_address>0x9640</load_address>
         <run_address>0x9640</run_address>
         <size>0x60</size>
         <input_file_ref idref="fl-43"/>
      </object_component>
      <object_component id="oc-1c4">
         <name>.rtdx_text:_RTDX_Buffer_ReadCB</name>
         <load_address>0x96a0</load_address>
         <run_address>0x96a0</run_address>
         <size>0x60</size>
         <input_file_ref idref="fl-42"/>
      </object_component>
      <object_component id="oc-1cd">
         <name>.rtdx_text:_RTDX_Buffer_Size</name>
         <load_address>0x9700</load_address>
         <run_address>0x9700</run_address>
         <size>0x40</size>
         <input_file_ref idref="fl-43"/>
      </object_component>
      <object_component id="oc-1c7">
         <name>.rtdx_text:_RTDX_Final_RT_Monitor</name>
         <load_address>0x9740</load_address>
         <run_address>0x9740</run_address>
         <size>0x40</size>
         <input_file_ref idref="fl-45"/>
      </object_component>
      <object_component id="oc-1b2">
         <name>.rtdx_text:_RTDX_Buffer_Read</name>
         <load_address>0x9780</load_address>
         <run_address>0x9780</run_address>
         <size>0x20</size>
         <input_file_ref idref="fl-42"/>
      </object_component>
      <object_component id="oc-1b3">
         <name>.rtdx_text:_RTDX_Buffer_Write</name>
         <load_address>0x97a0</load_address>
         <run_address>0x97a0</run_address>
         <size>0x20</size>
         <input_file_ref idref="fl-43"/>
      </object_component>
      <object_component id="oc-1c2">
         <name>.rtdx_text:_RTDX_checksum</name>
         <load_address>0x97c0</load_address>
         <run_address>0x97c0</run_address>
         <size>0x20</size>
         <input_file_ref idref="fl-45"/>
      </object_component>
      <object_component id="oc-13d">
         <name>.rtdx_text</name>
         <load_address>0x97e0</load_address>
         <run_address>0x97e0</run_address>
         <size>0x20</size>
         <input_file_ref idref="fl-44"/>
      </object_component>
      <object_component id="oc-57">
         <name>.TSK_idle$stk</name>
         <uninitialized>true</uninitialized>
         <run_address>0xa080</run_address>
         <size>0x400</size>
         <input_file_ref idref="fl-2"/>
      </object_component>
      <object_component id="oc-5a">
         <name>.LOG_system$buf</name>
         <uninitialized>true</uninitialized>
         <run_address>0xae00</run_address>
         <size>0x100</size>
         <input_file_ref idref="fl-2"/>
      </object_component>
      <object_component id="oc-4e">
         <name>.hst1</name>
         <uninitialized>true</uninitialized>
         <run_address>0x894c</run_address>
         <size>0x10</size>
         <input_file_ref idref="fl-2"/>
      </object_component>
      <object_component id="oc-51">
         <name>.hst0</name>
         <uninitialized>true</uninitialized>
         <run_address>0xaf00</run_address>
         <size>0x100</size>
         <input_file_ref idref="fl-2"/>
      </object_component>
      <object_component id="oc-169">
         <name>.const</name>
         <load_address>0xb000</load_address>
         <run_address>0xb000</run_address>
         <size>0x4e</size>
         <input_file_ref idref="fl-4d"/>
      </object_component>
      <object_component id="oc-ec">
         <name>.const</name>
         <load_address>0xb050</load_address>
         <run_address>0xb050</run_address>
         <size>0x40</size>
         <input_file_ref idref="fl-33"/>
      </object_component>
      <object_component id="oc-8d">
         <name>.const</name>
         <load_address>0xb090</load_address>
         <run_address>0xb090</run_address>
         <size>0x23</size>
         <input_file_ref idref="fl-1b"/>
      </object_component>
      <object_component id="oc-91">
         <name>.const</name>
         <load_address>0xb0b3</load_address>
         <run_address>0xb0b3</run_address>
         <size>0x22</size>
         <input_file_ref idref="fl-1c"/>
      </object_component>
      <object_component id="oc-f8">
         <name>.const</name>
         <load_address>0xb0d8</load_address>
         <run_address>0xb0d8</run_address>
         <size>0x20</size>
         <input_file_ref idref="fl-35"/>
      </object_component>
      <object_component id="oc-14d">
         <name>.const</name>
         <load_address>0xb0f8</load_address>
         <run_address>0xb0f8</run_address>
         <size>0x1</size>
         <input_file_ref idref="fl-47"/>
      </object_component>
      <object_component id="oc-54">
         <name>.printf</name>
         <load_address>0xb0f9</load_address>
         <run_address>0xb0f9</run_address>
         <size>0x3f</size>
         <input_file_ref idref="fl-2"/>
      </object_component>
      <object_component id="oc-a5">
         <name>.args</name>
         <load_address>0x75c4</load_address>
         <run_address>0x75c4</run_address>
         <size>0x0</size>
         <input_file_ref idref="fl-21"/>
      </object_component>
      <object_component id="oc-32">
         <name>_SYS_PUTCBEG</name>
         <load_address>0xabc8</load_address>
         <run_address>0xabc8</run_address>
         <size>0x0</size>
      </object_component>
      <object_component id="oc-34">
         <name>_SYS_PUTCEND</name>
         <load_address>0xadc8</load_address>
         <run_address>0xadc8</run_address>
         <size>0x0</size>
      </object_component>
      <object_component id="oc-4f">
         <name>.hst</name>
         <uninitialized>true</uninitialized>
         <run_address>0xb264</run_address>
         <size>0x3c</size>
         <input_file_ref idref="fl-2"/>
      </object_component>
      <object_component id="oc-5b">
         <name>.log</name>
         <load_address>0xb2f4</load_address>
         <run_address>0xb2f4</run_address>
         <size>0x18</size>
         <input_file_ref idref="fl-2"/>
      </object_component>
      <object_component id="oc-50">
         <name>.pip</name>
         <uninitialized>true</uninitialized>
         <run_address>0xb0fc</run_address>
         <size>0xc8</size>
         <input_file_ref idref="fl-2"/>
      </object_component>
      <object_component id="oc-55">
         <name>.sts</name>
         <load_address>0xadc8</load_address>
         <run_address>0xadc8</run_address>
         <size>0x30</size>
         <input_file_ref idref="fl-2"/>
      </object_component>
      <object_component id="oc-3a">
         <name>GBL_stackbeg</name>
         <uninitialized>true</uninitialized>
         <run_address>0xa480</run_address>
         <size>0x0</size>
      </object_component>
      <object_component id="oc-a6">
         <name>.stack</name>
         <uninitialized>true</uninitialized>
         <run_address>0xa480</run_address>
         <size>0x0</size>
         <input_file_ref idref="fl-21"/>
      </object_component>
      <object_component id="oc-209">
         <name>.stack</name>
         <uninitialized>true</uninitialized>
         <run_address>0xa480</run_address>
         <size>0x0</size>
      </object_component>
      <object_component id="oc-5e">
         <name>.debug_info</name>
         <load_address>0x0</load_address>
         <run_address>0x0</run_address>
         <size>0x33a</size>
         <input_file_ref idref="fl-2"/>
      </object_component>
      <object_component id="oc-61">
         <name>.debug_info</name>
         <load_address>0x33a</load_address>
         <run_address>0x33a</run_address>
         <size>0x5c7</size>
         <input_file_ref idref="fl-3"/>
      </object_component>
      <object_component id="oc-64">
         <name>.debug_info</name>
         <load_address>0x901</load_address>
         <run_address>0x901</run_address>
         <size>0xce2</size>
         <input_file_ref idref="fl-4"/>
      </object_component>
      <object_component id="oc-6a">
         <name>.debug_info</name>
         <load_address>0x15e3</load_address>
         <run_address>0x15e3</run_address>
         <size>0xf8</size>
         <input_file_ref idref="fl-12"/>
      </object_component>
      <object_component id="oc-70">
         <name>.debug_info</name>
         <load_address>0x16db</load_address>
         <run_address>0x16db</run_address>
         <size>0xb9</size>
         <input_file_ref idref="fl-14"/>
      </object_component>
      <object_component id="oc-73">
         <name>.debug_info</name>
         <load_address>0x1794</load_address>
         <run_address>0x1794</run_address>
         <size>0xaf</size>
         <input_file_ref idref="fl-15"/>
      </object_component>
      <object_component id="oc-79">
         <name>.debug_info</name>
         <load_address>0x1843</load_address>
         <run_address>0x1843</run_address>
         <size>0x1a5</size>
         <input_file_ref idref="fl-16"/>
      </object_component>
      <object_component id="oc-7e">
         <name>.debug_info</name>
         <load_address>0x19e8</load_address>
         <run_address>0x19e8</run_address>
         <size>0x13c</size>
         <input_file_ref idref="fl-17"/>
      </object_component>
      <object_component id="oc-81">
         <name>.debug_info</name>
         <load_address>0x1b24</load_address>
         <run_address>0x1b24</run_address>
         <size>0x607</size>
         <input_file_ref idref="fl-18"/>
      </object_component>
      <object_component id="oc-84">
         <name>.debug_info</name>
         <load_address>0x212b</load_address>
         <run_address>0x212b</run_address>
         <size>0x6f0</size>
         <input_file_ref idref="fl-19"/>
      </object_component>
      <object_component id="oc-87">
         <name>.debug_info</name>
         <load_address>0x281b</load_address>
         <run_address>0x281b</run_address>
         <size>0xf1f</size>
         <input_file_ref idref="fl-1a"/>
      </object_component>
      <object_component id="oc-8c">
         <name>.debug_info</name>
         <load_address>0x373a</load_address>
         <run_address>0x373a</run_address>
         <size>0x7fd</size>
         <input_file_ref idref="fl-1b"/>
      </object_component>
      <object_component id="oc-90">
         <name>.debug_info</name>
         <load_address>0x3f37</load_address>
         <run_address>0x3f37</run_address>
         <size>0x7ea</size>
         <input_file_ref idref="fl-1c"/>
      </object_component>
      <object_component id="oc-94">
         <name>.debug_info</name>
         <load_address>0x4721</load_address>
         <run_address>0x4721</run_address>
         <size>0x6d9</size>
         <input_file_ref idref="fl-1d"/>
      </object_component>
      <object_component id="oc-99">
         <name>.debug_info</name>
         <load_address>0x4dfa</load_address>
         <run_address>0x4dfa</run_address>
         <size>0x690</size>
         <input_file_ref idref="fl-1e"/>
      </object_component>
      <object_component id="oc-9d">
         <name>.debug_info</name>
         <load_address>0x548a</load_address>
         <run_address>0x548a</run_address>
         <size>0x112</size>
         <input_file_ref idref="fl-1f"/>
      </object_component>
      <object_component id="oc-a1">
         <name>.debug_info</name>
         <load_address>0x559c</load_address>
         <run_address>0x559c</run_address>
         <size>0x106</size>
         <input_file_ref idref="fl-20"/>
      </object_component>
      <object_component id="oc-a4">
         <name>.debug_info</name>
         <load_address>0x56a2</load_address>
         <run_address>0x56a2</run_address>
         <size>0x65a</size>
         <input_file_ref idref="fl-21"/>
      </object_component>
      <object_component id="oc-af">
         <name>.debug_info</name>
         <load_address>0x5cfc</load_address>
         <run_address>0x5cfc</run_address>
         <size>0xaf</size>
         <input_file_ref idref="fl-24"/>
      </object_component>
      <object_component id="oc-b3">
         <name>.debug_info</name>
         <load_address>0x5dab</load_address>
         <run_address>0x5dab</run_address>
         <size>0xb8</size>
         <input_file_ref idref="fl-25"/>
      </object_component>
      <object_component id="oc-b7">
         <name>.debug_info</name>
         <load_address>0x5e63</load_address>
         <run_address>0x5e63</run_address>
         <size>0xaa</size>
         <input_file_ref idref="fl-26"/>
      </object_component>
      <object_component id="oc-bc">
         <name>.debug_info</name>
         <load_address>0x5f0d</load_address>
         <run_address>0x5f0d</run_address>
         <size>0x11b</size>
         <input_file_ref idref="fl-27"/>
      </object_component>
      <object_component id="oc-c0">
         <name>.debug_info</name>
         <load_address>0x6028</load_address>
         <run_address>0x6028</run_address>
         <size>0xaa</size>
         <input_file_ref idref="fl-28"/>
      </object_component>
      <object_component id="oc-c4">
         <name>.debug_info</name>
         <load_address>0x60d2</load_address>
         <run_address>0x60d2</run_address>
         <size>0x10c</size>
         <input_file_ref idref="fl-29"/>
      </object_component>
      <object_component id="oc-c8">
         <name>.debug_info</name>
         <load_address>0x61de</load_address>
         <run_address>0x61de</run_address>
         <size>0xd8</size>
         <input_file_ref idref="fl-2a"/>
      </object_component>
      <object_component id="oc-cd">
         <name>.debug_info</name>
         <load_address>0x62b6</load_address>
         <run_address>0x62b6</run_address>
         <size>0x1c2</size>
         <input_file_ref idref="fl-2b"/>
      </object_component>
      <object_component id="oc-d1">
         <name>.debug_info</name>
         <load_address>0x6478</load_address>
         <run_address>0x6478</run_address>
         <size>0xdb</size>
         <input_file_ref idref="fl-2c"/>
      </object_component>
      <object_component id="oc-d5">
         <name>.debug_info</name>
         <load_address>0x6553</load_address>
         <run_address>0x6553</run_address>
         <size>0x106</size>
         <input_file_ref idref="fl-2d"/>
      </object_component>
      <object_component id="oc-d9">
         <name>.debug_info</name>
         <load_address>0x6659</load_address>
         <run_address>0x6659</run_address>
         <size>0x60b</size>
         <input_file_ref idref="fl-2e"/>
      </object_component>
      <object_component id="oc-dc">
         <name>.debug_info</name>
         <load_address>0x6c64</load_address>
         <run_address>0x6c64</run_address>
         <size>0x5e5</size>
         <input_file_ref idref="fl-2f"/>
      </object_component>
      <object_component id="oc-df">
         <name>.debug_info</name>
         <load_address>0x7249</load_address>
         <run_address>0x7249</run_address>
         <size>0xb7</size>
         <input_file_ref idref="fl-30"/>
      </object_component>
      <object_component id="oc-e3">
         <name>.debug_info</name>
         <load_address>0x7300</load_address>
         <run_address>0x7300</run_address>
         <size>0xb4</size>
         <input_file_ref idref="fl-31"/>
      </object_component>
      <object_component id="oc-e7">
         <name>.debug_info</name>
         <load_address>0x73b4</load_address>
         <run_address>0x73b4</run_address>
         <size>0xb1</size>
         <input_file_ref idref="fl-32"/>
      </object_component>
      <object_component id="oc-eb">
         <name>.debug_info</name>
         <load_address>0x7465</load_address>
         <run_address>0x7465</run_address>
         <size>0xf57</size>
         <input_file_ref idref="fl-33"/>
      </object_component>
      <object_component id="oc-f0">
         <name>.debug_info</name>
         <load_address>0x83bc</load_address>
         <run_address>0x83bc</run_address>
         <size>0x1095</size>
         <input_file_ref idref="fl-34"/>
      </object_component>
      <object_component id="oc-f7">
         <name>.debug_info</name>
         <load_address>0x9451</load_address>
         <run_address>0x9451</run_address>
         <size>0x117f</size>
         <input_file_ref idref="fl-35"/>
      </object_component>
      <object_component id="oc-fc">
         <name>.debug_info</name>
         <load_address>0xa5d0</load_address>
         <run_address>0xa5d0</run_address>
         <size>0x7ee</size>
         <input_file_ref idref="fl-36"/>
      </object_component>
      <object_component id="oc-101">
         <name>.debug_info</name>
         <load_address>0xadbe</load_address>
         <run_address>0xadbe</run_address>
         <size>0xb9</size>
         <input_file_ref idref="fl-37"/>
      </object_component>
      <object_component id="oc-105">
         <name>.debug_info</name>
         <load_address>0xae77</load_address>
         <run_address>0xae77</run_address>
         <size>0x116</size>
         <input_file_ref idref="fl-38"/>
      </object_component>
      <object_component id="oc-10c">
         <name>.debug_info</name>
         <load_address>0xaf8d</load_address>
         <run_address>0xaf8d</run_address>
         <size>0xc2b</size>
         <input_file_ref idref="fl-39"/>
      </object_component>
      <object_component id="oc-10f">
         <name>.debug_info</name>
         <load_address>0xbbb8</load_address>
         <run_address>0xbbb8</run_address>
         <size>0xbd9</size>
         <input_file_ref idref="fl-3a"/>
      </object_component>
      <object_component id="oc-113">
         <name>.debug_info</name>
         <load_address>0xc791</load_address>
         <run_address>0xc791</run_address>
         <size>0xbb1</size>
         <input_file_ref idref="fl-3b"/>
      </object_component>
      <object_component id="oc-118">
         <name>.debug_info</name>
         <load_address>0xd342</load_address>
         <run_address>0xd342</run_address>
         <size>0x109</size>
         <input_file_ref idref="fl-3c"/>
      </object_component>
      <object_component id="oc-11b">
         <name>.debug_info</name>
         <load_address>0xd44b</load_address>
         <run_address>0xd44b</run_address>
         <size>0x8c8</size>
         <input_file_ref idref="fl-3d"/>
      </object_component>
      <object_component id="oc-11f">
         <name>.debug_info</name>
         <load_address>0xdd13</load_address>
         <run_address>0xdd13</run_address>
         <size>0x981</size>
         <input_file_ref idref="fl-3e"/>
      </object_component>
      <object_component id="oc-123">
         <name>.debug_info</name>
         <load_address>0xe694</load_address>
         <run_address>0xe694</run_address>
         <size>0xe4a</size>
         <input_file_ref idref="fl-3f"/>
      </object_component>
      <object_component id="oc-12a">
         <name>.debug_info</name>
         <load_address>0xf4de</load_address>
         <run_address>0xf4de</run_address>
         <size>0xac3</size>
         <input_file_ref idref="fl-40"/>
      </object_component>
      <object_component id="oc-12c">
         <name>.debug_info</name>
         <load_address>0xffa1</load_address>
         <run_address>0xffa1</run_address>
         <size>0x6b8</size>
         <input_file_ref idref="fl-41"/>
      </object_component>
      <object_component id="oc-132">
         <name>.debug_info</name>
         <load_address>0x10659</load_address>
         <run_address>0x10659</run_address>
         <size>0xa7f</size>
         <input_file_ref idref="fl-42"/>
      </object_component>
      <object_component id="oc-136">
         <name>.debug_info</name>
         <load_address>0x110d8</load_address>
         <run_address>0x110d8</run_address>
         <size>0x1201</size>
         <input_file_ref idref="fl-43"/>
      </object_component>
      <object_component id="oc-13c">
         <name>.debug_info</name>
         <load_address>0x122d9</load_address>
         <run_address>0x122d9</run_address>
         <size>0x5c1</size>
         <input_file_ref idref="fl-44"/>
      </object_component>
      <object_component id="oc-140">
         <name>.debug_info</name>
         <load_address>0x1289a</load_address>
         <run_address>0x1289a</run_address>
         <size>0xc80</size>
         <input_file_ref idref="fl-45"/>
      </object_component>
      <object_component id="oc-146">
         <name>.debug_info</name>
         <load_address>0x1351a</load_address>
         <run_address>0x1351a</run_address>
         <size>0xaa</size>
         <input_file_ref idref="fl-46"/>
      </object_component>
      <object_component id="oc-14a">
         <name>.debug_info</name>
         <load_address>0x135c4</load_address>
         <run_address>0x135c4</run_address>
         <size>0xa57</size>
         <input_file_ref idref="fl-47"/>
      </object_component>
      <object_component id="oc-14f">
         <name>.debug_info</name>
         <load_address>0x1401b</load_address>
         <run_address>0x1401b</run_address>
         <size>0xda7</size>
         <input_file_ref idref="fl-48"/>
      </object_component>
      <object_component id="oc-153">
         <name>.debug_info</name>
         <load_address>0x14dc2</load_address>
         <run_address>0x14dc2</run_address>
         <size>0x7a6</size>
         <input_file_ref idref="fl-49"/>
      </object_component>
      <object_component id="oc-158">
         <name>.debug_info</name>
         <load_address>0x15568</load_address>
         <run_address>0x15568</run_address>
         <size>0x659</size>
         <input_file_ref idref="fl-4a"/>
      </object_component>
      <object_component id="oc-15c">
         <name>.debug_info</name>
[...]
         <object_component_ref idref="oc-1ba"/>
      </symbol>
      <symbol id="sm-4b1">
         <name>_DSK6713_version</name>
         <value>0xabc4</value>
         <object_component_ref idref="oc-f6"/>
      </symbol>
      <symbol id="sm-4b2">
         <name>_DSK6713_init</name>
         <value>0x4590</value>
         <object_component_ref idref="oc-1ba"/>
      </symbol>
      <symbol id="sm-4b3">
         <name>_DSK6713_waitusec</name>
         <value>0x4464</value>
         <object_component_ref idref="oc-1ba"/>
      </symbol>
      <symbol id="sm-4b4">
         <name>_DSK6713_wait</name>
         <value>0x43c0</value>
         <object_component_ref idref="oc-1ba"/>
      </symbol>
      <symbol id="sm-4be">
         <name>_GBL_cslCacheInit</name>
         <value>0x3580</value>
         <object_component_ref idref="oc-fd"/>
      </symbol>
      <symbol id="sm-4c6">
         <name>GBL_A_VERSION</name>
         <value>0x5205</value>
      </symbol>
      <symbol id="sm-4c7">
         <name>_GBL_getVersion</name>
         <value>0x4320</value>
         <object_component_ref idref="oc-100"/>
      </symbol>
      <symbol id="sm-4cf">
         <name>_HWI_restore</name>
         <value>0x404c</value>
         <object_component_ref idref="oc-104"/>
      </symbol>
      <symbol id="sm-4d0">
         <name>_HWI_enable</name>
         <value>0x4038</value>
         <object_component_ref idref="oc-104"/>
      </symbol>
      <symbol id="sm-4d1">
         <name>_HWI_disable</name>
         <value>0x4020</value>
         <object_component_ref idref="oc-104"/>
      </symbol>
      <symbol id="sm-4eb">
         <name>__IRQ_eventTable</name>
         <value>0x726c</value>
         <object_component_ref idref="oc-10a"/>
      </symbol>
      <symbol id="sm-4ec">
         <name>_IRQ_nmiEnable</name>
         <value>0x6060</value>
         <object_component_ref idref="oc-1bd"/>
      </symbol>
      <symbol id="sm-4ed">
         <name>__IRQ_intTable</name>
         <value>0x72f0</value>
         <object_component_ref idref="oc-10a"/>
      </symbol>
      <symbol id="sm-4ee">
         <name>_IRQ_globalEnable</name>
         <value>0x6040</value>
         <object_component_ref idref="oc-1c0"/>
      </symbol>
      <symbol id="sm-4ef">
         <name>_IRQ_globalDisable</name>
         <value>0x6020</value>
         <object_component_ref idref="oc-1bc"/>
      </symbol>
      <symbol id="sm-4f0">
         <name>_IRQ_map</name>
         <value>0x5180</value>
         <object_component_ref idref="oc-1be"/>
      </symbol>
      <symbol id="sm-4f1">
         <name>_IRQ_enable</name>
         <value>0x5fa0</value>
         <object_component_ref idref="oc-1bf"/>
      </symbol>
      <symbol id="sm-4f2">
         <name>__IRQ_dispatchTable</name>
         <value>0x7330</value>
         <object_component_ref idref="oc-10a"/>
      </symbol>
      <symbol id="sm-4f3">
         <name>__IRQ_hookFetchPacket</name>
         <value>0x60e0</value>
         <object_component_ref idref="oc-108"/>
      </symbol>
      <symbol id="sm-4ff">
         <name>_KNL_maxqueue</name>
         <value>0xab18</value>
         <object_component_ref idref="oc-10e"/>
      </symbol>
      <symbol id="sm-500">
         <name>_KNL_inactive</name>
         <value>0xaaf8</value>
         <object_component_ref idref="oc-10e"/>
      </symbol>
      <symbol id="sm-501">
         <name>_KNL_tswitchfxn</name>
         <value>0xab1c</value>
         <object_component_ref idref="oc-10e"/>
      </symbol>
      <symbol id="sm-502">
         <name>_KNL_setpri</name>
         <value>0xaaf4</value>
         <object_component_ref idref="oc-10e"/>
      </symbol>
      <symbol id="sm-503">
         <name>_KNL_swiptr</name>
         <value>0xab10</value>
         <object_component_ref idref="oc-10e"/>
      </symbol>
      <symbol id="sm-504">
         <name>_KNL_dummy</name>
         <value>0x73d8</value>
         <object_component_ref idref="oc-111"/>
      </symbol>
      <symbol id="sm-505">
         <name>_KNL_curtask</name>
         <value>0xab04</value>
         <object_component_ref idref="oc-10e"/>
      </symbol>
      <symbol id="sm-506">
         <name>_KNL_curqueue</name>
         <value>0xab14</value>
         <object_component_ref idref="oc-10e"/>
      </symbol>
      <symbol id="sm-507">
         <name>_KNL_wList</name>
         <value>0xaaec</value>
         <object_component_ref idref="oc-10e"/>
      </symbol>
      <symbol id="sm-508">
         <name>_KNL_curtime</name>
         <value>0xab0c</value>
         <object_component_ref idref="oc-10e"/>
      </symbol>
      <symbol id="sm-509">
         <name>_KNL_set</name>
         <value>0xab00</value>
         <object_component_ref idref="oc-10e"/>
      </symbol>
      <symbol id="sm-50a">
         <name>_KNL_alarm</name>
         <value>0xaaf0</value>
         <object_component_ref idref="oc-10e"/>
      </symbol>
      <symbol id="sm-50b">
         <name>_KNL_prevtask</name>
         <value>0xab08</value>
         <object_component_ref idref="oc-10e"/>
      </symbol>
      <symbol id="sm-50c">
         <name>_KNL_queues</name>
         <value>0x7338</value>
         <object_component_ref idref="oc-111"/>
      </symbol>
      <symbol id="sm-50d">
         <name>_KNL_idlefxn</name>
         <value>0xab2c</value>
         <object_component_ref idref="oc-10e"/>
      </symbol>
      <symbol id="sm-50e">
         <name>_KNL_priority</name>
         <value>0xaafc</value>
         <object_component_ref idref="oc-10e"/>
      </symbol>
      <symbol id="sm-50f">
         <name>_KNL_treadyfxn</name>
         <value>0xab28</value>
         <object_component_ref idref="oc-10e"/>
      </symbol>
      <symbol id="sm-510">
         <name>_KNL_tcreatefxn</name>
         <value>0xab20</value>
         <object_component_ref idref="oc-10e"/>
      </symbol>
      <symbol id="sm-511">
         <name>_KNL_wFlag</name>
         <value>0xaae8</value>
         <object_component_ref idref="oc-10e"/>
      </symbol>
      <symbol id="sm-512">
         <name>_KNL_tdeletefxn</name>
         <value>0xab24</value>
         <object_component_ref idref="oc-10e"/>
      </symbol>
      <symbol id="sm-51c">
         <name>_KNL_exit</name>
         <value>0x3660</value>
         <object_component_ref idref="oc-114"/>
      </symbol>
      <symbol id="sm-51d">
         <name>_KNL_enter</name>
         <value>0x36b4</value>
         <object_component_ref idref="oc-114"/>
      </symbol>
      <symbol id="sm-525">
         <name>__KNL_lat1beg</name>
         <value>0x3490</value>
         <object_component_ref idref="oc-117"/>
      </symbol>
      <symbol id="sm-526">
         <name>__KNL_lat1end</name>
         <value>0x3518</value>
         <object_component_ref idref="oc-117"/>
      </symbol>
      <symbol id="sm-527">
         <name>_KNL_max</name>
         <value>0x353c</value>
         <object_component_ref idref="oc-117"/>
      </symbol>
      <symbol id="sm-528">
         <name>_KNL_check</name>
         <value>0x3440</value>
         <object_component_ref idref="oc-117"/>
      </symbol>
      <symbol id="sm-529">
         <name>_KNL_idle</name>
         <value>0x3518</value>
         <object_component_ref idref="oc-117"/>
      </symbol>
      <symbol id="sm-533">
         <name>_KNL_post</name>
         <value>0x3aa0</value>
         <object_component_ref idref="oc-11c"/>
      </symbol>
      <symbol id="sm-53d">
         <name>_KNL_ipost</name>
         <value>0x39e0</value>
         <object_component_ref idref="oc-120"/>
      </symbol>
      <symbol id="sm-547">
         <name>_KNL_run</name>
         <value>0x1b20</value>
         <object_component_ref idref="oc-124"/>
      </symbol>
      <symbol id="sm-559">
         <name>_MCBSP_reset</name>
         <value>0x5340</value>
         <object_component_ref idref="oc-1d2"/>
      </symbol>
      <symbol id="sm-55a">
         <name>_MCBSP_open</name>
         <value>0x5a80</value>
         <object_component_ref idref="oc-1c9"/>
      </symbol>
      <symbol id="sm-55b">
         <name>__MCBSP_hDev0</name>
         <value>0x7540</value>
         <object_component_ref idref="oc-128"/>
      </symbol>
      <symbol id="sm-55c">
         <name>__MCBSP_hDev1</name>
         <value>0x7544</value>
         <object_component_ref idref="oc-128"/>
      </symbol>
      <symbol id="sm-55d">
         <name>_MCBSP_start</name>
         <value>0x5b80</value>
         <object_component_ref idref="oc-1ca"/>
      </symbol>
      <symbol id="sm-56b">
         <name>_OBJ_table</name>
         <value>0x746c</value>
         <object_component_ref idref="oc-12e"/>
      </symbol>
      <symbol id="sm-56c">
         <name>_OBJ_init</name>
         <value>0xa060</value>
         <object_component_ref idref="oc-12f"/>
      </symbol>
      <symbol id="sm-56d">
         <name>_OBJ_segtab</name>
         <value>0x74a4</value>
         <object_component_ref idref="oc-12e"/>
      </symbol>
      <symbol id="sm-579">
         <name>_RTDX_Buffer_ReadCB</name>
         <value>0x96a0</value>
         <object_component_ref idref="oc-1c4"/>
      </symbol>
      <symbol id="sm-57a">
         <name>RTDX_NORMALIZED_HDR</name>
         <value>0x1</value>
      </symbol>
      <symbol id="sm-57b">
         <name>_RTDX_Buffer_Read</name>
         <value>0x9780</value>
         <object_component_ref idref="oc-1b2"/>
      </symbol>
      <symbol id="sm-597">
         <name>_rtdx_buffer_state</name>
         <value>0x9c10</value>
         <object_component_ref idref="oc-138"/>
      </symbol>
      <symbol id="sm-598">
         <name>_RTDX_Buffer_WriteCB</name>
         <value>0x8d60</value>
         <object_component_ref idref="oc-1c5"/>
      </symbol>
      <symbol id="sm-599">
         <name>_rtdxNullChanCnt</name>
         <value>0xab80</value>
         <object_component_ref idref="oc-135"/>
      </symbol>
      <symbol id="sm-59a">
         <name>_RTDX_writing</name>
         <value>0x9c1c</value>
         <object_component_ref idref="oc-138"/>
      </symbol>
      <symbol id="sm-59b">
         <name>_RTDX_Buffer_Initialize</name>
         <value>0x9640</value>
         <object_component_ref idref="oc-1b4"/>
      </symbol>
      <symbol id="sm-59c">
         <name>_RTDX_Buffer_Write</name>
         <value>0x97a0</value>
         <object_component_ref idref="oc-1b3"/>
      </symbol>
      <symbol id="sm-59d">
         <name>_rtdxNullFuncCnt</name>
         <value>0xab84</value>
         <object_component_ref idref="oc-135"/>
      </symbol>
      <symbol id="sm-59e">
         <name>_RTDX_Buffer_Size</name>
         <value>0x9700</value>
         <object_component_ref idref="oc-1cd"/>
      </symbol>
      <symbol id="sm-5a8">
         <name>_RTDX_Mask_IER</name>
         <value>0x97e0</value>
         <object_component_ref idref="oc-13d"/>
      </symbol>
      <symbol id="sm-5c0">
         <name>_RTDX_Mon_Queue</name>
         <value>0x93a0</value>
         <object_component_ref idref="oc-1d0"/>
      </symbol>
      <symbol id="sm-5c1">
         <name>_rtdx_mon_state</name>
         <value>0x9c30</value>
         <object_component_ref idref="oc-141"/>
      </symbol>
      <symbol id="sm-5c2">
         <name>_RTDX_JTAGONLY</name>
         <value>0x2</value>
      </symbol>
      <symbol id="sm-5c3">
         <name>_RTDX_Final_RT_Monitor</name>
         <value>0x9740</value>
         <object_component_ref idref="oc-1c7"/>
      </symbol>
      <symbol id="sm-5c4">
         <name>_RTDX_Poll</name>
         <value>0x8960</value>
         <object_component_ref idref="oc-1b1"/>
      </symbol>
      <symbol id="sm-5c5">
         <name>_RTDX_Init_RT_Monitor</name>
         <value>0x95c0</value>
         <object_component_ref idref="oc-1b5"/>
      </symbol>
      <symbol id="sm-5cd">
         <name>_STS_set</name>
         <value>0x4360</value>
         <object_component_ref idref="oc-145"/>
      </symbol>
      <symbol id="sm-5db">
         <name>_TSK_nTasks</name>
         <value>0xab88</value>
         <object_component_ref idref="oc-149"/>
      </symbol>
      <symbol id="sm-5dc">
         <name>_TSK_config</name>
         <value>0x742c</value>
         <object_component_ref idref="oc-14c"/>
      </symbol>
      <symbol id="sm-5dd">
         <name>_TSK</name>
         <value>0xab90</value>
         <object_component_ref idref="oc-149"/>
      </symbol>
      <symbol id="sm-5de">
         <name>_TSK_timerSem</name>
         <value>0x744c</value>
         <object_component_ref idref="oc-14c"/>
      </symbol>
      <symbol id="sm-5df">
         <name>_TSK_pid</name>
         <value>0xab8c</value>
         <object_component_ref idref="oc-149"/>
      </symbol>
      <symbol id="sm-5e0">
         <name>_TSK_ATTRS</name>
         <value>0x7410</value>
         <object_component_ref idref="oc-14c"/>
      </symbol>
      <symbol id="sm-5ea">
         <name>_TSK_exit</name>
         <value>0x2fa0</value>
         <object_component_ref idref="oc-150"/>
      </symbol>
      <symbol id="sm-5f4">
         <name>_SYS_exit</name>
         <value>0x3c20</value>
         <object_component_ref idref="oc-154"/>
      </symbol>
      <symbol id="sm-600">
         <name>_SYS_exitStack</name>
         <value>0x7570</value>
         <object_component_ref idref="oc-15a"/>
      </symbol>
      <symbol id="sm-601">
         <name>_SYS_exitStackPtr</name>
         <value>0xabac</value>
         <object_component_ref idref="oc-157"/>
      </symbol>
      <symbol id="sm-602">
         <name>_SYS_exitStackTop</name>
         <value>0xabb0</value>
         <object_component_ref idref="oc-157"/>
      </symbol>
      <symbol id="sm-60c">
         <name>_TSK_init</name>
         <value>0x9fe0</value>
         <object_component_ref idref="oc-15d"/>
      </symbol>
      <symbol id="sm-616">
         <name>_TSK_setup</name>
         <value>0x2a20</value>
         <object_component_ref idref="oc-161"/>
      </symbol>
      <symbol id="sm-628">
         <name>__MEM_mutex</name>
         <value>0x74e8</value>
         <object_component_ref idref="oc-167"/>
      </symbol>
      <symbol id="sm-629">
         <name>_TSK_startup</name>
         <value>0x3380</value>
         <object_component_ref idref="oc-168"/>
      </symbol>
      <symbol id="sm-62a">
         <name>__TSK_mutex</name>
         <value>0x74c0</value>
         <object_component_ref idref="oc-167"/>
      </symbol>
      <symbol id="sm-634">
         <name>_LCK_pend</name>
         <value>0x3b90</value>
         <object_component_ref idref="oc-16d"/>
      </symbol>
      <symbol id="sm-635">
         <name>_LCK_post</name>
         <value>0x3b60</value>
         <object_component_ref idref="oc-16d"/>
      </symbol>
      <symbol id="sm-63d">
         <name>_SEM_pend</name>
         <value>0x4080</value>
         <object_component_ref idref="oc-170"/>
      </symbol>
      <symbol id="sm-647">
         <name>_SEM_pendEnterKnl</name>
         <value>0x20a0</value>
         <object_component_ref idref="oc-175"/>
      </symbol>
      <symbol id="sm-64f">
         <name>_SEM_postBinary</name>
         <value>0x3820</value>
         <object_component_ref idref="oc-178"/>
      </symbol>
      <symbol id="sm-650">
         <name>_SEM_post</name>
         <value>0x3820</value>
         <object_component_ref idref="oc-178"/>
      </symbol>
      <symbol id="sm-65a">
         <name>_SEM_postEnterKnl</name>
         <value>0x3740</value>
         <object_component_ref idref="oc-17d"/>
      </symbol>
      <symbol id="sm-664">
         <name>_SYS_abort</name>
         <value>0x40e0</value>
         <object_component_ref idref="oc-181"/>
      </symbol>
      <symbol id="sm-672">
         <name>__GBL_setL2CacheMode</name>
         <value>0xc34</value>
         <object_component_ref idref="oc-187"/>
      </symbol>
      <symbol id="sm-67c">
         <name>__SEM_dopost</name>
         <value>0x2800</value>
         <object_component_ref idref="oc-18b"/>
      </symbol>
      <symbol id="sm-686">
         <name>__auto_init</name>
         <value>0x3140</value>
         <object_component_ref idref="oc-18f"/>
      </symbol>
      <symbol id="sm-698">
         <name>__unlock</name>
         <value>0x75bc</value>
         <object_component_ref idref="oc-194"/>
      </symbol>
      <symbol id="sm-699">
         <name>__lock</name>
         <value>0x75b8</value>
         <object_component_ref idref="oc-194"/>
      </symbol>
      <symbol id="sm-69a">
         <name>__register_lock</name>
         <value>0x60a0</value>
         <object_component_ref idref="oc-1b6"/>
      </symbol>
      <symbol id="sm-69b">
         <name>__nop</name>
         <value>0x6080</value>
         <object_component_ref idref="oc-1b9"/>
      </symbol>
      <symbol id="sm-69c">
         <name>__register_unlock</name>
         <value>0x60c0</value>
         <object_component_ref idref="oc-1b7"/>
      </symbol>
      <symbol id="sm-6a4">
         <name>__c6xabi_strasgi</name>
         <value>0x5940</value>
         <object_component_ref idref="oc-1c8"/>
      </symbol>
      <symbol id="sm-6a5">
         <name>__strasgi</name>
         <value>0x5940</value>
         <object_component_ref idref="oc-1c8"/>
      </symbol>
      <symbol id="sm-6b3">
         <name>_atexit</name>
         <value>0x5c80</value>
         <object_component_ref idref="oc-1c6"/>
      </symbol>
      <symbol id="sm-6b4">
         <name>___atexit_func_id__</name>
         <value>0x70bc</value>
         <object_component_ref idref="oc-19c"/>
      </symbol>
      <symbol id="sm-6c4">
         <name>_dtors</name>
         <value>0x75c0</value>
         <object_component_ref idref="oc-1a1"/>
      </symbol>
      <symbol id="sm-6c5">
         <name>_call_dtors</name>
         <value>0x57e0</value>
         <object_component_ref idref="oc-1d3"/>
      </symbol>
      <symbol id="sm-6c6">
         <name>___add_dtor</name>
         <value>0x5fe0</value>
         <object_component_ref idref="oc-1d1"/>
      </symbol>
      <symbol id="sm-6d2">
         <name>___TI_enable_exit_profile_output</name>
         <value>0x75b4</value>
         <object_component_ref idref="oc-1a6"/>
      </symbol>
      <symbol id="sm-6d3">
         <name>__cleanup_ptr</name>
         <value>0x75ac</value>
         <object_component_ref idref="oc-1a6"/>
      </symbol>
      <symbol id="sm-6d4">
         <name>__dtors_ptr</name>
         <value>0x75b0</value>
         <object_component_ref idref="oc-1a6"/>
      </symbol>
      <symbol id="sm-6de">
         <name>_memcpy</name>
         <value>0x4f40</value>
         <object_component_ref idref="oc-1b8"/>
      </symbol>
      <symbol id="sm-6e9">
         <name>_stereo_write_16Bit</name>
         <value>0x5d60</value>
         <object_component_ref idref="oc-1c1"/>
      </symbol>
      <symbol id="sm-6ea">
         <name>_mono_write_16Bit</name>
         <value>0x5db4</value>
         <object_component_ref idref="oc-1c1"/>
      </symbol>
      <symbol id="sm-6eb">
         <name>_mono_read_16Bit</name>
         <value>0x5ddc</value>
         <object_component_ref idref="oc-1c1"/>
      </symbol>
      <symbol id="sm-6ec">
         <name>_stereo_read_16Bit</name>
         <value>0x5d88</value>
         <object_component_ref idref="oc-1c1"/>
      </symbol>
   </symbol_table>
</link_info>
