<?xml version="1.0"?>
<link_info>
   <banner>TMS320C6x Linker PC v7.4.23</banner>
   <copyright>Copyright (c) 1996-2017 Texas Instruments Incorporated</copyright>
   <link_time>0x5e5801a0</link_time>
   <output_file>ProjectFiles.out</output_file>
   <entry_point>
      <name>_c_int00</name>
      <address>0x11520</address>
   </entry_point>
   <input_file_list>
      <input_file id="fl-2">
         <path>.\</path>
         <kind>object</kind>
         <file>dsp_bios_cfg.obj</file>
         <name>dsp_bios_cfg.obj</name>
      </input_file>
      <input_file id="fl-3">
         <path>.\</path>
         <kind>object</kind>
         <file>dsp_bios_cfg_c.obj</file>
         <name>dsp_bios_cfg_c.obj</name>
      </input_file>
      <input_file id="fl-4">
         <path>.\</path>
         <kind>object</kind>
         <file>intio.obj</file>
         <name>intio.obj</name>
      </input_file>
      <input_file id="fl-12">
         <path>C:\ti\bios_5_42_02_10\packages\ti\bios\lib\</path>
         <kind>archive</kind>
         <file>biosC6000.a67</file>
         <name>clk_htime.o67</name>
      </input_file>
      <input_file id="fl-13">
         <path>C:\ti\bios_5_42_02_10\packages\ti\bios\lib\</path>
         <kind>archive</kind>
         <file>bios.a67</file>
         <name>biosdata.o67</name>
      </input_file>
      <input_file id="fl-14">
         <path>C:\ti\bios_5_42_02_10\packages\ti\bios\lib\</path>
         <kind>archive</kind>
         <file>bios.a67</file>
         <name>hwi_disp_asm.o67</name>
      </input_file>
      <input_file id="fl-15">
         <path>C:\ti\bios_5_42_02_10\packages\ti\bios\lib\</path>
         <kind>archive</kind>
         <file>bios.a67</file>
         <name>idl_stub.o67</name>
      </input_file>
      <input_file id="fl-16">
         <path>C:\ti\bios_5_42_02_10\packages\ti\bios\lib\</path>
         <kind>archive</kind>
         <file>lnkrtdx.a67</file>
         <name>rtdx.o67</name>
      </input_file>
      <input_file id="fl-17">
         <path>C:\ti\bios_5_42_02_10\packages\ti\bios\lib\</path>
         <kind>archive</kind>
         <file>bios.a67</file>
         <name>swi.o67</name>
      </input_file>
      <input_file id="fl-18">
         <path>C:\ti\bios_5_42_02_10\packages\ti\bios\lib\</path>
         <kind>archive</kind>
         <file>bios.a67</file>
         <name>fxn_c.o67</name>
      </input_file>
      <input_file id="fl-19">
         <path>C:\ti\bios_5_42_02_10\packages\ti\bios\lib\</path>
         <kind>archive</kind>
         <file>bios.a67</file>
         <name>gbl_cslpllinit62.o67</name>
      </input_file>
      <input_file id="fl-1a">
         <path>C:\ti\bios_5_42_02_10\packages\ti\bios\lib\</path>
         <kind>archive</kind>
         <file>bios.a67</file>
         <name>knl_tick.o67</name>
      </input_file>
      <input_file id="fl-1b">
         <path>C:\ti\bios_5_42_02_10\packages\ti\bios\lib\</path>
         <kind>archive</kind>
         <file>bios.a67</file>
         <name>utl_doab.o67</name>
      </input_file>
      <input_file id="fl-1c">
         <path>C:\ti\bios_5_42_02_10\packages\ti\bios\lib\</path>
         <kind>archive</kind>
         <file>bios.a67</file>
         <name>utl_doer.o67</name>
      </input_file>
      <input_file id="fl-1d">
         <path>C:\ti\bios_5_42_02_10\packages\ti\bios\lib\</path>
         <kind>archive</kind>
         <file>bios.a67</file>
         <name>utl_putc.o67</name>
      </input_file>
      <input_file id="fl-1e">
         <path>C:\ti\bios_5_42_02_10\packages\ti\bios\lib\</path>
         <kind>archive</kind>
         <file>bios.a67</file>
         <name>utl_halt.o67</name>
      </input_file>
      <input_file id="fl-1f">
         <path>C:\ti\bios_5_42_02_10\packages\ti\bios\lib\</path>
         <kind>archive</kind>
         <file>biosC6000.a67</file>
         <name>clk.o67</name>
      </input_file>
      <input_file id="fl-20">
         <path>C:\ti\bios_5_42_02_10\packages\ti\bios\lib\</path>
         <kind>archive</kind>
         <file>bios.a67</file>
         <name>fxn.o67</name>
      </input_file>
      <input_file id="fl-21">
         <path>C:\ti\bios_5_42_02_10\packages\ti\bios\lib\</path>
         <kind>archive</kind>
         <file>bios.a67</file>
         <name>boot.o67</name>
      </input_file>
      <input_file id="fl-22">
         <path>C:\ti\bios_5_42_02_10\packages\ti\bios\lib\</path>
         <kind>archive</kind>
         <file>bios.a67</file>
         <name>trc.o67</name>
      </input_file>
      <input_file id="fl-23">
         <path>C:\ti\bios_5_42_02_10\packages\ti\bios\lib\</path>
         <kind>archive</kind>
         <file>bios.a67</file>
         <name>hwi.o67</name>
      </input_file>
      <input_file id="fl-24">
         <path>C:\ti\bios_5_42_02_10\packages\ti\bios\lib\</path>
         <kind>archive</kind>
         <file>bios.a67</file>
         <name>idl_busy.o67</name>
      </input_file>
      <input_file id="fl-25">
         <path>C:\ti\bios_5_42_02_10\packages\ti\bios\lib\</path>
         <kind>archive</kind>
         <file>biosC6000.a67</file>
         <name>idl_cal.o67</name>
      </input_file>
      <input_file id="fl-26">
         <path>C:\ti\bios_5_42_02_10\packages\ti\bios\lib\</path>
         <kind>archive</kind>
         <file>bios.a67</file>
         <name>idl.o67</name>
      </input_file>
      <input_file id="fl-27">
         <path>C:\ti\bios_5_42_02_10\packages\ti\bios\lib\</path>
         <kind>archive</kind>
         <file>bios.a67</file>
         <name>knl_swit.o67</name>
      </input_file>
      <input_file id="fl-28">
         <path>C:\ti\bios_5_42_02_10\packages\ti\bios\lib\</path>
         <kind>archive</kind>
         <file>bios.a67</file>
         <name>log.o67</name>
      </input_file>
      <input_file id="fl-29">
         <path>C:\ti\bios_5_42_02_10\packages\ti\bios\lib\</path>
         <kind>archive</kind>
         <file>bios.a67</file>
         <name>pip.o67</name>
      </input_file>
      <input_file id="fl-2a">
         <path>C:\ti\bios_5_42_02_10\packages\ti\bios\lib\</path>
         <kind>archive</kind>
         <file>bios.a67</file>
         <name>prd.o67</name>
      </input_file>
      <input_file id="fl-2b">
         <path>C:\ti\bios_5_42_02_10\packages\ti\bios\lib\</path>
         <kind>archive</kind>
         <file>bios.a67</file>
         <name>rta.o67</name>
      </input_file>
      <input_file id="fl-2c">
         <path>C:\ti\bios_5_42_02_10\packages\ti\bios\lib\</path>
         <kind>archive</kind>
         <file>bios.a67</file>
         <name>rta_andn.o67</name>
      </input_file>
      <input_file id="fl-2d">
         <path>C:\ti\bios_5_42_02_10\packages\ti\bios\lib\</path>
         <kind>archive</kind>
         <file>bios.a67</file>
         <name>sts.o67</name>
      </input_file>
      <input_file id="fl-2e">
         <path>C:\ti\bios_5_42_02_10\packages\ti\bios\lib\</path>
         <kind>archive</kind>
         <file>bios.a67</file>
         <name>clk_data.o67</name>
      </input_file>
      <input_file id="fl-2f">
         <path>C:\ti\bios_5_42_02_10\packages\ti\bios\lib\</path>
         <kind>archive</kind>
         <file>bios.a67</file>
         <name>clk_data2.o67</name>
      </input_file>
      <input_file id="fl-30">
         <path>C:\ti\bios_5_42_02_10\packages\ti\bios\lib\</path>
         <kind>archive</kind>
         <file>biosC6000.a67</file>
         <name>clk_meas.o67</name>
      </input_file>
      <input_file id="fl-31">
         <path>C:\ti\bios_5_42_02_10\packages\ti\bios\lib\</path>
         <kind>archive</kind>
         <file>biosC6000.a67</file>
         <name>clk_start.o67</name>
      </input_file>
      <input_file id="fl-32">
         <path>C:\ti\bios_5_42_02_10\packages\ti\bios\lib\</path>
         <kind>archive</kind>
         <file>biosC6000.a67</file>
         <name>clk_stop.o67</name>
      </input_file>
      <input_file id="fl-33">
         <path>C:\ti\ccsv8\C6000\dsk6713\lib\</path>
         <kind>archive</kind>
         <file>dsk6713bslccsv4.lib</file>
         <name>dsk6713_aic23_opencodec.obj</name>
      </input_file>
      <input_file id="fl-34">
         <path>C:\ti\ccsv8\C6000\dsk6713\lib\</path>
         <kind>archive</kind>
         <file>dsk6713bslccsv4.lib</file>
         <name>dsk6713_aic23_registers.obj</name>
      </input_file>
      <input_file id="fl-35">
         <path>C:\ti\ccsv8\C6000\dsk6713\lib\</path>
         <kind>archive</kind>
         <file>dsk6713bslccsv4.lib</file>
         <name>dsk6713.obj</name>
      </input_file>
      <input_file id="fl-36">
         <path>C:\ti\bios_5_42_02_10\packages\ti\bios\lib\</path>
         <kind>archive</kind>
         <file>bios.a67</file>
         <name>gbl_cslcacheinit.o67</name>
      </input_file>
      <input_file id="fl-37">
         <path>C:\ti\bios_5_42_02_10\packages\ti\bios\lib\</path>
         <kind>archive</kind>
         <file>bios.a67</file>
         <name>gbl_vers.o67</name>
      </input_file>
      <input_file id="fl-38">
         <path>C:\ti\bios_5_42_02_10\packages\ti\bios\lib\</path>
         <kind>archive</kind>
         <file>bios.a67</file>
         <name>hwi_c.o67</name>
      </input_file>
      <input_file id="fl-39">
         <path>C:\ti\ccsv8\C6000\csl\lib\</path>
         <kind>archive</kind>
         <file>csl6713.lib</file>
         <name>csl_irq.obj</name>
      </input_file>
      <input_file id="fl-3a">
         <path>C:\ti\bios_5_42_02_10\packages\ti\bios\lib\</path>
         <kind>archive</kind>
         <file>bios.a67</file>
         <name>knl.o67</name>
      </input_file>
      <input_file id="fl-3b">
         <path>C:\ti\bios_5_42_02_10\packages\ti\bios\lib\</path>
         <kind>archive</kind>
         <file>bios.a67</file>
         <name>knl_exit.o67</name>
      </input_file>
      <input_file id="fl-3c">
         <path>C:\ti\bios_5_42_02_10\packages\ti\bios\lib\</path>
         <kind>archive</kind>
         <file>bios.a67</file>
         <name>knl_chec.o67</name>
      </input_file>
      <input_file id="fl-3d">
         <path>C:\ti\bios_5_42_02_10\packages\ti\bios\lib\</path>
         <kind>archive</kind>
         <file>bios.a67</file>
         <name>knl_post.o67</name>
      </input_file>
      <input_file id="fl-3e">
         <path>C:\ti\bios_5_42_02_10\packages\ti\bios\lib\</path>
         <kind>archive</kind>
         <file>bios.a67</file>
         <name>knl_ipos.o67</name>
      </input_file>
      <input_file id="fl-3f">
         <path>C:\ti\bios_5_42_02_10\packages\ti\bios\lib\</path>
         <kind>archive</kind>
         <file>bios.a67</file>
         <name>knl_run.o67</name>
      </input_file>
      <input_file id="fl-40">
         <path>C:\ti\ccsv8\C6000\csl\lib\</path>
         <kind>archive</kind>
         <file>csl6713.lib</file>
         <name>csl_mcbsp.obj</name>
      </input_file>
      <input_file id="fl-41">
         <path>C:\ti\bios_5_42_02_10\packages\ti\bios\lib\</path>
         <kind>archive</kind>
         <file>bios.a67</file>
         <name>mem_asm.o67</name>
      </input_file>
      <input_file id="fl-42">
         <path>C:\ti\bios_5_42_02_10\packages\ti\bios\lib\</path>
         <kind>archive</kind>
         <file>bios.a67</file>
         <name>mem_init.o67</name>
      </input_file>
      <input_file id="fl-43">
         <path>C:\ti\bios_5_42_02_10\packages\ti\bios\lib\</path>
         <kind>archive</kind>
         <file>bios.a67</file>
         <name>obj_init.o67</name>
      </input_file>
      <input_file id="fl-44">
         <path>C:\ti\bios_5_42_02_10\packages\ti\rtdx\lib\c6000\</path>
         <kind>archive</kind>
         <file>rtdx.lib</file>
         <name>buffer2.o62</name>
      </input_file>
      <input_file id="fl-45">
         <path>C:\ti\bios_5_42_02_10\packages\ti\rtdx\lib\c6000\</path>
         <kind>archive</kind>
         <file>rtdx.lib</file>
         <name>buffer1.o62</name>
      </input_file>
      <input_file id="fl-46">
         <path>C:\ti\bios_5_42_02_10\packages\ti\rtdx\lib\c6000\</path>
         <kind>archive</kind>
         <file>rtdx.lib</file>
         <name>intr_tgt.o62</name>
      </input_file>
      <input_file id="fl-47">
         <path>C:\ti\bios_5_42_02_10\packages\ti\rtdx\lib\c6000\</path>
         <kind>archive</kind>
         <file>rtdx.lib</file>
         <name>rtdx_mon.o62</name>
      </input_file>
      <input_file id="fl-48">
         <path>C:\ti\bios_5_42_02_10\packages\ti\bios\lib\</path>
         <kind>archive</kind>
         <file>bios.a67</file>
         <name>sts_set.o67</name>
      </input_file>
      <input_file id="fl-49">
         <path>C:\ti\bios_5_42_02_10\packages\ti\bios\lib\</path>
         <kind>archive</kind>
         <file>bios.a67</file>
         <name>tsk.o67</name>
      </input_file>
      <input_file id="fl-4a">
         <path>C:\ti\bios_5_42_02_10\packages\ti\bios\lib\</path>
         <kind>archive</kind>
         <file>bios.a67</file>
         <name>tsk_exit.o67</name>
      </input_file>
      <input_file id="fl-4b">
         <path>C:\ti\bios_5_42_02_10\packages\ti\bios\lib\</path>
         <kind>archive</kind>
         <file>bios.a67</file>
         <name>sys_exit.o67</name>
      </input_file>
      <input_file id="fl-4c">
         <path>C:\ti\bios_5_42_02_10\packages\ti\bios\lib\</path>
         <kind>archive</kind>
         <file>bios.a67</file>
         <name>sys.o67</name>
      </input_file>
      <input_file id="fl-4d">
         <path>C:\ti\bios_5_42_02_10\packages\ti\bios\lib\</path>
         <kind>archive</kind>
         <file>bios.a67</file>
         <name>tsk_init.o67</name>
      </input_file>
      <input_file id="fl-4e">
         <path>C:\ti\bios_5_42_02_10\packages\ti\bios\lib\</path>
         <kind>archive</kind>
         <file>bios.a67</file>
         <name>tsk_setu.o67</name>
      </input_file>
      <input_file id="fl-4f">
         <path>C:\ti\bios_5_42_02_10\packages\ti\bios\lib\</path>
         <kind>archive</kind>
         <file>bios.a67</file>
         <name>tsk_stup.o67</name>
      </input_file>
      <input_file id="fl-50">
         <path>C:\ti\bios_5_42_02_10\packages\ti\bios\lib\</path>
         <kind>archive</kind>
         <file>bios.a67</file>
         <name>lck.o67</name>
      </input_file>
      <input_file id="fl-51">
         <path>C:\ti\bios_5_42_02_10\packages\ti\bios\lib\</path>
         <kind>archive</kind>
         <file>bios.a67</file>
         <name>sem_pend_counting.o67</name>
      </input_file>
      <input_file id="fl-52">
         <path>C:\ti\bios_5_42_02_10\packages\ti\bios\lib\</path>
         <kind>archive</kind>
         <file>bios.a67</file>
         <name>sem_pend.o67</name>
      </input_file>
      <input_file id="fl-53">
         <path>C:\ti\bios_5_42_02_10\packages\ti\bios\lib\</path>
         <kind>archive</kind>
         <file>bios.a67</file>
         <name>sem_post_asm.o67</name>
      </input_file>
      <input_file id="fl-54">
         <path>C:\ti\bios_5_42_02_10\packages\ti\bios\lib\</path>
         <kind>archive</kind>
         <file>bios.a67</file>
         <name>sem_post.o67</name>
      </input_file>
      <input_file id="fl-55">
         <path>C:\ti\bios_5_42_02_10\packages\ti\bios\lib\</path>
         <kind>archive</kind>
         <file>bios.a67</file>
         <name>sys_abor.o67</name>
      </input_file>
      <input_file id="fl-56">
         <path>C:\ti\bios_5_42_02_10\packages\ti\bios\lib\</path>
         <kind>archive</kind>
         <file>bios.a67</file>
         <name>gbl_setL2CacheMode.o67</name>
      </input_file>
      <input_file id="fl-57">
         <path>C:\ti\bios_5_42_02_10\packages\ti\bios\lib\</path>
         <kind>archive</kind>
         <file>bios.a67</file>
         <name>sem_dopo.o67</name>
      </input_file>
      <input_file id="fl-58">
         <path>C:\ti\bios_5_42_02_10\packages\ti\bios\lib\</path>
         <kind>archive</kind>
         <file>bios.a67</file>
         <name>autoinit.o67</name>
      </input_file>
      <input_file id="fl-59">
         <path>C:\ti\ccsv8\tools\compiler\c6000_7.4.23\lib\</path>
         <kind>archive</kind>
         <file>rts6700.lib</file>
         <name>_lock.obj</name>
      </input_file>
      <input_file id="fl-5a">
         <path>C:\ti\ccsv8\tools\compiler\c6000_7.4.23\lib\</path>
         <kind>archive</kind>
         <file>rts6700.lib</file>
         <name>strasg.obj</name>
      </input_file>
      <input_file id="fl-5b">
         <path>C:\ti\ccsv8\tools\compiler\c6000_7.4.23\lib\</path>
         <kind>archive</kind>
         <file>rts6700.lib</file>
         <name>atexit.obj</name>
      </input_file>
      <input_file id="fl-5c">
         <path>C:\ti\ccsv8\tools\compiler\c6000_7.4.23\lib\</path>
         <kind>archive</kind>
         <file>rts6700.lib</file>
         <name>sinit.obj</name>
      </input_file>
      <input_file id="fl-5d">
         <path>C:\ti\ccsv8\tools\compiler\c6000_7.4.23\lib\</path>
         <kind>archive</kind>
         <file>rts6700.lib</file>
         <name>exit.obj</name>
      </input_file>
      <input_file id="fl-5e">
         <path>C:\ti\bios_5_42_02_10\packages\ti\bios\lib\</path>
         <kind>archive</kind>
         <file>bios.a67</file>
         <name>malloc.o67</name>
      </input_file>
      <input_file id="fl-5f">
         <path>C:\ti\bios_5_42_02_10\packages\ti\bios\lib\</path>
         <kind>archive</kind>
         <file>bios.a67</file>
         <name>mem_allo.o67</name>
      </input_file>
      <input_file id="fl-60">
         <path>C:\ti\bios_5_42_02_10\packages\ti\bios\lib\</path>
         <kind>archive</kind>
         <file>bios.a67</file>
         <name>mem_free.o67</name>
      </input_file>
      <input_file id="fl-61">
         <path>C:\ti\bios_5_42_02_10\packages\ti\bios\lib\</path>
         <kind>archive</kind>
         <file>bios.a67</file>
         <name>sys_erro.o67</name>
      </input_file>
      <input_file id="fl-62">
         <path>C:\ti\ccsv8\tools\compiler\c6000_7.4.23\lib\</path>
         <kind>archive</kind>
         <file>rts6700.lib</file>
         <name>memcpy62.obj</name>
      </input_file>
      <input_file id="fl-63">
         <path>C:\ti\ccsv8\tools\compiler\c6000_7.4.23\lib\</path>
         <kind>archive</kind>
         <file>rts6700.lib</file>
         <name>memset.obj</name>
      </input_file>
      <input_file id="fl-64">
         <path>C:\ti\ccsv8\C6000\dsk6713\lib\</path>
         <kind>archive</kind>
         <file>dsk6713bslccsv4.lib</file>
         <name>helper_functions_ISR.obj</name>
      </input_file>
   </input_file_list>
   <object_component_list>
      <object_component id="oc-60">
         <name>.vers</name>
         <load_address>0x0</load_address>
         <run_address>0x0</run_address>
         <size>0x40</size>
         <input_file_ref idref="fl-2"/>
      </object_component>
      <object_component id="oc-50">
         <name>.clk</name>
         <uninitialized>true</uninitialized>
         <run_address>0x12df8</run_address>
         <size>0x8</size>
         <input_file_ref idref="fl-2"/>
      </object_component>
      <object_component id="oc-7">
         <name>HWI_A_VECS</name>
         <load_address>0x0</load_address>
         <run_address>0x0</run_address>
         <size>0x0</size>
      </object_component>
      <object_component id="oc-55">
         <name>.hwi_vec</name>
         <load_address>0x0</load_address>
         <run_address>0x0</run_address>
         <size>0x200</size>
         <input_file_ref idref="fl-2"/>
      </object_component>
      <object_component id="oc-56">
         <name>.swi</name>
         <uninitialized>true</uninitialized>
         <run_address>0x12d34</run_address>
         <size>0x2c</size>
         <input_file_ref idref="fl-2"/>
      </object_component>
      <object_component id="oc-59">
         <name>.tsk</name>
         <uninitialized>true</uninitialized>
         <run_address>0x1295c</run_address>
         <size>0x60</size>
         <input_file_ref idref="fl-2"/>
      </object_component>
      <object_component id="oc-5c">
         <name>.idl</name>
         <uninitialized>true</uninitialized>
         <run_address>0x12db0</run_address>
         <size>0x10</size>
         <input_file_ref idref="fl-2"/>
      </object_component>
      <object_component id="oc-5b">
         <name>.idlcal</name>
         <uninitialized>true</uninitialized>
         <run_address>0x12dc0</run_address>
         <size>0x10</size>
         <input_file_ref idref="fl-2"/>
      </object_component>
      <object_component id="oc-43">
         <name>.bss</name>
         <uninitialized>true</uninitialized>
         <run_address>0x125b4</run_address>
         <size>0x28</size>
         <input_file_ref idref="fl-2"/>
      </object_component>
      <object_component id="oc-66">
         <name>.bss</name>
         <uninitialized>true</uninitialized>
         <run_address>0x12580</run_address>
         <size>0x34</size>
         <input_file_ref idref="fl-4"/>
      </object_component>
      <object_component id="oc-70">
         <name>.bss</name>
         <uninitialized>true</uninitialized>
         <run_address>0x123d0</run_address>
         <size>0xcc</size>
         <input_file_ref idref="fl-13"/>
      </object_component>
      <object_component id="oc-72">
         <name>.bss</name>
         <uninitialized>true</uninitialized>
         <run_address>0x122d0</run_address>
         <size>0x100</size>
         <input_file_ref idref="fl-14"/>
      </object_component>
      <object_component id="oc-79">
         <name>.bss</name>
         <uninitialized>true</uninitialized>
         <run_address>0x125f4</run_address>
         <size>0x18</size>
         <input_file_ref idref="fl-16"/>
      </object_component>
      <object_component id="oc-7f">
         <name>.bss</name>
         <uninitialized>true</uninitialized>
         <run_address>0x1249c</run_address>
         <size>0x9c</size>
         <input_file_ref idref="fl-17"/>
      </object_component>
      <object_component id="oc-ad">
         <name>.bss</name>
         <uninitialized>true</uninitialized>
         <run_address>0x125dc</run_address>
         <size>0x18</size>
         <input_file_ref idref="fl-23"/>
      </object_component>
      <object_component id="oc-af">
         <name>.bss</name>
         <uninitialized>true</uninitialized>
         <run_address>0x12648</run_address>
         <size>0x4</size>
         <input_file_ref idref="fl-24"/>
      </object_component>
      <object_component id="oc-db">
         <name>.bss</name>
         <uninitialized>true</uninitialized>
         <run_address>0x12628</run_address>
         <size>0x8</size>
         <input_file_ref idref="fl-2e"/>
      </object_component>
      <object_component id="oc-de">
         <name>.bss</name>
         <uninitialized>true</uninitialized>
         <run_address>0x12640</run_address>
         <size>0x4</size>
         <input_file_ref idref="fl-2f"/>
      </object_component>
      <object_component id="oc-ed">
         <name>.bss</name>
         <uninitialized>true</uninitialized>
         <run_address>0x12638</run_address>
         <size>0x8</size>
         <input_file_ref idref="fl-33"/>
      </object_component>
      <object_component id="oc-f9">
         <name>.bss</name>
         <uninitialized>true</uninitialized>
         <run_address>0x12650</run_address>
         <size>0x2</size>
         <input_file_ref idref="fl-35"/>
      </object_component>
      <object_component id="oc-111">
         <name>.bss</name>
         <uninitialized>true</uninitialized>
         <run_address>0x12538</run_address>
         <size>0x48</size>
         <input_file_ref idref="fl-3a"/>
      </object_component>
      <object_component id="oc-12f">
         <name>.bss</name>
         <uninitialized>true</uninitialized>
         <run_address>0x1264c</run_address>
         <size>0x4</size>
         <input_file_ref idref="fl-41"/>
      </object_component>
      <object_component id="oc-13d">
         <name>.bss</name>
         <uninitialized>true</uninitialized>
         <run_address>0x1260c</run_address>
         <size>0x10</size>
         <input_file_ref idref="fl-45"/>
      </object_component>
      <object_component id="oc-151">
         <name>.bss</name>
         <uninitialized>true</uninitialized>
         <run_address>0x1261c</run_address>
         <size>0xc</size>
         <input_file_ref idref="fl-49"/>
      </object_component>
      <object_component id="oc-15f">
         <name>.bss</name>
         <uninitialized>true</uninitialized>
         <run_address>0x12630</run_address>
         <size>0x8</size>
         <input_file_ref idref="fl-4c"/>
      </object_component>
      <object_component id="oc-18c">
         <name>.bss</name>
         <uninitialized>true</uninitialized>
         <run_address>0x12644</run_address>
         <size>0x4</size>
         <input_file_ref idref="fl-56"/>
      </object_component>
      <object_component id="oc-69">
         <name>.far</name>
         <uninitialized>true</uninitialized>
         <run_address>0x10ef8</run_address>
         <size>0xb8</size>
         <input_file_ref idref="fl-4"/>
      </object_component>
      <object_component id="oc-8c">
         <name>.far</name>
         <uninitialized>true</uninitialized>
         <run_address>0x11130</run_address>
         <size>0x10</size>
         <input_file_ref idref="fl-1a"/>
      </object_component>
      <object_component id="oc-99">
         <name>.far</name>
         <uninitialized>true</uninitialized>
         <run_address>0x11140</run_address>
         <size>0xc</size>
         <input_file_ref idref="fl-1d"/>
      </object_component>
      <object_component id="oc-f5">
         <name>.far</name>
         <uninitialized>true</uninitialized>
         <run_address>0x110e8</run_address>
         <size>0x28</size>
         <input_file_ref idref="fl-34"/>
      </object_component>
      <object_component id="oc-10d">
         <name>.far</name>
         <uninitialized>true</uninitialized>
         <run_address>0x10d28</run_address>
         <size>0xf4</size>
         <input_file_ref idref="fl-39"/>
      </object_component>
      <object_component id="oc-114">
         <name>.far</name>
         <uninitialized>true</uninitialized>
         <run_address>0x10e1c</run_address>
         <size>0xd8</size>
         <input_file_ref idref="fl-3a"/>
      </object_component>
      <object_component id="oc-12b">
         <name>.far</name>
         <uninitialized>true</uninitialized>
         <run_address>0x110b0</run_address>
         <size>0x38</size>
         <input_file_ref idref="fl-40"/>
      </object_component>
      <object_component id="oc-136">
         <name>.far</name>
         <uninitialized>true</uninitialized>
         <run_address>0x1100c</run_address>
         <size>0x54</size>
         <input_file_ref idref="fl-43"/>
      </object_component>
      <object_component id="oc-154">
         <name>.far</name>
         <uninitialized>true</uninitialized>
         <run_address>0x10fb0</run_address>
         <size>0x5c</size>
         <input_file_ref idref="fl-49"/>
      </object_component>
      <object_component id="oc-162">
         <name>.far</name>
         <uninitialized>true</uninitialized>
         <run_address>0x11110</run_address>
         <size>0x20</size>
         <input_file_ref idref="fl-4c"/>
      </object_component>
      <object_component id="oc-16f">
         <name>.far</name>
         <uninitialized>true</uninitialized>
         <run_address>0x11060</run_address>
         <size>0x50</size>
         <input_file_ref idref="fl-4f"/>
      </object_component>
      <object_component id="oc-19c">
         <name>.far</name>
         <uninitialized>true</uninitialized>
         <run_address>0x11158</run_address>
         <size>0x8</size>
         <input_file_ref idref="fl-59"/>
      </object_component>
      <object_component id="oc-1a4">
         <name>.far</name>
         <uninitialized>true</uninitialized>
         <run_address>0x10ba0</run_address>
         <size>0x188</size>
         <input_file_ref idref="fl-5b"/>
      </object_component>
      <object_component id="oc-1a9">
         <name>.far</name>
         <uninitialized>true</uninitialized>
         <run_address>0x10ef4</run_address>
         <size>0x4</size>
         <input_file_ref idref="fl-5c"/>
      </object_component>
      <object_component id="oc-1ae">
         <name>.far</name>
         <uninitialized>true</uninitialized>
         <run_address>0x1114c</run_address>
         <size>0xc</size>
         <input_file_ref idref="fl-5d"/>
      </object_component>
      <object_component id="oc-4c">
         <name>.mem</name>
         <uninitialized>true</uninitialized>
         <run_address>0x11acc</run_address>
         <size>0x4</size>
         <input_file_ref idref="fl-2"/>
      </object_component>
      <object_component id="oc-7b">
         <name>.bios</name>
         <load_address>0x8200</load_address>
         <run_address>0x8200</run_address>
         <size>0x600</size>
         <input_file_ref idref="fl-16"/>
      </object_component>
      <object_component id="oc-18f">
         <name>.bios</name>
         <load_address>0x8800</load_address>
         <run_address>0x8800</run_address>
         <size>0x5e0</size>
         <input_file_ref idref="fl-56"/>
      </object_component>
      <object_component id="oc-42">
         <name>.bios</name>
         <load_address>0x8de0</load_address>
         <run_address>0x8de0</run_address>
         <size>0x540</size>
         <input_file_ref idref="fl-17"/>
      </object_component>
      <object_component id="oc-44">
         <name>.bios</name>
         <load_address>0x9320</load_address>
         <run_address>0x9320</run_address>
         <size>0x460</size>
         <input_file_ref idref="fl-14"/>
      </object_component>
      <object_component id="oc-1b2">
         <name>.bios</name>
         <load_address>0x9780</load_address>
         <run_address>0x9780</run_address>
         <size>0x3e0</size>
         <input_file_ref idref="fl-5e"/>
      </object_component>
      <object_component id="oc-ca">
         <name>.bios</name>
         <load_address>0x9b60</load_address>
         <run_address>0x9b60</run_address>
         <size>0x3a0</size>
         <input_file_ref idref="fl-2a"/>
      </object_component>
      <object_component id="oc-127">
         <name>.bios</name>
         <load_address>0x9f00</load_address>
         <run_address>0x9f00</run_address>
         <size>0x2c0</size>
         <input_file_ref idref="fl-3f"/>
      </object_component>
      <object_component id="oc-cf">
         <name>.bios</name>
         <load_address>0xa1c0</load_address>
         <run_address>0xa1c0</run_address>
         <size>0x2c0</size>
         <input_file_ref idref="fl-2b"/>
      </object_component>
      <object_component id="oc-17d">
         <name>.bios</name>
         <load_address>0xa480</load_address>
         <run_address>0xa480</run_address>
         <size>0x2c0</size>
         <input_file_ref idref="fl-52"/>
      </object_component>
      <object_component id="oc-1b6">
         <name>.bios:.near</name>
         <load_address>0xa740</load_address>
         <run_address>0xa740</run_address>
         <size>0x280</size>
         <input_file_ref idref="fl-5f"/>
      </object_component>
      <object_component id="oc-1bb">
         <name>.bios:.near</name>
         <load_address>0xa9c0</load_address>
         <run_address>0xa9c0</run_address>
         <size>0x280</size>
         <input_file_ref idref="fl-60"/>
      </object_component>
      <object_component id="oc-47">
         <name>.bios</name>
         <load_address>0xac40</load_address>
         <run_address>0xac40</run_address>
         <size>0x260</size>
         <input_file_ref idref="fl-1a"/>
      </object_component>
      <object_component id="oc-c6">
         <name>.bios</name>
         <load_address>0xaea0</load_address>
         <run_address>0xaea0</run_address>
         <size>0x240</size>
         <input_file_ref idref="fl-29"/>
      </object_component>
      <object_component id="oc-193">
         <name>.bios</name>
         <load_address>0xb0e0</load_address>
         <run_address>0xb0e0</run_address>
         <size>0x220</size>
         <input_file_ref idref="fl-57"/>
      </object_component>
      <object_component id="oc-169">
         <name>.bios</name>
         <load_address>0xb300</load_address>
         <run_address>0xb300</run_address>
         <size>0x200</size>
         <input_file_ref idref="fl-4e"/>
      </object_component>
      <object_component id="oc-be">
         <name>.bios</name>
         <load_address>0xb500</load_address>
         <run_address>0xb500</run_address>
         <size>0x1c0</size>
         <input_file_ref idref="fl-27"/>
      </object_component>
      <object_component id="oc-9f">
         <name>.bios</name>
         <load_address>0xb6c0</load_address>
         <run_address>0xb6c0</run_address>
         <size>0x1c0</size>
         <input_file_ref idref="fl-1f"/>
      </object_component>
      <object_component id="oc-158">
         <name>.bios</name>
         <load_address>0xb880</load_address>
         <run_address>0xb880</run_address>
         <size>0x1a0</size>
         <input_file_ref idref="fl-4a"/>
      </object_component>
      <object_component id="oc-197">
         <name>.bios</name>
         <load_address>0xba20</load_address>
         <run_address>0xba20</run_address>
         <size>0x180</size>
         <input_file_ref idref="fl-58"/>
      </object_component>
      <object_component id="oc-170">
         <name>.bios</name>
         <load_address>0xbba0</load_address>
         <run_address>0xbba0</run_address>
         <size>0x180</size>
         <input_file_ref idref="fl-4f"/>
      </object_component>
      <object_component id="oc-11a">
         <name>.bios</name>
         <load_address>0xbd20</load_address>
         <run_address>0xbd20</run_address>
         <size>0x140</size>
         <input_file_ref idref="fl-3c"/>
      </object_component>
      <object_component id="oc-100">
         <name>.bios</name>
         <load_address>0xbe60</load_address>
         <run_address>0xbe60</run_address>
         <size>0xe0</size>
         <input_file_ref idref="fl-36"/>
      </object_component>
      <object_component id="oc-117">
         <name>.bios</name>
         <load_address>0xbf40</load_address>
         <run_address>0xbf40</run_address>
         <size>0xe0</size>
         <input_file_ref idref="fl-3b"/>
      </object_component>
      <object_component id="oc-185">
         <name>.bios</name>
         <load_address>0xc020</load_address>
         <run_address>0xc020</run_address>
         <size>0xe0</size>
         <input_file_ref idref="fl-54"/>
      </object_component>
      <object_component id="oc-180">
         <name>.bios</name>
         <load_address>0xc100</load_address>
         <run_address>0xc100</run_address>
         <size>0xe0</size>
         <input_file_ref idref="fl-53"/>
      </object_component>
      <object_component id="oc-e1">
         <name>.bios</name>
         <load_address>0xc1e0</load_address>
         <run_address>0xc1e0</run_address>
         <size>0xe0</size>
         <input_file_ref idref="fl-30"/>
      </object_component>
      <object_component id="oc-123">
         <name>.bios</name>
         <load_address>0xc2c0</load_address>
         <run_address>0xc2c0</run_address>
         <size>0xc0</size>
         <input_file_ref idref="fl-3e"/>
      </object_component>
      <object_component id="oc-11f">
         <name>.bios</name>
         <load_address>0xc380</load_address>
         <run_address>0xc380</run_address>
         <size>0xc0</size>
         <input_file_ref idref="fl-3d"/>
      </object_component>
      <object_component id="oc-175">
         <name>.bios</name>
         <load_address>0xc440</load_address>
         <run_address>0xc440</run_address>
         <size>0xc0</size>
         <input_file_ref idref="fl-50"/>
      </object_component>
      <object_component id="oc-15c">
         <name>.bios</name>
         <load_address>0xc500</load_address>
         <run_address>0xc500</run_address>
         <size>0xc0</size>
         <input_file_ref idref="fl-4b"/>
      </object_component>
      <object_component id="oc-45">
         <name>.bios</name>
         <load_address>0xc5c0</load_address>
         <run_address>0xc5c0</run_address>
         <size>0xc0</size>
         <input_file_ref idref="fl-12"/>
      </object_component>
      <object_component id="oc-a3">
         <name>.bios</name>
         <load_address>0xc680</load_address>
         <run_address>0xc680</run_address>
         <size>0x80</size>
         <input_file_ref idref="fl-20"/>
      </object_component>
      <object_component id="oc-b1">
         <name>.bios</name>
         <load_address>0xc700</load_address>
         <run_address>0xc700</run_address>
         <size>0x80</size>
         <input_file_ref idref="fl-24"/>
      </object_component>
      <object_component id="oc-c2">
         <name>.bios</name>
         <load_address>0xc780</load_address>
         <run_address>0xc780</run_address>
         <size>0x80</size>
         <input_file_ref idref="fl-28"/>
      </object_component>
      <object_component id="oc-d7">
         <name>.bios</name>
         <load_address>0xc800</load_address>
         <run_address>0xc800</run_address>
         <size>0x80</size>
         <input_file_ref idref="fl-2d"/>
      </object_component>
      <object_component id="oc-b5">
         <name>.bios</name>
         <load_address>0xc880</load_address>
         <run_address>0xc880</run_address>
         <size>0x80</size>
         <input_file_ref idref="fl-25"/>
      </object_component>
      <object_component id="oc-1c0">
         <name>.bios:.near</name>
         <load_address>0xc900</load_address>
         <run_address>0xc900</run_address>
         <size>0x60</size>
         <input_file_ref idref="fl-61"/>
      </object_component>
      <object_component id="oc-107">
         <name>.bios</name>
         <load_address>0xc960</load_address>
         <run_address>0xc960</run_address>
         <size>0x60</size>
         <input_file_ref idref="fl-38"/>
      </object_component>
      <object_component id="oc-178">
         <name>.bios</name>
         <load_address>0xc9c0</load_address>
         <run_address>0xc9c0</run_address>
         <size>0x60</size>
         <input_file_ref idref="fl-51"/>
      </object_component>
      <object_component id="oc-189">
         <name>.bios</name>
         <load_address>0xca20</load_address>
         <run_address>0xca20</run_address>
         <size>0x60</size>
         <input_file_ref idref="fl-55"/>
      </object_component>
      <object_component id="oc-46">
         <name>.bios</name>
         <load_address>0xca80</load_address>
         <run_address>0xca80</run_address>
         <size>0x60</size>
         <input_file_ref idref="fl-1d"/>
      </object_component>
      <object_component id="oc-e5">
         <name>.bios</name>
         <load_address>0xcae0</load_address>
         <run_address>0xcae0</run_address>
         <size>0x60</size>
         <input_file_ref idref="fl-31"/>
      </object_component>
      <object_component id="oc-3f">
         <name>.bios</name>
         <load_address>0xcb40</load_address>
         <run_address>0xcb40</run_address>
         <size>0x40</size>
         <input_file_ref idref="fl-15"/>
      </object_component>
      <object_component id="oc-d3">
         <name>.bios</name>
         <load_address>0xcb80</load_address>
         <run_address>0xcb80</run_address>
         <size>0x40</size>
         <input_file_ref idref="fl-2c"/>
      </object_component>
      <object_component id="oc-3e">
         <name>.bios</name>
         <load_address>0xcbc0</load_address>
         <run_address>0xcbc0</run_address>
         <size>0x40</size>
         <input_file_ref idref="fl-1b"/>
      </object_component>
      <object_component id="oc-e9">
         <name>.bios</name>
         <load_address>0xcc00</load_address>
         <run_address>0xcc00</run_address>
         <size>0x40</size>
         <input_file_ref idref="fl-32"/>
      </object_component>
      <object_component id="oc-4a">
         <name>.bios</name>
         <load_address>0xcc40</load_address>
         <run_address>0xcc40</run_address>
         <size>0x20</size>
         <input_file_ref idref="fl-18"/>
      </object_component>
      <object_component id="oc-103">
         <name>.bios</name>
         <load_address>0xcc60</load_address>
         <run_address>0xcc60</run_address>
         <size>0x20</size>
         <input_file_ref idref="fl-37"/>
      </object_component>
      <object_component id="oc-b9">
         <name>.bios</name>
         <load_address>0xcc80</load_address>
         <run_address>0xcc80</run_address>
         <size>0x20</size>
         <input_file_ref idref="fl-26"/>
      </object_component>
      <object_component id="oc-14d">
         <name>.bios</name>
         <load_address>0xcca0</load_address>
         <run_address>0xcca0</run_address>
         <size>0x20</size>
         <input_file_ref idref="fl-48"/>
      </object_component>
      <object_component id="oc-49">
         <name>.bios</name>
         <load_address>0xccc0</load_address>
         <run_address>0xccc0</run_address>
         <size>0x20</size>
         <input_file_ref idref="fl-1c"/>
      </object_component>
      <object_component id="oc-48">
         <name>.bios</name>
         <load_address>0xcce0</load_address>
         <run_address>0xcce0</run_address>
         <size>0x20</size>
         <input_file_ref idref="fl-1e"/>
      </object_component>
      <object_component id="oc-141">
         <name>.pinit</name>
         <load_address>0x12de0</load_address>
         <run_address>0x12de0</run_address>
         <size>0x4</size>
         <input_file_ref idref="fl-45"/>
      </object_component>
      <object_component id="oc-14a">
         <name>.pinit</name>
         <load_address>0x12de4</load_address>
         <run_address>0x12de4</run_address>
         <size>0x4</size>
         <input_file_ref idref="fl-47"/>
      </object_component>
      <object_component id="oc-4f">
         <name>.sys</name>
         <uninitialized>true</uninitialized>
         <run_address>0x12dd0</run_address>
         <size>0x10</size>
         <input_file_ref idref="fl-2"/>
      </object_component>
      <object_component id="oc-1cd">
         <name>.text</name>
         <load_address>0xcd00</load_address>
         <run_address>0xcd00</run_address>
         <size>0x600</size>
         <input_file_ref idref="fl-4"/>
      </object_component>
      <object_component id="oc-1d8">
         <name>.text</name>
         <load_address>0xd300</load_address>
         <run_address>0xd300</run_address>
         <size>0x480</size>
         <input_file_ref idref="fl-35"/>
      </object_component>
      <object_component id="oc-1d9">
         <name>.text</name>
         <load_address>0xd780</load_address>
         <run_address>0xd780</run_address>
         <size>0x2e0</size>
         <input_file_ref idref="fl-33"/>
      </object_component>
      <object_component id="oc-1d5">
         <name>.text:_memcpy</name>
         <load_address>0xda60</load_address>
         <run_address>0xda60</run_address>
         <size>0x240</size>
         <input_file_ref idref="fl-62"/>
      </object_component>
      <object_component id="oc-1da">
         <name>.text:_IRQ_map</name>
         <load_address>0xdca0</load_address>
         <run_address>0xdca0</run_address>
         <size>0x1c0</size>
         <input_file_ref idref="fl-39"/>
      </object_component>
      <object_component id="oc-1ec">
         <name>.text:_MCBSP_reset</name>
         <load_address>0xde60</load_address>
         <run_address>0xde60</run_address>
         <size>0x1a0</size>
         <input_file_ref idref="fl-40"/>
      </object_component>
      <object_component id="oc-40">
         <name>.text</name>
         <load_address>0xe000</load_address>
         <run_address>0xe000</run_address>
         <size>0x180</size>
         <input_file_ref idref="fl-19"/>
      </object_component>
      <object_component id="oc-1e5">
         <name>.text</name>
         <load_address>0xe180</load_address>
         <run_address>0xe180</run_address>
         <size>0x180</size>
         <input_file_ref idref="fl-34"/>
      </object_component>
      <object_component id="oc-1ed">
         <name>.text:_call_dtors</name>
         <load_address>0xe300</load_address>
         <run_address>0xe300</run_address>
         <size>0x160</size>
         <input_file_ref idref="fl-5c"/>
      </object_component>
      <object_component id="oc-1e2">
         <name>.text:__strasgi</name>
         <load_address>0xe460</load_address>
         <run_address>0xe460</run_address>
         <size>0x140</size>
         <input_file_ref idref="fl-5a"/>
      </object_component>
      <object_component id="oc-1d7">
         <name>.text:_memset</name>
         <load_address>0xe5a0</load_address>
         <run_address>0xe5a0</run_address>
         <size>0x120</size>
         <input_file_ref idref="fl-63"/>
      </object_component>
      <object_component id="oc-1e3">
         <name>.text:_MCBSP_open</name>
         <load_address>0xe6c0</load_address>
         <run_address>0xe6c0</run_address>
         <size>0x100</size>
         <input_file_ref idref="fl-40"/>
      </object_component>
      <object_component id="oc-1e4">
         <name>.text:_MCBSP_start</name>
         <load_address>0xe7c0</load_address>
         <run_address>0xe7c0</run_address>
         <size>0x100</size>
         <input_file_ref idref="fl-40"/>
      </object_component>
      <object_component id="oc-1e0">
         <name>.text:_atexit</name>
         <load_address>0xe8c0</load_address>
         <run_address>0xe8c0</run_address>
         <size>0xe0</size>
         <input_file_ref idref="fl-5b"/>
      </object_component>
      <object_component id="oc-1db">
         <name>.text</name>
         <load_address>0xe9a0</load_address>
         <run_address>0xe9a0</run_address>
         <size>0xe0</size>
         <input_file_ref idref="fl-64"/>
      </object_component>
      <object_component id="oc-16c">
         <name>.text</name>
         <load_address>0xea80</load_address>
         <run_address>0xea80</run_address>
         <size>0xc0</size>
         <input_file_ref idref="fl-4f"/>
      </object_component>
      <object_component id="oc-1e6">
         <name>.text:_setMux</name>
         <load_address>0xeb40</load_address>
         <run_address>0xeb40</run_address>
         <size>0xa0</size>
         <input_file_ref idref="fl-39"/>
      </object_component>
      <object_component id="oc-1eb">
         <name>.text:___add_dtor</name>
         <load_address>0xebe0</load_address>
         <run_address>0xebe0</run_address>
         <size>0x40</size>
         <input_file_ref idref="fl-5c"/>
      </object_component>
      <object_component id="oc-1d6">
         <name>.text:__nop</name>
         <load_address>0xec20</load_address>
         <run_address>0xec20</run_address>
         <size>0x20</size>
         <input_file_ref idref="fl-59"/>
      </object_component>
      <object_component id="oc-1d3">
         <name>.text:__register_lock</name>
         <load_address>0xec40</load_address>
         <run_address>0xec40</run_address>
         <size>0x20</size>
         <input_file_ref idref="fl-59"/>
      </object_component>
      <object_component id="oc-1d4">
         <name>.text:__register_unlock</name>
         <load_address>0xec60</load_address>
         <run_address>0xec60</run_address>
         <size>0x20</size>
         <input_file_ref idref="fl-59"/>
      </object_component>
      <object_component id="oc-10b">
         <name>.text</name>
         <load_address>0xec80</load_address>
         <run_address>0xec80</run_address>
         <size>0x20</size>
         <input_file_ref idref="fl-39"/>
      </object_component>
      <object_component id="oc-4d">
         <name>.cinit</name>
         <load_address>0xeca0</load_address>
         <run_address>0xeca0</run_address>
         <size>0x5ac</size>
         <input_file_ref idref="fl-2"/>
      </object_component>
      <object_component id="oc-71">
         <name>.cinit</name>
         <load_address>0xf250</load_address>
         <run_address>0xf250</run_address>
         <size>0x26c</size>
         <input_file_ref idref="fl-13"/>
      </object_component>
      <object_component id="oc-113">
         <name>.cinit</name>
         <load_address>0xf4c0</load_address>
         <run_address>0xf4c0</run_address>
         <size>0x1a4</size>
         <input_file_ref idref="fl-3a"/>
      </object_component>
      <object_component id="oc-10c">
         <name>.cinit</name>
         <load_address>0xf668</load_address>
         <run_address>0xf668</run_address>
         <size>0x12c</size>
         <input_file_ref idref="fl-39"/>
      </object_component>
      <object_component id="oc-68">
         <name>.cinit</name>
         <load_address>0xf798</load_address>
         <run_address>0xf798</run_address>
         <size>0xd0</size>
         <input_file_ref idref="fl-4"/>
      </object_component>
      <object_component id="oc-80">
         <name>.cinit</name>
         <load_address>0xf868</load_address>
         <run_address>0xf868</run_address>
         <size>0xb0</size>
         <input_file_ref idref="fl-17"/>
      </object_component>
      <object_component id="oc-153">
         <name>.cinit</name>
         <load_address>0xf918</load_address>
         <run_address>0xf918</run_address>
         <size>0x80</size>
         <input_file_ref idref="fl-49"/>
      </object_component>
      <object_component id="oc-16e">
         <name>.cinit</name>
         <load_address>0xf998</load_address>
         <run_address>0xf998</run_address>
         <size>0x60</size>
         <input_file_ref idref="fl-4f"/>
      </object_component>
      <object_component id="oc-7a">
         <name>.cinit</name>
         <load_address>0xf9f8</load_address>
         <run_address>0xf9f8</run_address>
         <size>0x5c</size>
         <input_file_ref idref="fl-16"/>
      </object_component>
      <object_component id="oc-12a">
         <name>.cinit</name>
         <load_address>0xfa58</load_address>
         <run_address>0xfa58</run_address>
         <size>0x54</size>
         <input_file_ref idref="fl-40"/>
      </object_component>
      <object_component id="oc-ce">
         <name>.cinit</name>
         <load_address>0xfab0</load_address>
         <run_address>0xfab0</run_address>
         <size>0x4c</size>
         <input_file_ref idref="fl-2b"/>
      </object_component>
      <object_component id="oc-13f">
         <name>.cinit</name>
         <load_address>0xfb00</load_address>
         <run_address>0xfb00</run_address>
         <size>0x4c</size>
         <input_file_ref idref="fl-45"/>
      </object_component>
      <object_component id="oc-ae">
         <name>.cinit</name>
         <load_address>0xfb50</load_address>
         <run_address>0xfb50</run_address>
         <size>0x34</size>
         <input_file_ref idref="fl-23"/>
      </object_component>
      <object_component id="oc-f4">
         <name>.cinit</name>
         <load_address>0xfb88</load_address>
         <run_address>0xfb88</run_address>
         <size>0x30</size>
         <input_file_ref idref="fl-34"/>
      </object_component>
      <object_component id="oc-98">
         <name>.cinit</name>
         <load_address>0xfbb8</load_address>
         <run_address>0xfbb8</run_address>
         <size>0x2c</size>
         <input_file_ref idref="fl-1d"/>
      </object_component>
      <object_component id="oc-1ad">
         <name>.cinit</name>
         <load_address>0xfbe8</load_address>
         <run_address>0xfbe8</run_address>
         <size>0x2c</size>
         <input_file_ref idref="fl-5d"/>
      </object_component>
      <object_component id="oc-135">
         <name>.cinit</name>
         <load_address>0xfc18</load_address>
         <run_address>0xfc18</run_address>
         <size>0x24</size>
         <input_file_ref idref="fl-43"/>
      </object_component>
      <object_component id="oc-161">
         <name>.cinit</name>
         <load_address>0xfc40</load_address>
         <run_address>0xfc40</run_address>
         <size>0x1c</size>
         <input_file_ref idref="fl-4c"/>
      </object_component>
      <object_component id="oc-19b">
         <name>.cinit</name>
         <load_address>0xfc60</load_address>
         <run_address>0xfc60</run_address>
         <size>0x1c</size>
         <input_file_ref idref="fl-59"/>
      </object_component>
      <object_component id="oc-1a3">
         <name>.cinit</name>
         <load_address>0xfc80</load_address>
         <run_address>0xfc80</run_address>
         <size>0x1c</size>
         <input_file_ref idref="fl-5b"/>
      </object_component>
      <object_component id="oc-8b">
         <name>.cinit</name>
         <load_address>0xfca0</load_address>
         <run_address>0xfca0</run_address>
         <size>0x18</size>
         <input_file_ref idref="fl-1a"/>
      </object_component>
      <object_component id="oc-18e">
         <name>.cinit</name>
         <load_address>0xfcb8</load_address>
         <run_address>0xfcb8</run_address>
         <size>0xc</size>
         <input_file_ref idref="fl-56"/>
      </object_component>
      <object_component id="oc-b0">
         <name>.cinit</name>
         <load_address>0xfcc8</load_address>
         <run_address>0xfcc8</run_address>
         <size>0xc</size>
         <input_file_ref idref="fl-24"/>
      </object_component>
      <object_component id="oc-bd">
         <name>.cinit</name>
         <load_address>0xfcd8</load_address>
         <run_address>0xfcd8</run_address>
         <size>0xc</size>
         <input_file_ref idref="fl-27"/>
      </object_component>
      <object_component id="oc-1a8">
         <name>.cinit</name>
         <load_address>0xfce8</load_address>
         <run_address>0xfce8</run_address>
         <size>0xc</size>
         <input_file_ref idref="fl-5c"/>
      </object_component>
      <object_component id="oc-1dd">
         <name>.switch</name>
         <load_address>0x12d60</load_address>
         <run_address>0x12d60</run_address>
         <size>0x28</size>
         <input_file_ref idref="fl-47"/>
      </object_component>
      <object_component id="oc-4b">
         <name>.gblinit</name>
         <load_address>0x129bc</load_address>
         <run_address>0x129bc</run_address>
         <size>0x40</size>
         <input_file_ref idref="fl-2"/>
      </object_component>
      <object_component id="oc-5f">
         <name>.sysinit</name>
         <load_address>0x11160</load_address>
         <run_address>0x11160</run_address>
         <size>0x2e0</size>
         <input_file_ref idref="fl-2"/>
      </object_component>
      <object_component id="oc-131">
         <name>.sysinit</name>
         <load_address>0x11440</load_address>
         <run_address>0x11440</run_address>
         <size>0xe0</size>
         <input_file_ref idref="fl-42"/>
      </object_component>
      <object_component id="oc-41">
         <name>.sysinit</name>
         <load_address>0x11520</load_address>
         <run_address>0x11520</run_address>
         <size>0xc0</size>
         <input_file_ref idref="fl-21"/>
      </object_component>
      <object_component id="oc-165">
         <name>.sysinit</name>
         <load_address>0x115e0</load_address>
         <run_address>0x115e0</run_address>
         <size>0x80</size>
         <input_file_ref idref="fl-4d"/>
      </object_component>
      <object_component id="oc-137">
         <name>.sysinit</name>
         <load_address>0x11660</load_address>
         <run_address>0x11660</run_address>
         <size>0x20</size>
         <input_file_ref idref="fl-43"/>
      </object_component>
      <object_component id="oc-ac">
         <name>.trcdata</name>
         <load_address>0x12dec</load_address>
         <run_address>0x12dec</run_address>
         <size>0xc</size>
         <input_file_ref idref="fl-22"/>
      </object_component>
      <object_component id="oc-4e">
         <name>.rtdx_data</name>
         <uninitialized>true</uninitialized>
         <run_address>0x11680</run_address>
         <size>0x410</size>
         <input_file_ref idref="fl-2"/>
      </object_component>
      <object_component id="oc-140">
         <name>.rtdx_data</name>
         <uninitialized>true</uninitialized>
         <run_address>0x11a90</run_address>
         <size>0x20</size>
         <input_file_ref idref="fl-45"/>
      </object_component>
      <object_component id="oc-149">
         <name>.rtdx_data</name>
         <uninitialized>true</uninitialized>
         <run_address>0x11ab0</run_address>
         <size>0x1c</size>
         <input_file_ref idref="fl-47"/>
      </object_component>
      <object_component id="oc-1ce">
         <name>.rtdx_text:_RTDX_Poll</name>
         <load_address>0xfd00</load_address>
         <run_address>0xfd00</run_address>
         <size>0x400</size>
         <input_file_ref idref="fl-47"/>
      </object_component>
      <object_component id="oc-1df">
         <name>.rtdx_text:_RTDX_Buffer_WriteCB</name>
         <load_address>0x10100</load_address>
         <run_address>0x10100</run_address>
         <size>0x340</size>
         <input_file_ref idref="fl-45"/>
      </object_component>
      <object_component id="oc-1e9">
         <name>.rtdx_text:_RTDX_write_next</name>
         <load_address>0x10440</load_address>
         <run_address>0x10440</run_address>
         <size>0x300</size>
         <input_file_ref idref="fl-45"/>
      </object_component>
      <object_component id="oc-1ea">
         <name>.rtdx_text:_RTDX_Mon_Queue</name>
         <load_address>0x10740</load_address>
         <run_address>0x10740</run_address>
         <size>0x140</size>
         <input_file_ref idref="fl-47"/>
      </object_component>
      <object_component id="oc-1e8">
         <name>.rtdx_text:_claim</name>
         <load_address>0x10880</load_address>
         <run_address>0x10880</run_address>
         <size>0xe0</size>
         <input_file_ref idref="fl-45"/>
      </object_component>
      <object_component id="oc-1d2">
         <name>.rtdx_text:_RTDX_Init_RT_Monitor</name>
         <load_address>0x10960</load_address>
         <run_address>0x10960</run_address>
         <size>0x80</size>
         <input_file_ref idref="fl-47"/>
      </object_component>
      <object_component id="oc-1d1">
         <name>.rtdx_text:_RTDX_Buffer_Initialize</name>
         <load_address>0x109e0</load_address>
         <run_address>0x109e0</run_address>
         <size>0x60</size>
         <input_file_ref idref="fl-45"/>
      </object_component>
      <object_component id="oc-1de">
         <name>.rtdx_text:_RTDX_Buffer_ReadCB</name>
         <load_address>0x10a40</load_address>
         <run_address>0x10a40</run_address>
         <size>0x60</size>
         <input_file_ref idref="fl-44"/>
      </object_component>
      <object_component id="oc-1e7">
         <name>.rtdx_text:_RTDX_Buffer_Size</name>
         <load_address>0x10aa0</load_address>
         <run_address>0x10aa0</run_address>
         <size>0x40</size>
         <input_file_ref idref="fl-45"/>
      </object_component>
      <object_component id="oc-1e1">
         <name>.rtdx_text:_RTDX_Final_RT_Monitor</name>
         <load_address>0x10ae0</load_address>
         <run_address>0x10ae0</run_address>
         <size>0x40</size>
         <input_file_ref idref="fl-47"/>
      </object_component>
      <object_component id="oc-1cf">
         <name>.rtdx_text:_RTDX_Buffer_Read</name>
         <load_address>0x10b20</load_address>
         <run_address>0x10b20</run_address>
         <size>0x20</size>
         <input_file_ref idref="fl-44"/>
      </object_component>
      <object_component id="oc-1d0">
         <name>.rtdx_text:_RTDX_Buffer_Write</name>
         <load_address>0x10b40</load_address>
         <run_address>0x10b40</run_address>
         <size>0x20</size>
         <input_file_ref idref="fl-45"/>
      </object_component>
      <object_component id="oc-1dc">
         <name>.rtdx_text:_RTDX_checksum</name>
         <load_address>0x10b60</load_address>
         <run_address>0x10b60</run_address>
         <size>0x20</size>
         <input_file_ref idref="fl-47"/>
      </object_component>
      <object_component id="oc-145">
         <name>.rtdx_text</name>
         <load_address>0x10b80</load_address>
         <run_address>0x10b80</run_address>
         <size>0x20</size>
         <input_file_ref idref="fl-46"/>
      </object_component>
      <object_component id="oc-5a">
         <name>.TSK_idle$stk</name>
         <uninitialized>true</uninitialized>
         <run_address>0x11ad0</run_address>
         <size>0x400</size>
         <input_file_ref idref="fl-2"/>
      </object_component>
      <object_component id="oc-5d">
         <name>.LOG_system$buf</name>
         <uninitialized>true</uninitialized>
         <run_address>0x12a00</run_address>
         <size>0x100</size>
         <input_file_ref idref="fl-2"/>
      </object_component>
      <object_component id="oc-51">
         <name>.hst1</name>
         <uninitialized>true</uninitialized>
         <run_address>0x12da0</run_address>
         <size>0x10</size>
         <input_file_ref idref="fl-2"/>
      </object_component>
      <object_component id="oc-54">
         <name>.hst0</name>
         <uninitialized>true</uninitialized>
         <run_address>0x12b00</run_address>
         <size>0x100</size>
         <input_file_ref idref="fl-2"/>
      </object_component>
      <object_component id="oc-171">
         <name>.const</name>
         <load_address>0x12858</load_address>
         <run_address>0x12858</run_address>
         <size>0x4e</size>
         <input_file_ref idref="fl-4f"/>
      </object_component>
      <object_component id="oc-ef">
         <name>.const</name>
         <load_address>0x128a8</load_address>
         <run_address>0x128a8</run_address>
         <size>0x40</size>
         <input_file_ref idref="fl-33"/>
      </object_component>
      <object_component id="oc-90">
         <name>.const</name>
         <load_address>0x128e8</load_address>
         <run_address>0x128e8</run_address>
         <size>0x23</size>
         <input_file_ref idref="fl-1b"/>
      </object_component>
      <object_component id="oc-94">
         <name>.const</name>
         <load_address>0x1290b</load_address>
         <run_address>0x1290b</run_address>
         <size>0x22</size>
         <input_file_ref idref="fl-1c"/>
      </object_component>
      <object_component id="oc-fb">
         <name>.const</name>
         <load_address>0x12930</load_address>
         <run_address>0x12930</run_address>
         <size>0x20</size>
         <input_file_ref idref="fl-35"/>
      </object_component>
      <object_component id="oc-1b7">
         <name>.const</name>
         <load_address>0x12950</load_address>
         <run_address>0x12950</run_address>
         <size>0x4</size>
         <input_file_ref idref="fl-5f"/>
      </object_component>
      <object_component id="oc-1bc">
         <name>.const</name>
         <load_address>0x12954</load_address>
         <run_address>0x12954</run_address>
         <size>0x4</size>
         <input_file_ref idref="fl-60"/>
      </object_component>
      <object_component id="oc-155">
         <name>.const</name>
         <load_address>0x12958</load_address>
         <run_address>0x12958</run_address>
         <size>0x1</size>
         <input_file_ref idref="fl-49"/>
      </object_component>
      <object_component id="oc-57">
         <name>.printf</name>
         <load_address>0x12959</load_address>
         <run_address>0x12959</run_address>
         <size>0x3f</size>
         <input_file_ref idref="fl-2"/>
      </object_component>
      <object_component id="oc-a8">
         <name>.args</name>
         <load_address>0xfcfc</load_address>
         <run_address>0xfcfc</run_address>
         <size>0x0</size>
         <input_file_ref idref="fl-21"/>
      </object_component>
      <object_component id="oc-32">
         <name>_SYS_PUTCBEG</name>
         <load_address>0x12654</load_address>
         <run_address>0x12654</run_address>
         <size>0x0</size>
      </object_component>
      <object_component id="oc-34">
         <name>_SYS_PUTCEND</name>
         <load_address>0x12854</load_address>
         <run_address>0x12854</run_address>
         <size>0x0</size>
      </object_component>
      <object_component id="oc-52">
         <name>.hst</name>
         <uninitialized>true</uninitialized>
         <run_address>0x12cc8</run_address>
         <size>0x3c</size>
         <input_file_ref idref="fl-2"/>
      </object_component>
      <object_component id="oc-5e">
         <name>.log</name>
         <load_address>0x12d88</load_address>
         <run_address>0x12d88</run_address>
         <size>0x18</size>
         <input_file_ref idref="fl-2"/>
      </object_component>
      <object_component id="oc-53">
         <name>.pip</name>
         <uninitialized>true</uninitialized>
         <run_address>0x12c00</run_address>
         <size>0xc8</size>
         <input_file_ref idref="fl-2"/>
      </object_component>
      <object_component id="oc-58">
         <name>.sts</name>
         <load_address>0x12d04</load_address>
         <run_address>0x12d04</run_address>
         <size>0x30</size>
         <input_file_ref idref="fl-2"/>
      </object_component>
      <object_component id="oc-3a">
         <name>GBL_stackbeg</name>
         <uninitialized>true</uninitialized>
         <run_address>0x11ed0</run_address>
         <size>0x0</size>
      </object_component>
      <object_component id="oc-a9">
         <name>.stack</name>
         <uninitialized>true</uninitialized>
         <run_address>0x11ed0</run_address>
         <size>0x0</size>
         <input_file_ref idref="fl-21"/>
      </object_component>
      <object_component id="oc-224">
         <name>.stack</name>
         <uninitialized>true</uninitialized>
         <run_address>0x11ed0</run_address>
         <size>0x0</size>
      </object_component>
      <object_component id="oc-61">
         <name>.debug_info</name>
         <load_address>0x0</load_address>
         <run_address>0x0</run_address>
         <size>0x33a</size>
         <input_file_ref idref="fl-2"/>
      </object_component>
      <object_component id="oc-64">
         <name>.debug_info</name>
         <load_address>0x33a</load_address>
         <run_address>0x33a</run_address>
         <size>0x5c7</size>
         <input_file_ref idref="fl-3"/>
      </object_component>
      <object_component id="oc-67">
         <name>.debug_info</name>
         <load_address>0x901</load_address>
         <run_address>0x901</run_address>
         <size>0xcf7</size>
         <input_file_ref idref="fl-4"/>
      </object_component>
      <object_component id="oc-6d">
         <name>.debug_info</name>
         <load_address>0x15f8</load_address>
         <run_address>0x15f8</run_address>
         <size>0xf8</size>
         <input_file_ref idref="fl-12"/>
      </object_component>
      <object_component id="oc-73">
         <name>.debug_info</name>
         <load_address>0x16f0</load_address>
         <run_address>0x16f0</run_address>
         <size>0xb9</size>
         <input_file_ref idref="fl-14"/>
      </object_component>
      <object_component id="oc-76">
         <name>.debug_info</name>
         <load_address>0x17a9</load_address>
         <run_address>0x17a9</run_address>
         <size>0xaf</size>
         <input_file_ref idref="fl-15"/>
      </object_component>
      <object_component id="oc-7c">
         <name>.debug_info</name>
         <load_address>0x1858</load_address>
         <run_address>0x1858</run_address>
         <size>0x1a5</size>
         <input_file_ref idref="fl-16"/>
      </object_component>
      <object_component id="oc-81">
         <name>.debug_info</name>
         <load_address>0x19fd</load_address>
         <run_address>0x19fd</run_address>
         <size>0x13c</size>
         <input_file_ref idref="fl-17"/>
      </object_component>
      <object_component id="oc-84">
         <name>.debug_info</name>
         <load_address>0x1b39</load_address>
         <run_address>0x1b39</run_address>
         <size>0x607</size>
         <input_file_ref idref="fl-18"/>
      </object_component>
      <object_component id="oc-87">
         <name>.debug_info</name>
         <load_address>0x2140</load_address>
         <run_address>0x2140</run_address>
         <size>0x6f0</size>
         <input_file_ref idref="fl-19"/>
      </object_component>
      <object_component id="oc-8a">
         <name>.debug_info</name>
         <load_address>0x2830</load_address>
         <run_address>0x2830</run_address>
         <size>0xf1f</size>
         <input_file_ref idref="fl-1a"/>
      </object_component>
      <object_component id="oc-8f">
         <name>.debug_info</name>
         <load_address>0x374f</load_address>
         <run_address>0x374f</run_address>
         <size>0x7fd</size>
         <input_file_ref idref="fl-1b"/>
      </object_component>
      <object_component id="oc-93">
         <name>.debug_info</name>
         <load_address>0x3f4c</load_address>
         <run_address>0x3f4c</run_address>
         <size>0x7ea</size>
         <input_file_ref idref="fl-1c"/>
      </object_component>
      <object_component id="oc-97">
         <name>.debug_info</name>
         <load_address>0x4736</load_address>
         <run_address>0x4736</run_address>
         <size>0x6d9</size>
         <input_file_ref idref="fl-1d"/>
      </object_component>
      <object_component id="oc-9c">
         <name>.debug_info</name>
         <load_address>0x4e0f</load_address>
         <run_address>0x4e0f</run_address>
         <size>0x690</size>
         <input_file_ref idref="fl-1e"/>
      </object_component>
      <object_component id="oc-a0">
         <name>.debug_info</name>
         <load_address>0x549f</load_address>
         <run_address>0x549f</run_address>
         <size>0x112</size>
         <input_file_ref idref="fl-1f"/>
      </object_component>
      <object_component id="oc-a4">
         <name>.debug_info</name>
         <load_address>0x55b1</load_address>
         <run_address>0x55b1</run_address>
         <size>0x106</size>
         <input_file_ref idref="fl-20"/>
      </object_component>
      <object_component id="oc-a7">
         <name>.debug_info</name>
         <load_address>0x56b7</load_address>
         <run_address>0x56b7</run_address>
         <size>0x65a</size>
         <input_file_ref idref="fl-21"/>
      </object_component>
      <object_component id="oc-b2">
         <name>.debug_info</name>
         <load_address>0x5d11</load_address>
         <run_address>0x5d11</run_address>
         <size>0xaf</size>
         <input_file_ref idref="fl-24"/>
      </object_component>
      <object_component id="oc-b6">
         <name>.debug_info</name>
         <load_address>0x5dc0</load_address>
         <run_address>0x5dc0</run_address>
         <size>0xb8</size>
         <input_file_ref idref="fl-25"/>
      </object_component>
      <object_component id="oc-ba">
         <name>.debug_info</name>
         <load_address>0x5e78</load_address>
         <run_address>0x5e78</run_address>
         <size>0xaa</size>
         <input_file_ref idref="fl-26"/>
      </object_component>
      <object_component id="oc-bf">
         <name>.debug_info</name>
         <load_address>0x5f22</load_address>
         <run_address>0x5f22</run_address>
         <size>0x11b</size>
         <input_file_ref idref="fl-27"/>
      </object_component>
      <object_component id="oc-c3">
         <name>.debug_info</name>
         <load_address>0x603d</load_address>
         <run_address>0x603d</run_address>
         <size>0xaa</size>
         <input_file_ref idref="fl-28"/>
      </object_component>
      <object_component id="oc-c7">
         <name>.debug_info</name>
         <load_address>0x60e7</load_address>
         <run_address>0x60e7</run_address>
         <size>0x10c</size>
         <input_file_ref idref="fl-29"/>
      </object_component>
      <object_component id="oc-cb">
         <name>.debug_info</name>
         <load_address>0x61f3</load_address>
         <run_address>0x61f3</run_address>
         <size>0xd8</size>
         <input_file_ref idref="fl-2a"/>
      </object_component>
      <object_component id="oc-d0">
         <name>.debug_info</name>
         <load_address>0x62cb</load_address>
         <run_address>0x62cb</run_address>
         <size>0x1c2</size>
         <input_file_ref idref="fl-2b"/>
      </object_component>
      <object_component id="oc-d4">
         <name>.debug_info</name>
         <load_address>0x648d</load_address>
         <run_address>0x648d</run_address>
         <size>0xdb</size>
         <input_file_ref idref="fl-2c"/>
      </object_component>
      <object_component id="oc-d8">
         <name>.debug_info</name>
         <load_address>0x6568</load_address>
         <run_address>0x6568</run_address>
         <size>0x106</size>
         <input_file_ref idref="fl-2d"/>
      </object_component>
      <object_component id="oc-dc">
         <name>.debug_info</name>
         <load_address>0x666e</load_address>
         <run_address>0x666e</run_address>
         <size>0x60b</size>
         <input_file_ref idref="fl-2e"/>
      </object_component>
      <object_component id="oc-df">
         <name>.debug_info</name>
         <load_address>0x6c79</load_address>
         <run_address>0x6c79</run_address>
         <size>0x5e5</size>
         <input_file_ref idref="fl-2f"/>
      </object_component>
      <object_component id="oc-e2">
         <name>.debug_info</name>
         <load_address>0x725e</load_address>
         <run_address>0x725e</run_address>
         <size>0xb7</size>
         <input_file_ref idref="fl-30"/>
      </object_component>
      <object_component id="oc-e6">
         <name>.debug_info</name>
         <load_address>0x7315</load_address>
         <run_address>0x7315</run_address>
         <size>0xb4</size>
         <input_file_ref idref="fl-31"/>
      </object_component>
      <object_component id="oc-ea">
         <name>.debug_info</name>
         <load_address>0x73c9</load_address>
         <run_address>0x73c9</run_address>
         <size>0xb1</size>
         <input_file_ref idref="fl-32"/>
      </object_component>
      <object_component id="oc-ee">
         <name>.debug_info</name>
         <load_address>0x747a</load_address>
         <run_address>0x747a</run_address>
         <size>0xf57</size>
         <input_file_ref idref="fl-33"/>
      </object_component>
      <object_component id="oc-f3">
         <name>.debug_info</name>
         <load_address>0x83d1</load_address>
         <run_address>0x83d1</run_address>
         <size>0x1095</size>
         <input_file_ref idref="fl-34"/>
      </object_component>
      <object_component id="oc-fa">
         <name>.debug_info</name>
         <load_address>0x9466</load_address>
         <run_address>0x9466</run_address>
         <size>0x117f</size>
         <input_file_ref idref="fl-35"/>
      </object_component>
      <object_component id="oc-ff">
         <name>.debug_info</name>
         <load_address>0xa5e5</load_address>
         <run_address>0xa5e5</run_address>
         <size>0x7ee</size>
         <input_file_ref idref="fl-36"/>
      </object_component>
      <object_component id="oc-104">
         <name>.debug_info</name>
         <load_address>0xadd3</load_address>
         <run_address>0xadd3</run_address>
         <size>0xb9</size>
         <input_file_ref idref="fl-37"/>
      </object_component>
      <object_component id="oc-108">
         <name>.debug_info</name>
         <load_address>0xae8c</load_address>
         <run_address>0xae8c</run_address>
         <size>0x116</size>
         <input_file_ref idref="fl-38"/>
      </object_component>
      <object_component id="oc-10f">
         <name>.debug_info</name>
         <load_address>0xafa2</load_address>
         <run_address>0xafa2</run_address>
         <size>0x9df</size>
         <input_file_ref idref="fl-39"/>
      </object_component>
      <object_component id="oc-112">
         <name>.debug_info</name>
         <load_address>0xb981</load_address>
         <run_address>0xb981</run_address>
         <size>0xbd9</size>
         <input_file_ref idref="fl-3a"/>
      </object_component>
      <object_component id="oc-116">
         <name>.debug_info</name>
         <load_address>0xc55a</load_address>
         <run_address>0xc55a</run_address>
         <size>0xbb1</size>
         <input_file_ref idref="fl-3b"/>
      </object_component>
      <object_component id="oc-11b">
         <name>.debug_info</name>
         <load_address>0xd10b</load_address>
         <run_address>0xd10b</run_address>
         <size>0x109</size>
         <input_file_ref idref="fl-3c"/>
      </object_component>
      <object_component id="oc-11e">
         <name>.debug_info</name>
         <load_address>0xd214</load_address>
         <run_address>0xd214</run_address>
         <size>0x8c8</size>
         <input_file_ref idref="fl-3d"/>
      </object_component>
      <object_component id="oc-122">
         <name>.debug_info</name>
         <load_address>0xdadc</load_address>
         <run_address>0xdadc</run_address>
         <size>0x981</size>
         <input_file_ref idref="fl-3e"/>
      </object_component>
      <object_component id="oc-126">
         <name>.debug_info</name>
         <load_address>0xe45d</load_address>
         <run_address>0xe45d</run_address>
         <size>0xe4a</size>
         <input_file_ref idref="fl-3f"/>
      </object_component>
      <object_component id="oc-12d">
         <name>.debug_info</name>
         <load_address>0xf2a7</load_address>
         <run_address>0xf2a7</run_address>
         <size>0xac3</size>
         <input_file_ref idref="fl-40"/>
      </object_component>
      <object_component id="oc-130">
         <name>.debug_info</name>
         <load_address>0xfd6a</load_address>
         <run_address>0xfd6a</run_address>
         <size>0x7cc</size>
         <input_file_ref idref="fl-42"/>
      </object_component>
      <object_component id="oc-134">
         <name>.debug_info</name>
         <load_address>0x10536</load_address>
         <run_address>0x10536</run_address>
         <size>0x6b8</size>
         <input_file_ref idref="fl-43"/>
      </object_component>
      <object_component id="oc-13a">
         <name>.debug_info</name>
         <load_address>0x10bee</load_address>
         <run_address>0x10bee</run_address>
         <size>0xa7f</size>
         <input_file_ref idref="fl-44"/>
      </object_component>
      <object_component id="oc-13e">
         <name>.debug_info</name>
         <load_address>0x1166d</load_address>
         <run_address>0x1166d</run_address>
         <size>0x1201</size>
         <input_file_ref idref="fl-45"/>
      </object_component>
      <object_component id="oc-144">
         <name>.debug_info</name>
         <load_address>0x1286e</load_address>
         <run_address>0x1286e</run_address>
         <size>0x5c1</size>
         <input_file_ref idref="fl-46"/>
      </object_component>
      <object_component id="oc-148">
         <name>.debug_info</name>
         <load_address>0x12e2f</load_address>
         <run_address>0x12e2f</run_address>
         <size>0xc80</size>
         <input_file_ref idref="fl-47"/>
      </object_component>
      <object_component id="oc-14e">
         <name>.debug_info</name>
         <load_address>0x13aaf</load_address>
         <run_address>0x13aaf</run_address>
         <size>0xaa</size>
         <input_file_ref idref="fl-48"/>
[...]
      </symbol>
      <symbol id="sm-4c4">
         <name>_DSK6713_wait</name>
         <value>0xd300</value>
         <object_component_ref idref="oc-1d8"/>
      </symbol>
      <symbol id="sm-4ce">
         <name>_GBL_cslCacheInit</name>
         <value>0xbe60</value>
         <object_component_ref idref="oc-100"/>
      </symbol>
      <symbol id="sm-4d6">
         <name>GBL_A_VERSION</name>
         <value>0x5205</value>
      </symbol>
      <symbol id="sm-4d7">
         <name>_GBL_getVersion</name>
         <value>0xcc60</value>
         <object_component_ref idref="oc-103"/>
      </symbol>
      <symbol id="sm-4df">
         <name>_HWI_restore</name>
         <value>0xc98c</value>
         <object_component_ref idref="oc-107"/>
      </symbol>
      <symbol id="sm-4e0">
         <name>_HWI_enable</name>
         <value>0xc978</value>
         <object_component_ref idref="oc-107"/>
      </symbol>
      <symbol id="sm-4e1">
         <name>_HWI_disable</name>
         <value>0xc960</value>
         <object_component_ref idref="oc-107"/>
      </symbol>
      <symbol id="sm-4f3">
         <name>__IRQ_eventTable</name>
         <value>0x10d50</value>
         <object_component_ref idref="oc-10d"/>
      </symbol>
      <symbol id="sm-4f4">
         <name>__IRQ_intTable</name>
         <value>0x10dd4</value>
         <object_component_ref idref="oc-10d"/>
      </symbol>
      <symbol id="sm-4f5">
         <name>_IRQ_map</name>
         <value>0xdca0</value>
         <object_component_ref idref="oc-1da"/>
      </symbol>
      <symbol id="sm-4f6">
         <name>__IRQ_dispatchTable</name>
         <value>0x10e14</value>
         <object_component_ref idref="oc-10d"/>
      </symbol>
      <symbol id="sm-4f7">
         <name>__IRQ_hookFetchPacket</name>
         <value>0xec80</value>
         <object_component_ref idref="oc-10b"/>
      </symbol>
      <symbol id="sm-503">
         <name>_KNL_maxqueue</name>
         <value>0x12568</value>
         <object_component_ref idref="oc-111"/>
      </symbol>
      <symbol id="sm-504">
         <name>_KNL_inactive</name>
         <value>0x12548</value>
         <object_component_ref idref="oc-111"/>
      </symbol>
      <symbol id="sm-505">
         <name>_KNL_tswitchfxn</name>
         <value>0x1256c</value>
         <object_component_ref idref="oc-111"/>
      </symbol>
      <symbol id="sm-506">
         <name>_KNL_setpri</name>
         <value>0x12544</value>
         <object_component_ref idref="oc-111"/>
      </symbol>
      <symbol id="sm-507">
         <name>_KNL_swiptr</name>
         <value>0x12560</value>
         <object_component_ref idref="oc-111"/>
      </symbol>
      <symbol id="sm-508">
         <name>_KNL_dummy</name>
         <value>0x10ebc</value>
         <object_component_ref idref="oc-114"/>
      </symbol>
      <symbol id="sm-509">
         <name>_KNL_curtask</name>
         <value>0x12554</value>
         <object_component_ref idref="oc-111"/>
      </symbol>
      <symbol id="sm-50a">
         <name>_KNL_curqueue</name>
         <value>0x12564</value>
         <object_component_ref idref="oc-111"/>
      </symbol>
      <symbol id="sm-50b">
         <name>_KNL_wList</name>
         <value>0x1253c</value>
         <object_component_ref idref="oc-111"/>
      </symbol>
      <symbol id="sm-50c">
         <name>_KNL_curtime</name>
         <value>0x1255c</value>
         <object_component_ref idref="oc-111"/>
      </symbol>
      <symbol id="sm-50d">
         <name>_KNL_set</name>
         <value>0x12550</value>
         <object_component_ref idref="oc-111"/>
      </symbol>
      <symbol id="sm-50e">
         <name>_KNL_alarm</name>
         <value>0x12540</value>
         <object_component_ref idref="oc-111"/>
      </symbol>
      <symbol id="sm-50f">
         <name>_KNL_prevtask</name>
         <value>0x12558</value>
         <object_component_ref idref="oc-111"/>
      </symbol>
      <symbol id="sm-510">
         <name>_KNL_queues</name>
         <value>0x10e1c</value>
         <object_component_ref idref="oc-114"/>
      </symbol>
      <symbol id="sm-511">
         <name>_KNL_idlefxn</name>
         <value>0x1257c</value>
         <object_component_ref idref="oc-111"/>
      </symbol>
      <symbol id="sm-512">
         <name>_KNL_priority</name>
         <value>0x1254c</value>
         <object_component_ref idref="oc-111"/>
      </symbol>
      <symbol id="sm-513">
         <name>_KNL_treadyfxn</name>
         <value>0x12578</value>
         <object_component_ref idref="oc-111"/>
      </symbol>
      <symbol id="sm-514">
         <name>_KNL_tcreatefxn</name>
         <value>0x12570</value>
         <object_component_ref idref="oc-111"/>
      </symbol>
      <symbol id="sm-515">
         <name>_KNL_wFlag</name>
         <value>0x12538</value>
         <object_component_ref idref="oc-111"/>
      </symbol>
      <symbol id="sm-516">
         <name>_KNL_tdeletefxn</name>
         <value>0x12574</value>
         <object_component_ref idref="oc-111"/>
      </symbol>
      <symbol id="sm-520">
         <name>_KNL_exit</name>
         <value>0xbf40</value>
         <object_component_ref idref="oc-117"/>
      </symbol>
      <symbol id="sm-521">
         <name>_KNL_enter</name>
         <value>0xbf94</value>
         <object_component_ref idref="oc-117"/>
      </symbol>
      <symbol id="sm-529">
         <name>__KNL_lat1beg</name>
         <value>0xbd70</value>
         <object_component_ref idref="oc-11a"/>
      </symbol>
      <symbol id="sm-52a">
         <name>__KNL_lat1end</name>
         <value>0xbdf8</value>
         <object_component_ref idref="oc-11a"/>
      </symbol>
      <symbol id="sm-52b">
         <name>_KNL_max</name>
         <value>0xbe1c</value>
         <object_component_ref idref="oc-11a"/>
      </symbol>
      <symbol id="sm-52c">
         <name>_KNL_check</name>
         <value>0xbd20</value>
         <object_component_ref idref="oc-11a"/>
      </symbol>
      <symbol id="sm-52d">
         <name>_KNL_idle</name>
         <value>0xbdf8</value>
         <object_component_ref idref="oc-11a"/>
      </symbol>
      <symbol id="sm-537">
         <name>_KNL_post</name>
         <value>0xc380</value>
         <object_component_ref idref="oc-11f"/>
      </symbol>
      <symbol id="sm-541">
         <name>_KNL_ipost</name>
         <value>0xc2c0</value>
         <object_component_ref idref="oc-123"/>
      </symbol>
      <symbol id="sm-54b">
         <name>_KNL_run</name>
         <value>0x9f00</value>
         <object_component_ref idref="oc-127"/>
      </symbol>
      <symbol id="sm-55d">
         <name>_MCBSP_reset</name>
         <value>0xde60</value>
         <object_component_ref idref="oc-1ec"/>
      </symbol>
      <symbol id="sm-55e">
         <name>_MCBSP_open</name>
         <value>0xe6c0</value>
         <object_component_ref idref="oc-1e3"/>
      </symbol>
      <symbol id="sm-55f">
         <name>__MCBSP_hDev0</name>
         <value>0x110e0</value>
         <object_component_ref idref="oc-12b"/>
      </symbol>
      <symbol id="sm-560">
         <name>__MCBSP_hDev1</name>
         <value>0x110e4</value>
         <object_component_ref idref="oc-12b"/>
      </symbol>
      <symbol id="sm-561">
         <name>_MCBSP_start</name>
         <value>0xe7c0</value>
         <object_component_ref idref="oc-1e4"/>
      </symbol>
      <symbol id="sm-565">
         <name>_MEM</name>
         <value>0x1264c</value>
         <object_component_ref idref="oc-12f"/>
      </symbol>
      <symbol id="sm-56f">
         <name>_MEM_init</name>
         <value>0x11440</value>
         <object_component_ref idref="oc-131"/>
      </symbol>
      <symbol id="sm-57d">
         <name>_OBJ_table</name>
         <value>0x1100c</value>
         <object_component_ref idref="oc-136"/>
      </symbol>
      <symbol id="sm-57e">
         <name>_OBJ_init</name>
         <value>0x11660</value>
         <object_component_ref idref="oc-137"/>
      </symbol>
      <symbol id="sm-57f">
         <name>_OBJ_segtab</name>
         <value>0x11044</value>
         <object_component_ref idref="oc-136"/>
      </symbol>
      <symbol id="sm-58b">
         <name>_RTDX_Buffer_ReadCB</name>
         <value>0x10a40</value>
         <object_component_ref idref="oc-1de"/>
      </symbol>
      <symbol id="sm-58c">
         <name>RTDX_NORMALIZED_HDR</name>
         <value>0x1</value>
      </symbol>
      <symbol id="sm-58d">
         <name>_RTDX_Buffer_Read</name>
         <value>0x10b20</value>
         <object_component_ref idref="oc-1cf"/>
      </symbol>
      <symbol id="sm-5a9">
         <name>_rtdx_buffer_state</name>
         <value>0x11a90</value>
         <object_component_ref idref="oc-140"/>
      </symbol>
      <symbol id="sm-5aa">
         <name>_RTDX_Buffer_WriteCB</name>
         <value>0x10100</value>
         <object_component_ref idref="oc-1df"/>
      </symbol>
      <symbol id="sm-5ab">
         <name>_rtdxNullChanCnt</name>
         <value>0x12614</value>
         <object_component_ref idref="oc-13d"/>
      </symbol>
      <symbol id="sm-5ac">
         <name>_RTDX_writing</name>
         <value>0x11a9c</value>
         <object_component_ref idref="oc-140"/>
      </symbol>
      <symbol id="sm-5ad">
         <name>_RTDX_Buffer_Initialize</name>
         <value>0x109e0</value>
         <object_component_ref idref="oc-1d1"/>
      </symbol>
      <symbol id="sm-5ae">
         <name>_RTDX_Buffer_Write</name>
         <value>0x10b40</value>
         <object_component_ref idref="oc-1d0"/>
      </symbol>
      <symbol id="sm-5af">
         <name>_rtdxNullFuncCnt</name>
         <value>0x12618</value>
         <object_component_ref idref="oc-13d"/>
      </symbol>
      <symbol id="sm-5b0">
         <name>_RTDX_Buffer_Size</name>
         <value>0x10aa0</value>
         <object_component_ref idref="oc-1e7"/>
      </symbol>
      <symbol id="sm-5ba">
         <name>_RTDX_Mask_IER</name>
         <value>0x10b80</value>
         <object_component_ref idref="oc-145"/>
      </symbol>
      <symbol id="sm-5d2">
         <name>_RTDX_Mon_Queue</name>
         <value>0x10740</value>
         <object_component_ref idref="oc-1ea"/>
      </symbol>
      <symbol id="sm-5d3">
         <name>_rtdx_mon_state</name>
         <value>0x11ab0</value>
         <object_component_ref idref="oc-149"/>
      </symbol>
      <symbol id="sm-5d4">
         <name>_RTDX_JTAGONLY</name>
         <value>0x2</value>
      </symbol>
      <symbol id="sm-5d5">
         <name>_RTDX_Final_RT_Monitor</name>
         <value>0x10ae0</value>
         <object_component_ref idref="oc-1e1"/>
      </symbol>
      <symbol id="sm-5d6">
         <name>_RTDX_Poll</name>
         <value>0xfd00</value>
         <object_component_ref idref="oc-1ce"/>
      </symbol>
      <symbol id="sm-5d7">
         <name>_RTDX_Init_RT_Monitor</name>
         <value>0x10960</value>
         <object_component_ref idref="oc-1d2"/>
      </symbol>
      <symbol id="sm-5df">
         <name>_STS_set</name>
         <value>0xcca0</value>
         <object_component_ref idref="oc-14d"/>
      </symbol>
      <symbol id="sm-5ed">
         <name>_TSK_nTasks</name>
         <value>0x1261c</value>
         <object_component_ref idref="oc-151"/>
      </symbol>
      <symbol id="sm-5ee">
         <name>_TSK_config</name>
         <value>0x10fcc</value>
         <object_component_ref idref="oc-154"/>
      </symbol>
      <symbol id="sm-5ef">
         <name>_TSK</name>
         <value>0x12624</value>
         <object_component_ref idref="oc-151"/>
      </symbol>
      <symbol id="sm-5f0">
         <name>_TSK_timerSem</name>
         <value>0x10fec</value>
         <object_component_ref idref="oc-154"/>
      </symbol>
      <symbol id="sm-5f1">
         <name>_TSK_pid</name>
         <value>0x12620</value>
         <object_component_ref idref="oc-151"/>
      </symbol>
      <symbol id="sm-5f2">
         <name>_TSK_ATTRS</name>
         <value>0x10fb0</value>
         <object_component_ref idref="oc-154"/>
      </symbol>
      <symbol id="sm-5fc">
         <name>_TSK_exit</name>
         <value>0xb880</value>
         <object_component_ref idref="oc-158"/>
      </symbol>
      <symbol id="sm-606">
         <name>_SYS_exit</name>
         <value>0xc500</value>
         <object_component_ref idref="oc-15c"/>
      </symbol>
      <symbol id="sm-612">
         <name>_SYS_exitStack</name>
         <value>0x11110</value>
         <object_component_ref idref="oc-162"/>
      </symbol>
      <symbol id="sm-613">
         <name>_SYS_exitStackPtr</name>
         <value>0x12630</value>
         <object_component_ref idref="oc-15f"/>
      </symbol>
      <symbol id="sm-614">
         <name>_SYS_exitStackTop</name>
         <value>0x12634</value>
         <object_component_ref idref="oc-15f"/>
      </symbol>
      <symbol id="sm-61e">
         <name>_TSK_init</name>
         <value>0x115e0</value>
         <object_component_ref idref="oc-165"/>
      </symbol>
      <symbol id="sm-628">
         <name>_TSK_setup</name>
         <value>0xb300</value>
         <object_component_ref idref="oc-169"/>
      </symbol>
      <symbol id="sm-63a">
         <name>__MEM_mutex</name>
         <value>0x11088</value>
         <object_component_ref idref="oc-16f"/>
      </symbol>
      <symbol id="sm-63b">
         <name>_TSK_startup</name>
         <value>0xbc60</value>
         <object_component_ref idref="oc-170"/>
      </symbol>
      <symbol id="sm-63c">
         <name>__TSK_mutex</name>
         <value>0x11060</value>
         <object_component_ref idref="oc-16f"/>
      </symbol>
      <symbol id="sm-646">
         <name>_LCK_pend</name>
         <value>0xc470</value>
         <object_component_ref idref="oc-175"/>
      </symbol>
      <symbol id="sm-647">
         <name>_LCK_post</name>
         <value>0xc440</value>
         <object_component_ref idref="oc-175"/>
      </symbol>
      <symbol id="sm-64f">
         <name>_SEM_pend</name>
         <value>0xc9c0</value>
         <object_component_ref idref="oc-178"/>
      </symbol>
      <symbol id="sm-659">
         <name>_SEM_pendEnterKnl</name>
         <value>0xa480</value>
         <object_component_ref idref="oc-17d"/>
      </symbol>
      <symbol id="sm-661">
         <name>_SEM_postBinary</name>
         <value>0xc100</value>
         <object_component_ref idref="oc-180"/>
      </symbol>
      <symbol id="sm-662">
         <name>_SEM_post</name>
         <value>0xc100</value>
         <object_component_ref idref="oc-180"/>
      </symbol>
      <symbol id="sm-66c">
         <name>_SEM_postEnterKnl</name>
         <value>0xc020</value>
         <object_component_ref idref="oc-185"/>
      </symbol>
      <symbol id="sm-676">
         <name>_SYS_abort</name>
         <value>0xca20</value>
         <object_component_ref idref="oc-189"/>
      </symbol>
      <symbol id="sm-684">
         <name>__GBL_setL2CacheMode</name>
         <value>0x8c34</value>
         <object_component_ref idref="oc-18f"/>
      </symbol>
      <symbol id="sm-68e">
         <name>__SEM_dopost</name>
         <value>0xb0e0</value>
         <object_component_ref idref="oc-193"/>
      </symbol>
      <symbol id="sm-698">
         <name>__auto_init</name>
         <value>0xba20</value>
         <object_component_ref idref="oc-197"/>
      </symbol>
      <symbol id="sm-6aa">
         <name>__unlock</name>
         <value>0x1115c</value>
         <object_component_ref idref="oc-19c"/>
      </symbol>
      <symbol id="sm-6ab">
         <name>__lock</name>
         <value>0x11158</value>
         <object_component_ref idref="oc-19c"/>
      </symbol>
      <symbol id="sm-6ac">
         <name>__register_lock</name>
         <value>0xec40</value>
         <object_component_ref idref="oc-1d3"/>
      </symbol>
      <symbol id="sm-6ad">
         <name>__nop</name>
         <value>0xec20</value>
         <object_component_ref idref="oc-1d6"/>
      </symbol>
      <symbol id="sm-6ae">
         <name>__register_unlock</name>
         <value>0xec60</value>
         <object_component_ref idref="oc-1d4"/>
      </symbol>
      <symbol id="sm-6b6">
         <name>__c6xabi_strasgi</name>
         <value>0xe460</value>
         <object_component_ref idref="oc-1e2"/>
      </symbol>
      <symbol id="sm-6b7">
         <name>__strasgi</name>
         <value>0xe460</value>
         <object_component_ref idref="oc-1e2"/>
      </symbol>
      <symbol id="sm-6c5">
         <name>_atexit</name>
         <value>0xe8c0</value>
         <object_component_ref idref="oc-1e0"/>
      </symbol>
      <symbol id="sm-6c6">
         <name>___atexit_func_id__</name>
         <value>0x10ba0</value>
         <object_component_ref idref="oc-1a4"/>
      </symbol>
      <symbol id="sm-6d6">
         <name>_dtors</name>
         <value>0x10ef4</value>
         <object_component_ref idref="oc-1a9"/>
      </symbol>
      <symbol id="sm-6d7">
         <name>_call_dtors</name>
         <value>0xe300</value>
         <object_component_ref idref="oc-1ed"/>
      </symbol>
      <symbol id="sm-6d8">
         <name>___add_dtor</name>
         <value>0xebe0</value>
         <object_component_ref idref="oc-1eb"/>
      </symbol>
      <symbol id="sm-6e4">
         <name>___TI_enable_exit_profile_output</name>
         <value>0x11154</value>
         <object_component_ref idref="oc-1ae"/>
      </symbol>
      <symbol id="sm-6e5">
         <name>__cleanup_ptr</name>
         <value>0x1114c</value>
         <object_component_ref idref="oc-1ae"/>
      </symbol>
      <symbol id="sm-6e6">
         <name>__dtors_ptr</name>
         <value>0x11150</value>
         <object_component_ref idref="oc-1ae"/>
      </symbol>
      <symbol id="sm-6f0">
         <name>_memalign</name>
         <value>0x9974</value>
         <object_component_ref idref="oc-1b2"/>
      </symbol>
      <symbol id="sm-6f1">
         <name>_malloc</name>
         <value>0x97ac</value>
         <object_component_ref idref="oc-1b2"/>
      </symbol>
      <symbol id="sm-6f2">
         <name>_realloc</name>
         <value>0x9830</value>
         <object_component_ref idref="oc-1b2"/>
      </symbol>
      <symbol id="sm-6f3">
         <name>_free</name>
         <value>0x9780</value>
         <object_component_ref idref="oc-1b2"/>
      </symbol>
      <symbol id="sm-6f4">
         <name>_calloc</name>
         <value>0x9ac8</value>
         <object_component_ref idref="oc-1b2"/>
      </symbol>
      <symbol id="sm-700">
         <name>_MEM_alloc</name>
         <value>0xa740</value>
         <object_component_ref idref="oc-1b6"/>
      </symbol>
      <symbol id="sm-70c">
         <name>_MEM_free</name>
         <value>0xa9c0</value>
         <object_component_ref idref="oc-1bb"/>
      </symbol>
      <symbol id="sm-716">
         <name>_SYS_error</name>
         <value>0xc900</value>
         <object_component_ref idref="oc-1c0"/>
      </symbol>
      <symbol id="sm-720">
         <name>_memcpy</name>
         <value>0xda60</value>
         <object_component_ref idref="oc-1d5"/>
      </symbol>
      <symbol id="sm-72a">
         <name>_memset</name>
         <value>0xe5a0</value>
         <object_component_ref idref="oc-1d7"/>
      </symbol>
      <symbol id="sm-735">
         <name>_stereo_write_16Bit</name>
         <value>0xe9a0</value>
         <object_component_ref idref="oc-1db"/>
      </symbol>
      <symbol id="sm-736">
         <name>_mono_write_16Bit</name>
         <value>0xe9f4</value>
         <object_component_ref idref="oc-1db"/>
      </symbol>
      <symbol id="sm-737">
         <name>_mono_read_16Bit</name>
         <value>0xea1c</value>
         <object_component_ref idref="oc-1db"/>
      </symbol>
      <symbol id="sm-738">
         <name>_stereo_read_16Bit</name>
         <value>0xe9c8</value>
         <object_component_ref idref="oc-1db"/>
      </symbol>
   </symbol_table>
</link_info>
